[3.552s] Invoking command in '/home/icad/RYUGU-ROV-CompanionComputer/build/ryugu_control': PYTHONPATH=/home/icad/RYUGU-ROV-CompanionComputer/build/ryugu_control/prefix_override:/usr/lib/python3/dist-packages/colcon_core/task/python/colcon_distutils_commands:/home/icad/RYUGU-ROV-CompanionComputer/install/ryugu_control/lib/python3.10/site-packages:${PYTHONPATH} /usr/bin/python3 -W ignore:setup.py install is deprecated -W ignore:easy_install command is deprecated setup.py develop --editable --build-directory /home/icad/RYUGU-ROV-CompanionComputer/build/ryugu_control/build --no-deps symlink_data
[4.553s] running develop
[5.250s] running egg_info
[5.302s] writing ryugu_control.egg-info/PKG-INFO
[5.302s] writing dependency_links to ryugu_control.egg-info/dependency_links.txt
[5.303s] writing entry points to ryugu_control.egg-info/entry_points.txt
[5.303s] writing requirements to ryugu_control.egg-info/requires.txt
[5.303s] writing top-level names to ryugu_control.egg-info/top_level.txt
[5.414s] reading manifest file 'ryugu_control.egg-info/SOURCES.txt'
[5.418s] writing manifest file 'ryugu_control.egg-info/SOURCES.txt'
[5.475s] running build_ext
[5.477s] Creating /home/icad/RYUGU-ROV-CompanionComputer/install/ryugu_control/lib/python3.10/site-packages/ryugu-control.egg-link (link to .)
[5.480s] Installing gcs_bridge_node script to /home/icad/RYUGU-ROV-CompanionComputer/install/ryugu_control/lib/ryugu_control
[5.481s] Installing hook_detection_node script to /home/icad/RYUGU-ROV-CompanionComputer/install/ryugu_control/lib/ryugu_control
[5.484s] Installing qgc_signal_monitor script to /home/icad/RYUGU-ROV-CompanionComputer/install/ryugu_control/lib/ryugu_control
[5.485s] Installing ryugu_autonomy_node script to /home/icad/RYUGU-ROV-CompanionComputer/install/ryugu_control/lib/ryugu_control
[5.487s] Installing test_arming_mode script to /home/icad/RYUGU-ROV-CompanionComputer/install/ryugu_control/lib/ryugu_control
[5.488s] Installing test_sensor_reader script to /home/icad/RYUGU-ROV-CompanionComputer/install/ryugu_control/lib/ryugu_control
[5.491s] Installing test_thrusters_gripper script to /home/icad/RYUGU-ROV-CompanionComputer/install/ryugu_control/lib/ryugu_control
[5.492s] Installing webcam_streamer script to /home/icad/RYUGU-ROV-CompanionComputer/install/ryugu_control/lib/ryugu_control
[5.493s] 
[5.494s] Installed /home/icad/RYUGU-ROV-CompanionComputer/build/ryugu_control
[5.495s] running symlink_data
[5.684s] Invoked command in '/home/icad/RYUGU-ROV-CompanionComputer/build/ryugu_control' returned '0': PYTHONPATH=/home/icad/RYUGU-ROV-CompanionComputer/build/ryugu_control/prefix_override:/usr/lib/python3/dist-packages/colcon_core/task/python/colcon_distutils_commands:/home/icad/RYUGU-ROV-CompanionComputer/install/ryugu_control/lib/python3.10/site-packages:${PYTHONPATH} /usr/bin/python3 -W ignore:setup.py install is deprecated -W ignore:easy_install command is deprecated setup.py develop --editable --build-directory /home/icad/RYUGU-ROV-CompanionComputer/build/ryugu_control/build --no-deps symlink_data
