[2.246s] Invoking command in '/home/icad/RYUGU-ROV-CompanionComputer/build/ryugu_control': PYTHONPATH=/home/icad/RYUGU-ROV-CompanionComputer/build/ryugu_control/prefix_override:/usr/lib/python3/dist-packages/colcon_core/task/python/colcon_distutils_commands:/home/icad/RYUGU-ROV-CompanionComputer/install/ryugu_control/lib/python3.10/site-packages:${PYTHONPATH} /usr/bin/python3 -W ignore:setup.py install is deprecated -W ignore:easy_install command is deprecated setup.py develop --editable --build-directory /home/icad/RYUGU-ROV-CompanionComputer/build/ryugu_control/build --no-deps symlink_data --force
[2.924s] running develop
[3.338s] running egg_info
[3.338s] writing ryugu_control.egg-info/PKG-INFO
[3.339s] writing dependency_links to ryugu_control.egg-info/dependency_links.txt
[3.340s] writing entry points to ryugu_control.egg-info/entry_points.txt
[3.340s] writing requirements to ryugu_control.egg-info/requires.txt
[3.340s] writing top-level names to ryugu_control.egg-info/top_level.txt
[3.346s] reading manifest file 'ryugu_control.egg-info/SOURCES.txt'
[3.348s] writing manifest file 'ryugu_control.egg-info/SOURCES.txt'
[3.352s] running build_ext
[3.352s] Creating /home/icad/RYUGU-ROV-CompanionComputer/install/ryugu_control/lib/python3.10/site-packages/ryugu-control.egg-link (link to .)
[3.354s] Installing gcs_bridge_node script to /home/icad/RYUGU-ROV-CompanionComputer/install/ryugu_control/lib/ryugu_control
[3.355s] Installing test_arming_mode script to /home/icad/RYUGU-ROV-CompanionComputer/install/ryugu_control/lib/ryugu_control
[3.355s] Installing test_sensor_reader script to /home/icad/RYUGU-ROV-CompanionComputer/install/ryugu_control/lib/ryugu_control
[3.355s] Installing test_thrusters_gripper script to /home/icad/RYUGU-ROV-CompanionComputer/install/ryugu_control/lib/ryugu_control
[3.356s] Installing webcam_streamer script to /home/icad/RYUGU-ROV-CompanionComputer/install/ryugu_control/lib/ryugu_control
[3.356s] 
[3.357s] Installed /home/icad/RYUGU-ROV-CompanionComputer/build/ryugu_control
[3.357s] running symlink_data
[3.357s] symbolically linking /home/icad/RYUGU-ROV-CompanionComputer/build/ryugu_control/resource/ryugu_control -> /home/icad/RYUGU-ROV-CompanionComputer/install/ryugu_control/share/ament_index/resource_index/packages
[3.357s] symbolically linking /home/icad/RYUGU-ROV-CompanionComputer/build/ryugu_control/package.xml -> /home/icad/RYUGU-ROV-CompanionComputer/install/ryugu_control/share/ryugu_control
[3.358s] symbolically linking /home/icad/RYUGU-ROV-CompanionComputer/build/ryugu_control/launch/mavros_sub.launch.py -> /home/icad/RYUGU-ROV-CompanionComputer/install/ryugu_control/share/ryugu_control/launch
[3.358s] symbolically linking /home/icad/RYUGU-ROV-CompanionComputer/build/ryugu_control/launch/ryugu_production.launch.py -> /home/icad/RYUGU-ROV-CompanionComputer/install/ryugu_control/share/ryugu_control/launch
[3.358s] symbolically linking /home/icad/RYUGU-ROV-CompanionComputer/build/ryugu_control/launch/ryugu_GoProduction_QGC.launch.py -> /home/icad/RYUGU-ROV-CompanionComputer/install/ryugu_control/share/ryugu_control/launch
[3.358s] symbolically linking /home/icad/RYUGU-ROV-CompanionComputer/build/ryugu_control/config/ardusub_params.yaml -> /home/icad/RYUGU-ROV-CompanionComputer/install/ryugu_control/share/ryugu_control/config
[3.446s] Invoked command in '/home/icad/RYUGU-ROV-CompanionComputer/build/ryugu_control' returned '0': PYTHONPATH=/home/icad/RYUGU-ROV-CompanionComputer/build/ryugu_control/prefix_override:/usr/lib/python3/dist-packages/colcon_core/task/python/colcon_distutils_commands:/home/icad/RYUGU-ROV-CompanionComputer/install/ryugu_control/lib/python3.10/site-packages:${PYTHONPATH} /usr/bin/python3 -W ignore:setup.py install is deprecated -W ignore:easy_install command is deprecated setup.py develop --editable --build-directory /home/icad/RYUGU-ROV-CompanionComputer/build/ryugu_control/build --no-deps symlink_data --force
