[0.304s] colcon DEBUG Command line arguments: ['/usr/bin/colcon', 'build', '--symlink-install']
[0.304s] colcon DEBUG Parsed command line arguments: Namespace(log_base=None, log_level=None, verb_name='build', build_base='build', install_base='install', merge_install=False, symlink_install=True, test_result_base=None, continue_on_error=False, executor='parallel', parallel_workers=6, event_handlers=None, ignore_user_meta=False, metas=['./colcon.meta'], base_paths=['.'], packages_ignore=None, packages_ignore_regex=None, paths=None, packages_up_to=None, packages_up_to_regex=None, packages_above=None, packages_above_and_dependencies=None, packages_above_depth=None, packages_select_by_dep=None, packages_skip_by_dep=None, packages_skip_up_to=None, packages_select_build_failed=False, packages_skip_build_finished=False, packages_select_test_failures=False, packages_skip_test_passed=False, packages_select=None, packages_skip=None, packages_select_regex=None, packages_skip_regex=None, packages_start=None, packages_end=None, allow_overriding=[], cmake_args=None, cmake_target=None, cmake_target_skip_unavailable=False, cmake_clean_cache=False, cmake_clean_first=False, cmake_force_configure=False, ament_cmake_args=None, catkin_cmake_args=None, catkin_skip_building_tests=False, mixin_files=None, mixin=None, verb_parser=<colcon_mixin.mixin.mixin_argument.MixinArgumentDecorator object at 0xffffae7001f0>, verb_extension=<colcon_core.verb.build.BuildVerb object at 0xffffae99f550>, main=<bound method BuildVerb.main of <colcon_core.verb.build.BuildVerb object at 0xffffae99f550>>, mixin_verb=('build',))
[0.731s] colcon.colcon_core.package_discovery Level 1 discover_packages(colcon_meta) check parameters
[0.731s] colcon.colcon_core.package_discovery Level 1 discover_packages(recursive) check parameters
[0.731s] colcon.colcon_core.package_discovery Level 1 discover_packages(ignore) check parameters
[0.731s] colcon.colcon_core.package_discovery Level 1 discover_packages(path) check parameters
[0.731s] colcon.colcon_core.package_discovery Level 1 discover_packages(colcon_meta) discover
[0.732s] colcon.colcon_core.package_discovery Level 1 discover_packages(recursive) discover
[0.732s] colcon.colcon_core.package_discovery INFO Crawling recursively for packages in '/home/icad/RYUGU-ROV-CompanionComputer'
[0.732s] colcon.colcon_core.package_identification Level 1 _identify(.) by extensions ['ignore', 'ignore_ament_install']
[0.732s] colcon.colcon_core.package_identification Level 1 _identify(.) by extension 'ignore'
[0.732s] colcon.colcon_core.package_identification Level 1 _identify(.) by extension 'ignore_ament_install'
[0.733s] colcon.colcon_core.package_identification Level 1 _identify(.) by extensions ['colcon_pkg']
[0.733s] colcon.colcon_core.package_identification Level 1 _identify(.) by extension 'colcon_pkg'
[0.733s] colcon.colcon_core.package_identification Level 1 _identify(.) by extensions ['colcon_meta']
[0.733s] colcon.colcon_core.package_identification Level 1 _identify(.) by extension 'colcon_meta'
[0.733s] colcon.colcon_core.package_identification Level 1 _identify(.) by extensions ['ros']
[0.733s] colcon.colcon_core.package_identification Level 1 _identify(.) by extension 'ros'
[0.762s] colcon.colcon_core.package_identification Level 1 _identify(.) by extensions ['cmake', 'python']
[0.762s] colcon.colcon_core.package_identification Level 1 _identify(.) by extension 'cmake'
[0.762s] colcon.colcon_core.package_identification Level 1 _identify(.) by extension 'python'
[0.763s] colcon.colcon_core.package_identification Level 1 _identify(.) by extensions ['python_setup_py']
[0.763s] colcon.colcon_core.package_identification Level 1 _identify(.) by extension 'python_setup_py'
[0.763s] colcon.colcon_core.package_identification Level 1 _identify(build) by extensions ['ignore', 'ignore_ament_install']
[0.764s] colcon.colcon_core.package_identification Level 1 _identify(build) by extension 'ignore'
[0.764s] colcon.colcon_core.package_identification Level 1 _identify(build) ignored
[0.764s] colcon.colcon_core.package_identification Level 1 _identify(deploy) by extensions ['ignore', 'ignore_ament_install']
[0.764s] colcon.colcon_core.package_identification Level 1 _identify(deploy) by extension 'ignore'
[0.764s] colcon.colcon_core.package_identification Level 1 _identify(deploy) by extension 'ignore_ament_install'
[0.765s] colcon.colcon_core.package_identification Level 1 _identify(deploy) by extensions ['colcon_pkg']
[0.765s] colcon.colcon_core.package_identification Level 1 _identify(deploy) by extension 'colcon_pkg'
[0.765s] colcon.colcon_core.package_identification Level 1 _identify(deploy) by extensions ['colcon_meta']
[0.765s] colcon.colcon_core.package_identification Level 1 _identify(deploy) by extension 'colcon_meta'
[0.765s] colcon.colcon_core.package_identification Level 1 _identify(deploy) by extensions ['ros']
[0.765s] colcon.colcon_core.package_identification Level 1 _identify(deploy) by extension 'ros'
[0.765s] colcon.colcon_core.package_identification Level 1 _identify(deploy) by extensions ['cmake', 'python']
[0.765s] colcon.colcon_core.package_identification Level 1 _identify(deploy) by extension 'cmake'
[0.765s] colcon.colcon_core.package_identification Level 1 _identify(deploy) by extension 'python'
[0.766s] colcon.colcon_core.package_identification Level 1 _identify(deploy) by extensions ['python_setup_py']
[0.766s] colcon.colcon_core.package_identification Level 1 _identify(deploy) by extension 'python_setup_py'
[0.766s] colcon.colcon_core.package_identification Level 1 _identify(deploy/mavlink-router) by extensions ['ignore', 'ignore_ament_install']
[0.766s] colcon.colcon_core.package_identification Level 1 _identify(deploy/mavlink-router) by extension 'ignore'
[0.766s] colcon.colcon_core.package_identification Level 1 _identify(deploy/mavlink-router) by extension 'ignore_ament_install'
[0.766s] colcon.colcon_core.package_identification Level 1 _identify(deploy/mavlink-router) by extensions ['colcon_pkg']
[0.766s] colcon.colcon_core.package_identification Level 1 _identify(deploy/mavlink-router) by extension 'colcon_pkg'
[0.767s] colcon.colcon_core.package_identification Level 1 _identify(deploy/mavlink-router) by extensions ['colcon_meta']
[0.767s] colcon.colcon_core.package_identification Level 1 _identify(deploy/mavlink-router) by extension 'colcon_meta'
[0.767s] colcon.colcon_core.package_identification Level 1 _identify(deploy/mavlink-router) by extensions ['ros']
[0.767s] colcon.colcon_core.package_identification Level 1 _identify(deploy/mavlink-router) by extension 'ros'
[0.767s] colcon.colcon_core.package_identification Level 1 _identify(deploy/mavlink-router) by extensions ['cmake', 'python']
[0.767s] colcon.colcon_core.package_identification Level 1 _identify(deploy/mavlink-router) by extension 'cmake'
[0.767s] colcon.colcon_core.package_identification Level 1 _identify(deploy/mavlink-router) by extension 'python'
[0.767s] colcon.colcon_core.package_identification Level 1 _identify(deploy/mavlink-router) by extensions ['python_setup_py']
[0.767s] colcon.colcon_core.package_identification Level 1 _identify(deploy/mavlink-router) by extension 'python_setup_py'
[0.768s] colcon.colcon_core.package_identification Level 1 _identify(install) by extensions ['ignore', 'ignore_ament_install']
[0.768s] colcon.colcon_core.package_identification Level 1 _identify(install) by extension 'ignore'
[0.768s] colcon.colcon_core.package_identification Level 1 _identify(install) ignored
[0.768s] colcon.colcon_core.package_identification Level 1 _identify(log) by extensions ['ignore', 'ignore_ament_install']
[0.769s] colcon.colcon_core.package_identification Level 1 _identify(log) by extension 'ignore'
[0.769s] colcon.colcon_core.package_identification Level 1 _identify(log) ignored
[0.769s] colcon.colcon_core.package_identification Level 1 _identify(scripts) by extensions ['ignore', 'ignore_ament_install']
[0.769s] colcon.colcon_core.package_identification Level 1 _identify(scripts) by extension 'ignore'
[0.769s] colcon.colcon_core.package_identification Level 1 _identify(scripts) by extension 'ignore_ament_install'
[0.769s] colcon.colcon_core.package_identification Level 1 _identify(scripts) by extensions ['colcon_pkg']
[0.769s] colcon.colcon_core.package_identification Level 1 _identify(scripts) by extension 'colcon_pkg'
[0.770s] colcon.colcon_core.package_identification Level 1 _identify(scripts) by extensions ['colcon_meta']
[0.770s] colcon.colcon_core.package_identification Level 1 _identify(scripts) by extension 'colcon_meta'
[0.770s] colcon.colcon_core.package_identification Level 1 _identify(scripts) by extensions ['ros']
[0.770s] colcon.colcon_core.package_identification Level 1 _identify(scripts) by extension 'ros'
[0.770s] colcon.colcon_core.package_identification Level 1 _identify(scripts) by extensions ['cmake', 'python']
[0.770s] colcon.colcon_core.package_identification Level 1 _identify(scripts) by extension 'cmake'
[0.770s] colcon.colcon_core.package_identification Level 1 _identify(scripts) by extension 'python'
[0.770s] colcon.colcon_core.package_identification Level 1 _identify(scripts) by extensions ['python_setup_py']
[0.770s] colcon.colcon_core.package_identification Level 1 _identify(scripts) by extension 'python_setup_py'
[0.771s] colcon.colcon_core.package_identification Level 1 _identify(src) by extensions ['ignore', 'ignore_ament_install']
[0.771s] colcon.colcon_core.package_identification Level 1 _identify(src) by extension 'ignore'
[0.771s] colcon.colcon_core.package_identification Level 1 _identify(src) by extension 'ignore_ament_install'
[0.771s] colcon.colcon_core.package_identification Level 1 _identify(src) by extensions ['colcon_pkg']
[0.771s] colcon.colcon_core.package_identification Level 1 _identify(src) by extension 'colcon_pkg'
[0.771s] colcon.colcon_core.package_identification Level 1 _identify(src) by extensions ['colcon_meta']
[0.771s] colcon.colcon_core.package_identification Level 1 _identify(src) by extension 'colcon_meta'
[0.771s] colcon.colcon_core.package_identification Level 1 _identify(src) by extensions ['ros']
[0.772s] colcon.colcon_core.package_identification Level 1 _identify(src) by extension 'ros'
[0.772s] colcon.colcon_core.package_identification Level 1 _identify(src) by extensions ['cmake', 'python']
[0.772s] colcon.colcon_core.package_identification Level 1 _identify(src) by extension 'cmake'
[0.772s] colcon.colcon_core.package_identification Level 1 _identify(src) by extension 'python'
[0.772s] colcon.colcon_core.package_identification Level 1 _identify(src) by extensions ['python_setup_py']
[0.772s] colcon.colcon_core.package_identification Level 1 _identify(src) by extension 'python_setup_py'
[0.772s] colcon.colcon_core.package_identification Level 1 _identify(src/ryugu_control) by extensions ['ignore', 'ignore_ament_install']
[0.773s] colcon.colcon_core.package_identification Level 1 _identify(src/ryugu_control) by extension 'ignore'
[0.773s] colcon.colcon_core.package_identification Level 1 _identify(src/ryugu_control) by extension 'ignore_ament_install'
[0.773s] colcon.colcon_core.package_identification Level 1 _identify(src/ryugu_control) by extensions ['colcon_pkg']
[0.773s] colcon.colcon_core.package_identification Level 1 _identify(src/ryugu_control) by extension 'colcon_pkg'
[0.773s] colcon.colcon_core.package_identification Level 1 _identify(src/ryugu_control) by extensions ['colcon_meta']
[0.773s] colcon.colcon_core.package_identification Level 1 _identify(src/ryugu_control) by extension 'colcon_meta'
[0.773s] colcon.colcon_core.package_identification Level 1 _identify(src/ryugu_control) by extensions ['ros']
[0.773s] colcon.colcon_core.package_identification Level 1 _identify(src/ryugu_control) by extension 'ros'
[0.780s] colcon.colcon_core.package_identification DEBUG Package 'src/ryugu_control' with type 'ros.ament_python' and name 'ryugu_control'
[0.780s] colcon.colcon_core.package_identification Level 1 _identify(tests) by extensions ['ignore', 'ignore_ament_install']
[0.781s] colcon.colcon_core.package_identification Level 1 _identify(tests) by extension 'ignore'
[0.781s] colcon.colcon_core.package_identification Level 1 _identify(tests) by extension 'ignore_ament_install'
[0.781s] colcon.colcon_core.package_identification Level 1 _identify(tests) by extensions ['colcon_pkg']
[0.781s] colcon.colcon_core.package_identification Level 1 _identify(tests) by extension 'colcon_pkg'
[0.781s] colcon.colcon_core.package_identification Level 1 _identify(tests) by extensions ['colcon_meta']
[0.781s] colcon.colcon_core.package_identification Level 1 _identify(tests) by extension 'colcon_meta'
[0.781s] colcon.colcon_core.package_identification Level 1 _identify(tests) by extensions ['ros']
[0.782s] colcon.colcon_core.package_identification Level 1 _identify(tests) by extension 'ros'
[0.782s] colcon.colcon_core.package_identification Level 1 _identify(tests) by extensions ['cmake', 'python']
[0.782s] colcon.colcon_core.package_identification Level 1 _identify(tests) by extension 'cmake'
[0.782s] colcon.colcon_core.package_identification Level 1 _identify(tests) by extension 'python'
[0.782s] colcon.colcon_core.package_identification Level 1 _identify(tests) by extensions ['python_setup_py']
[0.782s] colcon.colcon_core.package_identification Level 1 _identify(tests) by extension 'python_setup_py'
[0.782s] colcon.colcon_core.package_identification Level 1 _identify(tests/comm) by extensions ['ignore', 'ignore_ament_install']
[0.783s] colcon.colcon_core.package_identification Level 1 _identify(tests/comm) by extension 'ignore'
[0.783s] colcon.colcon_core.package_identification Level 1 _identify(tests/comm) by extension 'ignore_ament_install'
[0.783s] colcon.colcon_core.package_identification Level 1 _identify(tests/comm) by extensions ['colcon_pkg']
[0.783s] colcon.colcon_core.package_identification Level 1 _identify(tests/comm) by extension 'colcon_pkg'
[0.783s] colcon.colcon_core.package_identification Level 1 _identify(tests/comm) by extensions ['colcon_meta']
[0.783s] colcon.colcon_core.package_identification Level 1 _identify(tests/comm) by extension 'colcon_meta'
[0.783s] colcon.colcon_core.package_identification Level 1 _identify(tests/comm) by extensions ['ros']
[0.783s] colcon.colcon_core.package_identification Level 1 _identify(tests/comm) by extension 'ros'
[0.784s] colcon.colcon_core.package_identification Level 1 _identify(tests/comm) by extensions ['cmake', 'python']
[0.784s] colcon.colcon_core.package_identification Level 1 _identify(tests/comm) by extension 'cmake'
[0.784s] colcon.colcon_core.package_identification Level 1 _identify(tests/comm) by extension 'python'
[0.784s] colcon.colcon_core.package_identification Level 1 _identify(tests/comm) by extensions ['python_setup_py']
[0.784s] colcon.colcon_core.package_identification Level 1 _identify(tests/comm) by extension 'python_setup_py'
[0.784s] colcon.colcon_core.package_identification Level 1 _identify(tests/control) by extensions ['ignore', 'ignore_ament_install']
[0.784s] colcon.colcon_core.package_identification Level 1 _identify(tests/control) by extension 'ignore'
[0.785s] colcon.colcon_core.package_identification Level 1 _identify(tests/control) by extension 'ignore_ament_install'
[0.785s] colcon.colcon_core.package_identification Level 1 _identify(tests/control) by extensions ['colcon_pkg']
[0.785s] colcon.colcon_core.package_identification Level 1 _identify(tests/control) by extension 'colcon_pkg'
[0.785s] colcon.colcon_core.package_identification Level 1 _identify(tests/control) by extensions ['colcon_meta']
[0.785s] colcon.colcon_core.package_identification Level 1 _identify(tests/control) by extension 'colcon_meta'
[0.785s] colcon.colcon_core.package_identification Level 1 _identify(tests/control) by extensions ['ros']
[0.785s] colcon.colcon_core.package_identification Level 1 _identify(tests/control) by extension 'ros'
[0.785s] colcon.colcon_core.package_identification Level 1 _identify(tests/control) by extensions ['cmake', 'python']
[0.785s] colcon.colcon_core.package_identification Level 1 _identify(tests/control) by extension 'cmake'
[0.786s] colcon.colcon_core.package_identification Level 1 _identify(tests/control) by extension 'python'
[0.786s] colcon.colcon_core.package_identification Level 1 _identify(tests/control) by extensions ['python_setup_py']
[0.786s] colcon.colcon_core.package_identification Level 1 _identify(tests/control) by extension 'python_setup_py'
[0.786s] colcon.colcon_core.package_identification Level 1 _identify(tests/control/__pycache__) by extensions ['ignore', 'ignore_ament_install']
[0.786s] colcon.colcon_core.package_identification Level 1 _identify(tests/control/__pycache__) by extension 'ignore'
[0.786s] colcon.colcon_core.package_identification Level 1 _identify(tests/control/__pycache__) by extension 'ignore_ament_install'
[0.787s] colcon.colcon_core.package_identification Level 1 _identify(tests/control/__pycache__) by extensions ['colcon_pkg']
[0.787s] colcon.colcon_core.package_identification Level 1 _identify(tests/control/__pycache__) by extension 'colcon_pkg'
[0.787s] colcon.colcon_core.package_identification Level 1 _identify(tests/control/__pycache__) by extensions ['colcon_meta']
[0.787s] colcon.colcon_core.package_identification Level 1 _identify(tests/control/__pycache__) by extension 'colcon_meta'
[0.787s] colcon.colcon_core.package_identification Level 1 _identify(tests/control/__pycache__) by extensions ['ros']
[0.787s] colcon.colcon_core.package_identification Level 1 _identify(tests/control/__pycache__) by extension 'ros'
[0.787s] colcon.colcon_core.package_identification Level 1 _identify(tests/control/__pycache__) by extensions ['cmake', 'python']
[0.787s] colcon.colcon_core.package_identification Level 1 _identify(tests/control/__pycache__) by extension 'cmake'
[0.787s] colcon.colcon_core.package_identification Level 1 _identify(tests/control/__pycache__) by extension 'python'
[0.788s] colcon.colcon_core.package_identification Level 1 _identify(tests/control/__pycache__) by extensions ['python_setup_py']
[0.788s] colcon.colcon_core.package_identification Level 1 _identify(tests/control/__pycache__) by extension 'python_setup_py'
[0.788s] colcon.colcon_core.package_identification Level 1 _identify(tests/streaming) by extensions ['ignore', 'ignore_ament_install']
[0.788s] colcon.colcon_core.package_identification Level 1 _identify(tests/streaming) by extension 'ignore'
[0.788s] colcon.colcon_core.package_identification Level 1 _identify(tests/streaming) by extension 'ignore_ament_install'
[0.788s] colcon.colcon_core.package_identification Level 1 _identify(tests/streaming) by extensions ['colcon_pkg']
[0.788s] colcon.colcon_core.package_identification Level 1 _identify(tests/streaming) by extension 'colcon_pkg'
[0.789s] colcon.colcon_core.package_identification Level 1 _identify(tests/streaming) by extensions ['colcon_meta']
[0.789s] colcon.colcon_core.package_identification Level 1 _identify(tests/streaming) by extension 'colcon_meta'
[0.789s] colcon.colcon_core.package_identification Level 1 _identify(tests/streaming) by extensions ['ros']
[0.789s] colcon.colcon_core.package_identification Level 1 _identify(tests/streaming) by extension 'ros'
[0.789s] colcon.colcon_core.package_identification Level 1 _identify(tests/streaming) by extensions ['cmake', 'python']
[0.789s] colcon.colcon_core.package_identification Level 1 _identify(tests/streaming) by extension 'cmake'
[0.789s] colcon.colcon_core.package_identification Level 1 _identify(tests/streaming) by extension 'python'
[0.789s] colcon.colcon_core.package_identification Level 1 _identify(tests/streaming) by extensions ['python_setup_py']
[0.789s] colcon.colcon_core.package_identification Level 1 _identify(tests/streaming) by extension 'python_setup_py'
[0.790s] colcon.colcon_core.package_discovery Level 1 discover_packages(recursive) using defaults
[0.790s] colcon.colcon_core.package_discovery Level 1 discover_packages(ignore) discover
[0.790s] colcon.colcon_core.package_discovery Level 1 discover_packages(ignore) using defaults
[0.790s] colcon.colcon_core.package_discovery Level 1 discover_packages(path) discover
[0.790s] colcon.colcon_core.package_discovery Level 1 discover_packages(path) using defaults
[0.867s] colcon.colcon_core.package_discovery Level 1 discover_packages(prefix_path) check parameters
[0.868s] colcon.colcon_core.package_discovery Level 1 discover_packages(prefix_path) discover
[0.873s] colcon.colcon_installed_package_information.package_discovery DEBUG Found 280 installed packages in /opt/ros/humble
[0.876s] colcon.colcon_core.package_discovery Level 1 discover_packages(prefix_path) using defaults
[0.967s] colcon.colcon_core.verb Level 5 set package 'ryugu_control' build argument 'cmake_args' from command line to 'None'
[0.968s] colcon.colcon_core.verb Level 5 set package 'ryugu_control' build argument 'cmake_target' from command line to 'None'
[0.968s] colcon.colcon_core.verb Level 5 set package 'ryugu_control' build argument 'cmake_target_skip_unavailable' from command line to 'False'
[0.968s] colcon.colcon_core.verb Level 5 set package 'ryugu_control' build argument 'cmake_clean_cache' from command line to 'False'
[0.968s] colcon.colcon_core.verb Level 5 set package 'ryugu_control' build argument 'cmake_clean_first' from command line to 'False'
[0.968s] colcon.colcon_core.verb Level 5 set package 'ryugu_control' build argument 'cmake_force_configure' from command line to 'False'
[0.968s] colcon.colcon_core.verb Level 5 set package 'ryugu_control' build argument 'ament_cmake_args' from command line to 'None'
[0.968s] colcon.colcon_core.verb Level 5 set package 'ryugu_control' build argument 'catkin_cmake_args' from command line to 'None'
[0.968s] colcon.colcon_core.verb Level 5 set package 'ryugu_control' build argument 'catkin_skip_building_tests' from command line to 'False'
[0.968s] colcon.colcon_core.verb DEBUG Building package 'ryugu_control' with the following arguments: {'ament_cmake_args': None, 'build_base': '/home/icad/RYUGU-ROV-CompanionComputer/build/ryugu_control', 'catkin_cmake_args': None, 'catkin_skip_building_tests': False, 'cmake_args': None, 'cmake_clean_cache': False, 'cmake_clean_first': False, 'cmake_force_configure': False, 'cmake_target': None, 'cmake_target_skip_unavailable': False, 'install_base': '/home/icad/RYUGU-ROV-CompanionComputer/install/ryugu_control', 'merge_install': False, 'path': '/home/icad/RYUGU-ROV-CompanionComputer/src/ryugu_control', 'symlink_install': True, 'test_result_base': None}
[0.969s] colcon.colcon_core.executor INFO Executing jobs using 'parallel' executor
[0.972s] colcon.colcon_parallel_executor.executor.parallel DEBUG run_until_complete
[0.973s] colcon.colcon_ros.task.ament_python.build INFO Building ROS package in '/home/icad/RYUGU-ROV-CompanionComputer/src/ryugu_control' with build type 'ament_python'
[0.974s] colcon.colcon_core.shell Level 1 create_environment_hook('ryugu_control', 'ament_prefix_path')
[0.979s] colcon.colcon_core.plugin_system INFO Skipping extension 'colcon_core.shell.bat': Not used on non-Windows systems
[0.980s] colcon.colcon_core.shell INFO Creating environment hook '/home/icad/RYUGU-ROV-CompanionComputer/install/ryugu_control/share/ryugu_control/hook/ament_prefix_path.ps1'
[0.982s] colcon.colcon_core.shell INFO Creating environment descriptor '/home/icad/RYUGU-ROV-CompanionComputer/install/ryugu_control/share/ryugu_control/hook/ament_prefix_path.dsv'
[0.983s] colcon.colcon_core.shell INFO Creating environment hook '/home/icad/RYUGU-ROV-CompanionComputer/install/ryugu_control/share/ryugu_control/hook/ament_prefix_path.sh'
[0.985s] colcon.colcon_core.shell INFO Skip shell extension 'powershell' for command environment: Not usable outside of PowerShell
[0.985s] colcon.colcon_core.shell DEBUG Skip shell extension 'dsv' for command environment
[1.649s] colcon.colcon_core.task.python.build INFO Building Python package in '/home/icad/RYUGU-ROV-CompanionComputer/src/ryugu_control'
[1.650s] colcon.colcon_core.shell INFO Skip shell extension 'powershell' for command environment: Not usable outside of PowerShell
[1.650s] colcon.colcon_core.shell DEBUG Skip shell extension 'dsv' for command environment
[2.510s] colcon.colcon_core.task.python.build DEBUG Available setuptools commands: bdist_rpm, alias, saveopts, setopt, clean, build_ext, dist_info, rotate, upload, register, easy_install, bdist, bdist_dumb, test, bdist_egg, install_lib, install_egg_info, bdist_wheel, egg_info, install_scripts, upload_docs, symlink_data, build, install_data, build_py, install_headers, build_clib, install, check, sdist, build_scripts, develop
[3.244s] colcon.colcon_core.task.python.build DEBUG Available setuptools 'develop' options: --version, --always-copy, --editable, --help, --user, --uninstall, --optimize, --upgrade, --install-dir, --local-snapshots-ok, --multi-version, --zip-ok, --find-links, --site-dirs, --verbose, --dry-run, --quiet, --script-dir, --no-deps, --no-user-cfg, --egg-path, --no-find-links, --allow-hosts, --build-directory, --prefix, --record, --install-layout, --exclude-scripts, --force-installation-into-system-dir, --index-url, --always-unzip
[3.248s] colcon.colcon_core.event_handler.log_command DEBUG Invoking command in '/home/icad/RYUGU-ROV-CompanionComputer/build/ryugu_control': PYTHONPATH=/home/icad/RYUGU-ROV-CompanionComputer/build/ryugu_control/prefix_override:/usr/lib/python3/dist-packages/colcon_core/task/python/colcon_distutils_commands:/home/icad/RYUGU-ROV-CompanionComputer/install/ryugu_control/lib/python3.10/site-packages:${PYTHONPATH} /usr/bin/python3 -W ignore:setup.py install is deprecated -W ignore:easy_install command is deprecated setup.py develop --editable --build-directory /home/icad/RYUGU-ROV-CompanionComputer/build/ryugu_control/build --no-deps symlink_data
[4.457s] colcon.colcon_core.shell Level 1 create_environment_hook('ryugu_control', 'pythonpath_develop')
[4.458s] colcon.colcon_core.shell INFO Creating environment hook '/home/icad/RYUGU-ROV-CompanionComputer/build/ryugu_control/share/ryugu_control/hook/pythonpath_develop.ps1'
[4.459s] colcon.colcon_core.event_handler.log_command DEBUG Invoked command in '/home/icad/RYUGU-ROV-CompanionComputer/build/ryugu_control' returned '0': PYTHONPATH=/home/icad/RYUGU-ROV-CompanionComputer/build/ryugu_control/prefix_override:/usr/lib/python3/dist-packages/colcon_core/task/python/colcon_distutils_commands:/home/icad/RYUGU-ROV-CompanionComputer/install/ryugu_control/lib/python3.10/site-packages:${PYTHONPATH} /usr/bin/python3 -W ignore:setup.py install is deprecated -W ignore:easy_install command is deprecated setup.py develop --editable --build-directory /home/icad/RYUGU-ROV-CompanionComputer/build/ryugu_control/build --no-deps symlink_data
[4.461s] colcon.colcon_core.shell INFO Creating environment descriptor '/home/icad/RYUGU-ROV-CompanionComputer/build/ryugu_control/share/ryugu_control/hook/pythonpath_develop.dsv'
[4.462s] colcon.colcon_core.shell INFO Creating environment hook '/home/icad/RYUGU-ROV-CompanionComputer/build/ryugu_control/share/ryugu_control/hook/pythonpath_develop.sh'
[4.470s] colcon.colcon_core.environment Level 1 checking '/home/icad/RYUGU-ROV-CompanionComputer/install/ryugu_control' for CMake module files
[4.471s] colcon.colcon_core.environment Level 1 checking '/home/icad/RYUGU-ROV-CompanionComputer/install/ryugu_control' for CMake config files
[4.474s] colcon.colcon_core.environment Level 1 checking '/home/icad/RYUGU-ROV-CompanionComputer/install/ryugu_control/lib'
[4.474s] colcon.colcon_core.environment Level 1 checking '/home/icad/RYUGU-ROV-CompanionComputer/install/ryugu_control/bin'
[4.474s] colcon.colcon_core.environment Level 1 checking '/home/icad/RYUGU-ROV-CompanionComputer/install/ryugu_control/lib/pkgconfig/ryugu_control.pc'
[4.475s] colcon.colcon_core.environment Level 1 checking '/home/icad/RYUGU-ROV-CompanionComputer/install/ryugu_control/lib/python3.10/site-packages'
[4.475s] colcon.colcon_core.shell Level 1 create_environment_hook('ryugu_control', 'pythonpath')
[4.476s] colcon.colcon_core.shell INFO Creating environment hook '/home/icad/RYUGU-ROV-CompanionComputer/install/ryugu_control/share/ryugu_control/hook/pythonpath.ps1'
[4.477s] colcon.colcon_core.shell INFO Creating environment descriptor '/home/icad/RYUGU-ROV-CompanionComputer/install/ryugu_control/share/ryugu_control/hook/pythonpath.dsv'
[4.478s] colcon.colcon_core.shell INFO Creating environment hook '/home/icad/RYUGU-ROV-CompanionComputer/install/ryugu_control/share/ryugu_control/hook/pythonpath.sh'
[4.480s] colcon.colcon_core.environment Level 1 checking '/home/icad/RYUGU-ROV-CompanionComputer/install/ryugu_control/bin'
[4.480s] colcon.colcon_core.environment Level 1 create_environment_scripts_only(ryugu_control)
[4.481s] colcon.colcon_core.shell INFO Creating package script '/home/icad/RYUGU-ROV-CompanionComputer/install/ryugu_control/share/ryugu_control/package.ps1'
[4.486s] colcon.colcon_core.shell INFO Creating package descriptor '/home/icad/RYUGU-ROV-CompanionComputer/install/ryugu_control/share/ryugu_control/package.dsv'
[4.489s] colcon.colcon_core.shell INFO Creating package script '/home/icad/RYUGU-ROV-CompanionComputer/install/ryugu_control/share/ryugu_control/package.sh'
[4.491s] colcon.colcon_core.shell INFO Creating package script '/home/icad/RYUGU-ROV-CompanionComputer/install/ryugu_control/share/ryugu_control/package.bash'
[4.494s] colcon.colcon_core.shell INFO Creating package script '/home/icad/RYUGU-ROV-CompanionComputer/install/ryugu_control/share/ryugu_control/package.zsh'
[4.496s] colcon.colcon_core.environment Level 1 create_file_with_runtime_dependencies(/home/icad/RYUGU-ROV-CompanionComputer/install/ryugu_control/share/colcon-core/packages/ryugu_control)
[4.497s] colcon.colcon_parallel_executor.executor.parallel DEBUG closing loop
[4.497s] colcon.colcon_parallel_executor.executor.parallel DEBUG loop closed
[4.498s] colcon.colcon_parallel_executor.executor.parallel DEBUG run_until_complete finished with '0'
[4.498s] colcon.colcon_core.event_reactor DEBUG joining thread
[4.499s] colcon.colcon_core.event_reactor DEBUG joined thread
[4.499s] colcon.colcon_core.shell INFO Creating prefix script '/home/icad/RYUGU-ROV-CompanionComputer/install/local_setup.ps1'
[4.503s] colcon.colcon_core.shell INFO Creating prefix util module '/home/icad/RYUGU-ROV-CompanionComputer/install/_local_setup_util_ps1.py'
[4.508s] colcon.colcon_core.shell INFO Creating prefix chain script '/home/icad/RYUGU-ROV-CompanionComputer/install/setup.ps1'
[4.511s] colcon.colcon_core.shell INFO Creating prefix script '/home/icad/RYUGU-ROV-CompanionComputer/install/local_setup.sh'
[4.512s] colcon.colcon_core.shell INFO Creating prefix util module '/home/icad/RYUGU-ROV-CompanionComputer/install/_local_setup_util_sh.py'
[4.514s] colcon.colcon_core.shell INFO Creating prefix chain script '/home/icad/RYUGU-ROV-CompanionComputer/install/setup.sh'
[4.517s] colcon.colcon_core.shell INFO Creating prefix script '/home/icad/RYUGU-ROV-CompanionComputer/install/local_setup.bash'
[4.519s] colcon.colcon_core.shell INFO Creating prefix chain script '/home/icad/RYUGU-ROV-CompanionComputer/install/setup.bash'
[4.522s] colcon.colcon_core.shell INFO Creating prefix script '/home/icad/RYUGU-ROV-CompanionComputer/install/local_setup.zsh'
[4.524s] colcon.colcon_core.shell INFO Creating prefix chain script '/home/icad/RYUGU-ROV-CompanionComputer/install/setup.zsh'
