[0.356s] colcon DEBUG Command line arguments: ['/usr/bin/colcon', 'build', '--symlink-install', '--packages-select', 'ryugu_control']
[0.357s] colcon DEBUG Parsed command line arguments: Namespace(log_base=None, log_level=None, verb_name='build', build_base='build', install_base='install', merge_install=False, symlink_install=True, test_result_base=None, continue_on_error=False, executor='parallel', parallel_workers=6, event_handlers=None, ignore_user_meta=False, metas=['./colcon.meta'], base_paths=['.'], packages_ignore=None, packages_ignore_regex=None, paths=None, packages_up_to=None, packages_up_to_regex=None, packages_above=None, packages_above_and_dependencies=None, packages_above_depth=None, packages_select_by_dep=None, packages_skip_by_dep=None, packages_skip_up_to=None, packages_select_build_failed=False, packages_skip_build_finished=False, packages_select_test_failures=False, packages_skip_test_passed=False, packages_select=['ryugu_control'], packages_skip=None, packages_select_regex=None, packages_skip_regex=None, packages_start=None, packages_end=None, allow_overriding=[], cmake_args=None, cmake_target=None, cmake_target_skip_unavailable=False, cmake_clean_cache=False, cmake_clean_first=False, cmake_force_configure=False, ament_cmake_args=None, catkin_cmake_args=None, catkin_skip_building_tests=False, mixin_files=None, mixin=None, verb_parser=<colcon_mixin.mixin.mixin_argument.MixinArgumentDecorator object at 0xffffa08868c0>, verb_extension=<colcon_core.verb.build.BuildVerb object at 0xffffa08862c0>, main=<bound method BuildVerb.main of <colcon_core.verb.build.BuildVerb object at 0xffffa08862c0>>, mixin_verb=('build',))
[0.474s] colcon.colcon_core.package_discovery Level 1 discover_packages(colcon_meta) check parameters
[0.475s] colcon.colcon_core.package_discovery Level 1 discover_packages(recursive) check parameters
[0.475s] colcon.colcon_core.package_discovery Level 1 discover_packages(ignore) check parameters
[0.475s] colcon.colcon_core.package_discovery Level 1 discover_packages(path) check parameters
[0.475s] colcon.colcon_core.package_discovery Level 1 discover_packages(colcon_meta) discover
[0.476s] colcon.colcon_core.package_discovery Level 1 discover_packages(recursive) discover
[0.476s] colcon.colcon_core.package_discovery INFO Crawling recursively for packages in '/home/icad/RYUGU-ROV-CompanionComputer'
[0.476s] colcon.colcon_core.package_identification Level 1 _identify(.) by extensions ['ignore', 'ignore_ament_install']
[0.477s] colcon.colcon_core.package_identification Level 1 _identify(.) by extension 'ignore'
[0.477s] colcon.colcon_core.package_identification Level 1 _identify(.) by extension 'ignore_ament_install'
[0.477s] colcon.colcon_core.package_identification Level 1 _identify(.) by extensions ['colcon_pkg']
[0.478s] colcon.colcon_core.package_identification Level 1 _identify(.) by extension 'colcon_pkg'
[0.478s] colcon.colcon_core.package_identification Level 1 _identify(.) by extensions ['colcon_meta']
[0.478s] colcon.colcon_core.package_identification Level 1 _identify(.) by extension 'colcon_meta'
[0.478s] colcon.colcon_core.package_identification Level 1 _identify(.) by extensions ['ros']
[0.478s] colcon.colcon_core.package_identification Level 1 _identify(.) by extension 'ros'
[0.523s] colcon.colcon_core.package_identification Level 1 _identify(.) by extensions ['cmake', 'python']
[0.524s] colcon.colcon_core.package_identification Level 1 _identify(.) by extension 'cmake'
[0.524s] colcon.colcon_core.package_identification Level 1 _identify(.) by extension 'python'
[0.524s] colcon.colcon_core.package_identification Level 1 _identify(.) by extensions ['python_setup_py']
[0.524s] colcon.colcon_core.package_identification Level 1 _identify(.) by extension 'python_setup_py'
[0.525s] colcon.colcon_core.package_identification Level 1 _identify(build) by extensions ['ignore', 'ignore_ament_install']
[0.525s] colcon.colcon_core.package_identification Level 1 _identify(build) by extension 'ignore'
[0.526s] colcon.colcon_core.package_identification Level 1 _identify(build) ignored
[0.528s] colcon.colcon_core.package_identification Level 1 _identify(deploy) by extensions ['ignore', 'ignore_ament_install']
[0.528s] colcon.colcon_core.package_identification Level 1 _identify(deploy) by extension 'ignore'
[0.528s] colcon.colcon_core.package_identification Level 1 _identify(deploy) by extension 'ignore_ament_install'
[0.528s] colcon.colcon_core.package_identification Level 1 _identify(deploy) by extensions ['colcon_pkg']
[0.528s] colcon.colcon_core.package_identification Level 1 _identify(deploy) by extension 'colcon_pkg'
[0.529s] colcon.colcon_core.package_identification Level 1 _identify(deploy) by extensions ['colcon_meta']
[0.529s] colcon.colcon_core.package_identification Level 1 _identify(deploy) by extension 'colcon_meta'
[0.529s] colcon.colcon_core.package_identification Level 1 _identify(deploy) by extensions ['ros']
[0.529s] colcon.colcon_core.package_identification Level 1 _identify(deploy) by extension 'ros'
[0.529s] colcon.colcon_core.package_identification Level 1 _identify(deploy) by extensions ['cmake', 'python']
[0.529s] colcon.colcon_core.package_identification Level 1 _identify(deploy) by extension 'cmake'
[0.529s] colcon.colcon_core.package_identification Level 1 _identify(deploy) by extension 'python'
[0.530s] colcon.colcon_core.package_identification Level 1 _identify(deploy) by extensions ['python_setup_py']
[0.530s] colcon.colcon_core.package_identification Level 1 _identify(deploy) by extension 'python_setup_py'
[0.530s] colcon.colcon_core.package_identification Level 1 _identify(deploy/mavlink-router) by extensions ['ignore', 'ignore_ament_install']
[0.530s] colcon.colcon_core.package_identification Level 1 _identify(deploy/mavlink-router) by extension 'ignore'
[0.530s] colcon.colcon_core.package_identification Level 1 _identify(deploy/mavlink-router) by extension 'ignore_ament_install'
[0.531s] colcon.colcon_core.package_identification Level 1 _identify(deploy/mavlink-router) by extensions ['colcon_pkg']
[0.531s] colcon.colcon_core.package_identification Level 1 _identify(deploy/mavlink-router) by extension 'colcon_pkg'
[0.531s] colcon.colcon_core.package_identification Level 1 _identify(deploy/mavlink-router) by extensions ['colcon_meta']
[0.531s] colcon.colcon_core.package_identification Level 1 _identify(deploy/mavlink-router) by extension 'colcon_meta'
[0.531s] colcon.colcon_core.package_identification Level 1 _identify(deploy/mavlink-router) by extensions ['ros']
[0.531s] colcon.colcon_core.package_identification Level 1 _identify(deploy/mavlink-router) by extension 'ros'
[0.531s] colcon.colcon_core.package_identification Level 1 _identify(deploy/mavlink-router) by extensions ['cmake', 'python']
[0.531s] colcon.colcon_core.package_identification Level 1 _identify(deploy/mavlink-router) by extension 'cmake'
[0.531s] colcon.colcon_core.package_identification Level 1 _identify(deploy/mavlink-router) by extension 'python'
[0.532s] colcon.colcon_core.package_identification Level 1 _identify(deploy/mavlink-router) by extensions ['python_setup_py']
[0.532s] colcon.colcon_core.package_identification Level 1 _identify(deploy/mavlink-router) by extension 'python_setup_py'
[0.532s] colcon.colcon_core.package_identification Level 1 _identify(install) by extensions ['ignore', 'ignore_ament_install']
[0.532s] colcon.colcon_core.package_identification Level 1 _identify(install) by extension 'ignore'
[0.532s] colcon.colcon_core.package_identification Level 1 _identify(install) ignored
[0.533s] colcon.colcon_core.package_identification Level 1 _identify(log) by extensions ['ignore', 'ignore_ament_install']
[0.533s] colcon.colcon_core.package_identification Level 1 _identify(log) by extension 'ignore'
[0.533s] colcon.colcon_core.package_identification Level 1 _identify(log) ignored
[0.534s] colcon.colcon_core.package_identification Level 1 _identify(scripts) by extensions ['ignore', 'ignore_ament_install']
[0.534s] colcon.colcon_core.package_identification Level 1 _identify(scripts) by extension 'ignore'
[0.535s] colcon.colcon_core.package_identification Level 1 _identify(scripts) by extension 'ignore_ament_install'
[0.535s] colcon.colcon_core.package_identification Level 1 _identify(scripts) by extensions ['colcon_pkg']
[0.535s] colcon.colcon_core.package_identification Level 1 _identify(scripts) by extension 'colcon_pkg'
[0.536s] colcon.colcon_core.package_identification Level 1 _identify(scripts) by extensions ['colcon_meta']
[0.537s] colcon.colcon_core.package_identification Level 1 _identify(scripts) by extension 'colcon_meta'
[0.537s] colcon.colcon_core.package_identification Level 1 _identify(scripts) by extensions ['ros']
[0.538s] colcon.colcon_core.package_identification Level 1 _identify(scripts) by extension 'ros'
[0.538s] colcon.colcon_core.package_identification Level 1 _identify(scripts) by extensions ['cmake', 'python']
[0.538s] colcon.colcon_core.package_identification Level 1 _identify(scripts) by extension 'cmake'
[0.538s] colcon.colcon_core.package_identification Level 1 _identify(scripts) by extension 'python'
[0.539s] colcon.colcon_core.package_identification Level 1 _identify(scripts) by extensions ['python_setup_py']
[0.539s] colcon.colcon_core.package_identification Level 1 _identify(scripts) by extension 'python_setup_py'
[0.539s] colcon.colcon_core.package_identification Level 1 _identify(src) by extensions ['ignore', 'ignore_ament_install']
[0.539s] colcon.colcon_core.package_identification Level 1 _identify(src) by extension 'ignore'
[0.540s] colcon.colcon_core.package_identification Level 1 _identify(src) by extension 'ignore_ament_install'
[0.540s] colcon.colcon_core.package_identification Level 1 _identify(src) by extensions ['colcon_pkg']
[0.540s] colcon.colcon_core.package_identification Level 1 _identify(src) by extension 'colcon_pkg'
[0.540s] colcon.colcon_core.package_identification Level 1 _identify(src) by extensions ['colcon_meta']
[0.540s] colcon.colcon_core.package_identification Level 1 _identify(src) by extension 'colcon_meta'
[0.541s] colcon.colcon_core.package_identification Level 1 _identify(src) by extensions ['ros']
[0.541s] colcon.colcon_core.package_identification Level 1 _identify(src) by extension 'ros'
[0.541s] colcon.colcon_core.package_identification Level 1 _identify(src) by extensions ['cmake', 'python']
[0.542s] colcon.colcon_core.package_identification Level 1 _identify(src) by extension 'cmake'
[0.543s] colcon.colcon_core.package_identification Level 1 _identify(src) by extension 'python'
[0.543s] colcon.colcon_core.package_identification Level 1 _identify(src) by extensions ['python_setup_py']
[0.543s] colcon.colcon_core.package_identification Level 1 _identify(src) by extension 'python_setup_py'
[0.543s] colcon.colcon_core.package_identification Level 1 _identify(src/ryugu_control) by extensions ['ignore', 'ignore_ament_install']
[0.544s] colcon.colcon_core.package_identification Level 1 _identify(src/ryugu_control) by extension 'ignore'
[0.544s] colcon.colcon_core.package_identification Level 1 _identify(src/ryugu_control) by extension 'ignore_ament_install'
[0.544s] colcon.colcon_core.package_identification Level 1 _identify(src/ryugu_control) by extensions ['colcon_pkg']
[0.544s] colcon.colcon_core.package_identification Level 1 _identify(src/ryugu_control) by extension 'colcon_pkg'
[0.545s] colcon.colcon_core.package_identification Level 1 _identify(src/ryugu_control) by extensions ['colcon_meta']
[0.545s] colcon.colcon_core.package_identification Level 1 _identify(src/ryugu_control) by extension 'colcon_meta'
[0.545s] colcon.colcon_core.package_identification Level 1 _identify(src/ryugu_control) by extensions ['ros']
[0.545s] colcon.colcon_core.package_identification Level 1 _identify(src/ryugu_control) by extension 'ros'
[0.558s] colcon.colcon_core.package_identification DEBUG Package 'src/ryugu_control' with type 'ros.ament_python' and name 'ryugu_control'
[0.559s] colcon.colcon_core.package_identification Level 1 _identify(tests) by extensions ['ignore', 'ignore_ament_install']
[0.559s] colcon.colcon_core.package_identification Level 1 _identify(tests) by extension 'ignore'
[0.560s] colcon.colcon_core.package_identification Level 1 _identify(tests) by extension 'ignore_ament_install'
[0.560s] colcon.colcon_core.package_identification Level 1 _identify(tests) by extensions ['colcon_pkg']
[0.560s] colcon.colcon_core.package_identification Level 1 _identify(tests) by extension 'colcon_pkg'
[0.560s] colcon.colcon_core.package_identification Level 1 _identify(tests) by extensions ['colcon_meta']
[0.560s] colcon.colcon_core.package_identification Level 1 _identify(tests) by extension 'colcon_meta'
[0.561s] colcon.colcon_core.package_identification Level 1 _identify(tests) by extensions ['ros']
[0.561s] colcon.colcon_core.package_identification Level 1 _identify(tests) by extension 'ros'
[0.561s] colcon.colcon_core.package_identification Level 1 _identify(tests) by extensions ['cmake', 'python']
[0.561s] colcon.colcon_core.package_identification Level 1 _identify(tests) by extension 'cmake'
[0.562s] colcon.colcon_core.package_identification Level 1 _identify(tests) by extension 'python'
[0.562s] colcon.colcon_core.package_identification Level 1 _identify(tests) by extensions ['python_setup_py']
[0.563s] colcon.colcon_core.package_identification Level 1 _identify(tests) by extension 'python_setup_py'
[0.564s] colcon.colcon_core.package_identification Level 1 _identify(tests/comm) by extensions ['ignore', 'ignore_ament_install']
[0.564s] colcon.colcon_core.package_identification Level 1 _identify(tests/comm) by extension 'ignore'
[0.564s] colcon.colcon_core.package_identification Level 1 _identify(tests/comm) by extension 'ignore_ament_install'
[0.565s] colcon.colcon_core.package_identification Level 1 _identify(tests/comm) by extensions ['colcon_pkg']
[0.565s] colcon.colcon_core.package_identification Level 1 _identify(tests/comm) by extension 'colcon_pkg'
[0.565s] colcon.colcon_core.package_identification Level 1 _identify(tests/comm) by extensions ['colcon_meta']
[0.566s] colcon.colcon_core.package_identification Level 1 _identify(tests/comm) by extension 'colcon_meta'
[0.566s] colcon.colcon_core.package_identification Level 1 _identify(tests/comm) by extensions ['ros']
[0.566s] colcon.colcon_core.package_identification Level 1 _identify(tests/comm) by extension 'ros'
[0.566s] colcon.colcon_core.package_identification Level 1 _identify(tests/comm) by extensions ['cmake', 'python']
[0.567s] colcon.colcon_core.package_identification Level 1 _identify(tests/comm) by extension 'cmake'
[0.567s] colcon.colcon_core.package_identification Level 1 _identify(tests/comm) by extension 'python'
[0.567s] colcon.colcon_core.package_identification Level 1 _identify(tests/comm) by extensions ['python_setup_py']
[0.567s] colcon.colcon_core.package_identification Level 1 _identify(tests/comm) by extension 'python_setup_py'
[0.568s] colcon.colcon_core.package_identification Level 1 _identify(tests/control) by extensions ['ignore', 'ignore_ament_install']
[0.568s] colcon.colcon_core.package_identification Level 1 _identify(tests/control) by extension 'ignore'
[0.568s] colcon.colcon_core.package_identification Level 1 _identify(tests/control) by extension 'ignore_ament_install'
[0.568s] colcon.colcon_core.package_identification Level 1 _identify(tests/control) by extensions ['colcon_pkg']
[0.569s] colcon.colcon_core.package_identification Level 1 _identify(tests/control) by extension 'colcon_pkg'
[0.569s] colcon.colcon_core.package_identification Level 1 _identify(tests/control) by extensions ['colcon_meta']
[0.569s] colcon.colcon_core.package_identification Level 1 _identify(tests/control) by extension 'colcon_meta'
[0.569s] colcon.colcon_core.package_identification Level 1 _identify(tests/control) by extensions ['ros']
[0.569s] colcon.colcon_core.package_identification Level 1 _identify(tests/control) by extension 'ros'
[0.570s] colcon.colcon_core.package_identification Level 1 _identify(tests/control) by extensions ['cmake', 'python']
[0.570s] colcon.colcon_core.package_identification Level 1 _identify(tests/control) by extension 'cmake'
[0.570s] colcon.colcon_core.package_identification Level 1 _identify(tests/control) by extension 'python'
[0.570s] colcon.colcon_core.package_identification Level 1 _identify(tests/control) by extensions ['python_setup_py']
[0.570s] colcon.colcon_core.package_identification Level 1 _identify(tests/control) by extension 'python_setup_py'
[0.571s] colcon.colcon_core.package_identification Level 1 _identify(tests/control/__pycache__) by extensions ['ignore', 'ignore_ament_install']
[0.571s] colcon.colcon_core.package_identification Level 1 _identify(tests/control/__pycache__) by extension 'ignore'
[0.571s] colcon.colcon_core.package_identification Level 1 _identify(tests/control/__pycache__) by extension 'ignore_ament_install'
[0.571s] colcon.colcon_core.package_identification Level 1 _identify(tests/control/__pycache__) by extensions ['colcon_pkg']
[0.572s] colcon.colcon_core.package_identification Level 1 _identify(tests/control/__pycache__) by extension 'colcon_pkg'
[0.572s] colcon.colcon_core.package_identification Level 1 _identify(tests/control/__pycache__) by extensions ['colcon_meta']
[0.572s] colcon.colcon_core.package_identification Level 1 _identify(tests/control/__pycache__) by extension 'colcon_meta'
[0.572s] colcon.colcon_core.package_identification Level 1 _identify(tests/control/__pycache__) by extensions ['ros']
[0.572s] colcon.colcon_core.package_identification Level 1 _identify(tests/control/__pycache__) by extension 'ros'
[0.573s] colcon.colcon_core.package_identification Level 1 _identify(tests/control/__pycache__) by extensions ['cmake', 'python']
[0.573s] colcon.colcon_core.package_identification Level 1 _identify(tests/control/__pycache__) by extension 'cmake'
[0.573s] colcon.colcon_core.package_identification Level 1 _identify(tests/control/__pycache__) by extension 'python'
[0.573s] colcon.colcon_core.package_identification Level 1 _identify(tests/control/__pycache__) by extensions ['python_setup_py']
[0.573s] colcon.colcon_core.package_identification Level 1 _identify(tests/control/__pycache__) by extension 'python_setup_py'
[0.574s] colcon.colcon_core.package_identification Level 1 _identify(tests/streaming) by extensions ['ignore', 'ignore_ament_install']
[0.574s] colcon.colcon_core.package_identification Level 1 _identify(tests/streaming) by extension 'ignore'
[0.574s] colcon.colcon_core.package_identification Level 1 _identify(tests/streaming) by extension 'ignore_ament_install'
[0.575s] colcon.colcon_core.package_identification Level 1 _identify(tests/streaming) by extensions ['colcon_pkg']
[0.575s] colcon.colcon_core.package_identification Level 1 _identify(tests/streaming) by extension 'colcon_pkg'
[0.575s] colcon.colcon_core.package_identification Level 1 _identify(tests/streaming) by extensions ['colcon_meta']
[0.575s] colcon.colcon_core.package_identification Level 1 _identify(tests/streaming) by extension 'colcon_meta'
[0.576s] colcon.colcon_core.package_identification Level 1 _identify(tests/streaming) by extensions ['ros']
[0.576s] colcon.colcon_core.package_identification Level 1 _identify(tests/streaming) by extension 'ros'
[0.576s] colcon.colcon_core.package_identification Level 1 _identify(tests/streaming) by extensions ['cmake', 'python']
[0.576s] colcon.colcon_core.package_identification Level 1 _identify(tests/streaming) by extension 'cmake'
[0.576s] colcon.colcon_core.package_identification Level 1 _identify(tests/streaming) by extension 'python'
[0.577s] colcon.colcon_core.package_identification Level 1 _identify(tests/streaming) by extensions ['python_setup_py']
[0.577s] colcon.colcon_core.package_identification Level 1 _identify(tests/streaming) by extension 'python_setup_py'
[0.577s] colcon.colcon_core.package_identification Level 1 _identify(tests/streaming/__pycache__) by extensions ['ignore', 'ignore_ament_install']
[0.578s] colcon.colcon_core.package_identification Level 1 _identify(tests/streaming/__pycache__) by extension 'ignore'
[0.578s] colcon.colcon_core.package_identification Level 1 _identify(tests/streaming/__pycache__) by extension 'ignore_ament_install'
[0.578s] colcon.colcon_core.package_identification Level 1 _identify(tests/streaming/__pycache__) by extensions ['colcon_pkg']
[0.578s] colcon.colcon_core.package_identification Level 1 _identify(tests/streaming/__pycache__) by extension 'colcon_pkg'
[0.578s] colcon.colcon_core.package_identification Level 1 _identify(tests/streaming/__pycache__) by extensions ['colcon_meta']
[0.579s] colcon.colcon_core.package_identification Level 1 _identify(tests/streaming/__pycache__) by extension 'colcon_meta'
[0.579s] colcon.colcon_core.package_identification Level 1 _identify(tests/streaming/__pycache__) by extensions ['ros']
[0.579s] colcon.colcon_core.package_identification Level 1 _identify(tests/streaming/__pycache__) by extension 'ros'
[0.579s] colcon.colcon_core.package_identification Level 1 _identify(tests/streaming/__pycache__) by extensions ['cmake', 'python']
[0.579s] colcon.colcon_core.package_identification Level 1 _identify(tests/streaming/__pycache__) by extension 'cmake'
[0.579s] colcon.colcon_core.package_identification Level 1 _identify(tests/streaming/__pycache__) by extension 'python'
[0.579s] colcon.colcon_core.package_identification Level 1 _identify(tests/streaming/__pycache__) by extensions ['python_setup_py']
[0.580s] colcon.colcon_core.package_identification Level 1 _identify(tests/streaming/__pycache__) by extension 'python_setup_py'
[0.580s] colcon.colcon_core.package_discovery Level 1 discover_packages(recursive) using defaults
[0.580s] colcon.colcon_core.package_discovery Level 1 discover_packages(ignore) discover
[0.580s] colcon.colcon_core.package_discovery Level 1 discover_packages(ignore) using defaults
[0.580s] colcon.colcon_core.package_discovery Level 1 discover_packages(path) discover
[0.580s] colcon.colcon_core.package_discovery Level 1 discover_packages(path) using defaults
[0.632s] colcon.colcon_core.package_discovery Level 1 discover_packages(prefix_path) check parameters
[0.632s] colcon.colcon_core.package_discovery Level 1 discover_packages(prefix_path) discover
[0.638s] colcon.colcon_installed_package_information.package_discovery DEBUG Found 280 installed packages in /opt/ros/humble
[0.641s] colcon.colcon_core.package_discovery Level 1 discover_packages(prefix_path) using defaults
[0.748s] colcon.colcon_core.verb Level 5 set package 'ryugu_control' build argument 'cmake_args' from command line to 'None'
[0.748s] colcon.colcon_core.verb Level 5 set package 'ryugu_control' build argument 'cmake_target' from command line to 'None'
[0.748s] colcon.colcon_core.verb Level 5 set package 'ryugu_control' build argument 'cmake_target_skip_unavailable' from command line to 'False'
[0.748s] colcon.colcon_core.verb Level 5 set package 'ryugu_control' build argument 'cmake_clean_cache' from command line to 'False'
[0.748s] colcon.colcon_core.verb Level 5 set package 'ryugu_control' build argument 'cmake_clean_first' from command line to 'False'
[0.748s] colcon.colcon_core.verb Level 5 set package 'ryugu_control' build argument 'cmake_force_configure' from command line to 'False'
[0.748s] colcon.colcon_core.verb Level 5 set package 'ryugu_control' build argument 'ament_cmake_args' from command line to 'None'
[0.749s] colcon.colcon_core.verb Level 5 set package 'ryugu_control' build argument 'catkin_cmake_args' from command line to 'None'
[0.749s] colcon.colcon_core.verb Level 5 set package 'ryugu_control' build argument 'catkin_skip_building_tests' from command line to 'False'
[0.749s] colcon.colcon_core.verb DEBUG Building package 'ryugu_control' with the following arguments: {'ament_cmake_args': None, 'build_base': '/home/icad/RYUGU-ROV-CompanionComputer/build/ryugu_control', 'catkin_cmake_args': None, 'catkin_skip_building_tests': False, 'cmake_args': None, 'cmake_clean_cache': False, 'cmake_clean_first': False, 'cmake_force_configure': False, 'cmake_target': None, 'cmake_target_skip_unavailable': False, 'install_base': '/home/icad/RYUGU-ROV-CompanionComputer/install/ryugu_control', 'merge_install': False, 'path': '/home/icad/RYUGU-ROV-CompanionComputer/src/ryugu_control', 'symlink_install': True, 'test_result_base': None}
[0.749s] colcon.colcon_core.executor INFO Executing jobs using 'parallel' executor
[0.753s] colcon.colcon_parallel_executor.executor.parallel DEBUG run_until_complete
[0.754s] colcon.colcon_ros.task.ament_python.build INFO Building ROS package in '/home/icad/RYUGU-ROV-CompanionComputer/src/ryugu_control' with build type 'ament_python'
[0.754s] colcon.colcon_core.shell Level 1 create_environment_hook('ryugu_control', 'ament_prefix_path')
[0.759s] colcon.colcon_core.plugin_system INFO Skipping extension 'colcon_core.shell.bat': Not used on non-Windows systems
[0.759s] colcon.colcon_core.shell INFO Creating environment hook '/home/icad/RYUGU-ROV-CompanionComputer/install/ryugu_control/share/ryugu_control/hook/ament_prefix_path.ps1'
[0.761s] colcon.colcon_core.shell INFO Creating environment descriptor '/home/icad/RYUGU-ROV-CompanionComputer/install/ryugu_control/share/ryugu_control/hook/ament_prefix_path.dsv'
[0.762s] colcon.colcon_core.shell INFO Creating environment hook '/home/icad/RYUGU-ROV-CompanionComputer/install/ryugu_control/share/ryugu_control/hook/ament_prefix_path.sh'
[0.765s] colcon.colcon_core.shell INFO Skip shell extension 'powershell' for command environment: Not usable outside of PowerShell
[0.765s] colcon.colcon_core.shell DEBUG Skip shell extension 'dsv' for command environment
[1.504s] colcon.colcon_core.task.python.build INFO Building Python package in '/home/icad/RYUGU-ROV-CompanionComputer/src/ryugu_control'
[1.505s] colcon.colcon_core.shell INFO Skip shell extension 'powershell' for command environment: Not usable outside of PowerShell
[1.505s] colcon.colcon_core.shell DEBUG Skip shell extension 'dsv' for command environment
[3.727s] colcon.colcon_core.task.python.build DEBUG Available setuptools commands: setopt, check, build_scripts, install_headers, symlink_data, bdist_rpm, test, bdist, clean, install, register, bdist_dumb, bdist_wheel, saveopts, editable_wheel, easy_install, install_lib, install_scripts, build_py, dist_info, upload, develop, install_data, alias, build_ext, build_clib, install_egg_info, upload_docs, bdist_egg, egg_info, rotate, build, sdist
[4.804s] colcon.colcon_core.task.python.build DEBUG Available setuptools 'develop' options: --verbose, --no-user-cfg, --help, --editable, --user, --record, --zip-ok, --uninstall, --allow-hosts, --exclude-scripts, --build-directory, --optimize, --find-links, --multi-version, --quiet, --script-dir, --egg-path, --no-find-links, --dry-run, --prefix, --install-dir, --index-url, --always-copy, --site-dirs, --version, --no-deps, --always-unzip, --upgrade, --local-snapshots-ok
[4.808s] colcon.colcon_core.event_handler.log_command DEBUG Invoking command in '/home/icad/RYUGU-ROV-CompanionComputer/build/ryugu_control': PYTHONPATH=/home/icad/RYUGU-ROV-CompanionComputer/build/ryugu_control/prefix_override:/usr/lib/python3/dist-packages/colcon_core/task/python/colcon_distutils_commands:/home/icad/RYUGU-ROV-CompanionComputer/install/ryugu_control/lib/python3.10/site-packages:${PYTHONPATH} /usr/bin/python3 -W ignore:setup.py install is deprecated -W ignore:easy_install command is deprecated setup.py develop --editable --build-directory /home/icad/RYUGU-ROV-CompanionComputer/build/ryugu_control/build --no-deps symlink_data
[7.050s] colcon.colcon_core.shell Level 1 create_environment_hook('ryugu_control', 'pythonpath_develop')
[7.052s] colcon.colcon_core.shell INFO Creating environment hook '/home/icad/RYUGU-ROV-CompanionComputer/build/ryugu_control/share/ryugu_control/hook/pythonpath_develop.ps1'
[7.052s] colcon.colcon_core.event_handler.log_command DEBUG Invoked command in '/home/icad/RYUGU-ROV-CompanionComputer/build/ryugu_control' returned '0': PYTHONPATH=/home/icad/RYUGU-ROV-CompanionComputer/build/ryugu_control/prefix_override:/usr/lib/python3/dist-packages/colcon_core/task/python/colcon_distutils_commands:/home/icad/RYUGU-ROV-CompanionComputer/install/ryugu_control/lib/python3.10/site-packages:${PYTHONPATH} /usr/bin/python3 -W ignore:setup.py install is deprecated -W ignore:easy_install command is deprecated setup.py develop --editable --build-directory /home/icad/RYUGU-ROV-CompanionComputer/build/ryugu_control/build --no-deps symlink_data
[7.054s] colcon.colcon_core.shell INFO Creating environment descriptor '/home/icad/RYUGU-ROV-CompanionComputer/build/ryugu_control/share/ryugu_control/hook/pythonpath_develop.dsv'
[7.056s] colcon.colcon_core.shell INFO Creating environment hook '/home/icad/RYUGU-ROV-CompanionComputer/build/ryugu_control/share/ryugu_control/hook/pythonpath_develop.sh'
[7.064s] colcon.colcon_core.environment Level 1 checking '/home/icad/RYUGU-ROV-CompanionComputer/install/ryugu_control' for CMake module files
[7.065s] colcon.colcon_core.environment Level 1 checking '/home/icad/RYUGU-ROV-CompanionComputer/install/ryugu_control' for CMake config files
[7.068s] colcon.colcon_core.environment Level 1 checking '/home/icad/RYUGU-ROV-CompanionComputer/install/ryugu_control/lib'
[7.068s] colcon.colcon_core.environment Level 1 checking '/home/icad/RYUGU-ROV-CompanionComputer/install/ryugu_control/bin'
[7.069s] colcon.colcon_core.environment Level 1 checking '/home/icad/RYUGU-ROV-CompanionComputer/install/ryugu_control/lib/pkgconfig/ryugu_control.pc'
[7.072s] colcon.colcon_core.environment Level 1 checking '/home/icad/RYUGU-ROV-CompanionComputer/install/ryugu_control/lib/python3.10/site-packages'
[7.072s] colcon.colcon_core.shell Level 1 create_environment_hook('ryugu_control', 'pythonpath')
[7.073s] colcon.colcon_core.shell INFO Creating environment hook '/home/icad/RYUGU-ROV-CompanionComputer/install/ryugu_control/share/ryugu_control/hook/pythonpath.ps1'
[7.078s] colcon.colcon_core.shell INFO Creating environment descriptor '/home/icad/RYUGU-ROV-CompanionComputer/install/ryugu_control/share/ryugu_control/hook/pythonpath.dsv'
[7.085s] colcon.colcon_core.shell INFO Creating environment hook '/home/icad/RYUGU-ROV-CompanionComputer/install/ryugu_control/share/ryugu_control/hook/pythonpath.sh'
[7.089s] colcon.colcon_core.environment Level 1 checking '/home/icad/RYUGU-ROV-CompanionComputer/install/ryugu_control/bin'
[7.089s] colcon.colcon_core.environment Level 1 create_environment_scripts_only(ryugu_control)
[7.092s] colcon.colcon_core.shell INFO Creating package script '/home/icad/RYUGU-ROV-CompanionComputer/install/ryugu_control/share/ryugu_control/package.ps1'
[7.096s] colcon.colcon_core.shell INFO Creating package descriptor '/home/icad/RYUGU-ROV-CompanionComputer/install/ryugu_control/share/ryugu_control/package.dsv'
[7.100s] colcon.colcon_core.shell INFO Creating package script '/home/icad/RYUGU-ROV-CompanionComputer/install/ryugu_control/share/ryugu_control/package.sh'
[7.104s] colcon.colcon_core.shell INFO Creating package script '/home/icad/RYUGU-ROV-CompanionComputer/install/ryugu_control/share/ryugu_control/package.bash'
[7.107s] colcon.colcon_core.shell INFO Creating package script '/home/icad/RYUGU-ROV-CompanionComputer/install/ryugu_control/share/ryugu_control/package.zsh'
[7.112s] colcon.colcon_core.environment Level 1 create_file_with_runtime_dependencies(/home/icad/RYUGU-ROV-CompanionComputer/install/ryugu_control/share/colcon-core/packages/ryugu_control)
[7.115s] colcon.colcon_parallel_executor.executor.parallel DEBUG closing loop
[7.116s] colcon.colcon_parallel_executor.executor.parallel DEBUG loop closed
[7.116s] colcon.colcon_parallel_executor.executor.parallel DEBUG run_until_complete finished with '0'
[7.117s] colcon.colcon_core.event_reactor DEBUG joining thread
[7.118s] colcon.colcon_core.event_reactor DEBUG joined thread
[7.119s] colcon.colcon_core.shell INFO Creating prefix script '/home/icad/RYUGU-ROV-CompanionComputer/install/local_setup.ps1'
[7.122s] colcon.colcon_core.shell INFO Creating prefix util module '/home/icad/RYUGU-ROV-CompanionComputer/install/_local_setup_util_ps1.py'
[7.129s] colcon.colcon_core.shell INFO Creating prefix chain script '/home/icad/RYUGU-ROV-CompanionComputer/install/setup.ps1'
[7.135s] colcon.colcon_core.shell INFO Creating prefix script '/home/icad/RYUGU-ROV-CompanionComputer/install/local_setup.sh'
[7.137s] colcon.colcon_core.shell INFO Creating prefix util module '/home/icad/RYUGU-ROV-CompanionComputer/install/_local_setup_util_sh.py'
[7.139s] colcon.colcon_core.shell INFO Creating prefix chain script '/home/icad/RYUGU-ROV-CompanionComputer/install/setup.sh'
[7.143s] colcon.colcon_core.shell INFO Creating prefix script '/home/icad/RYUGU-ROV-CompanionComputer/install/local_setup.bash'
[7.146s] colcon.colcon_core.shell INFO Creating prefix chain script '/home/icad/RYUGU-ROV-CompanionComputer/install/setup.bash'
[7.152s] colcon.colcon_core.shell INFO Creating prefix script '/home/icad/RYUGU-ROV-CompanionComputer/install/local_setup.zsh'
[7.154s] colcon.colcon_core.shell INFO Creating prefix chain script '/home/icad/RYUGU-ROV-CompanionComputer/install/setup.zsh'
