[0.000000] (-) TimerEvent: {}
[0.000250] (ryugu_control) JobQueued: {'identifier': 'ryugu_control', 'dependencies': OrderedDict()}
[0.001029] (ryugu_control) JobStarted: {'identifier': 'ryugu_control'}
[0.099395] (-) TimerEvent: {}
[0.199784] (-) TimerEvent: {}
[0.300153] (-) TimerEvent: {}
[0.400531] (-) TimerEvent: {}
[0.500905] (-) TimerEvent: {}
[0.601374] (-) TimerEvent: {}
[0.701770] (-) TimerEvent: {}
[0.802142] (-) TimerEvent: {}
[0.902529] (-) TimerEvent: {}
[1.002942] (-) TimerEvent: {}
[1.103333] (-) TimerEvent: {}
[1.203773] (-) TimerEvent: {}
[1.304220] (-) TimerEvent: {}
[1.404647] (-) TimerEvent: {}
[1.419953] (ryugu_control) Command: {'cmd': ['/usr/bin/python3', '-W', 'ignore:setup.py install is deprecated', '-W', 'ignore:easy_install command is deprecated', 'setup.py', 'develop', '--uninstall', '--editable', '--build-directory', '/home/icad/RYUGU-ROV-CompanionComputer/build/ryugu_control/build'], 'cwd': '/home/icad/RYUGU-ROV-CompanionComputer/build/ryugu_control', 'env': {'USER': 'icad', 'SSH_CLIENT': '192.168.1.100 60969 22', 'XDG_SESSION_TYPE': 'tty', 'SHLVL': '0', 'LD_LIBRARY_PATH': '/opt/ros/humble/opt/rviz_ogre_vendor/lib:/opt/ros/humble/lib/aarch64-linux-gnu:/opt/ros/humble/lib', 'MOTD_SHOWN': 'pam', 'HOME': '/home/icad', 'OLDPWD': '/home/icad', 'ROS_PYTHON_VERSION': '3', 'DBUS_SESSION_BUS_ADDRESS': 'unix:path=/run/user/1000/bus', 'COLCON_PREFIX_PATH': '/home/icad/RYUGU-ROV-CompanionComputer/install', 'ROS_DISTRO': 'humble', 'LOGNAME': 'icad', '_': '/usr/bin/colcon', 'ROS_VERSION': '2', 'XDG_SESSION_CLASS': 'user', 'XDG_SESSION_ID': '10', 'ROS_LOCALHOST_ONLY': '0', 'PATH': '/opt/ros/humble/bin:/usr/local/sbin:/usr/local/bin:/usr/sbin:/usr/bin:/sbin:/bin:/usr/games:/usr/local/games:/snap/bin', 'XDG_RUNTIME_DIR': '/run/user/1000', 'LANG': 'en_US.UTF-8', 'AMENT_PREFIX_PATH': '/home/icad/RYUGU-ROV-CompanionComputer/install/ryugu_control:/opt/ros/humble', 'SHELL': '/bin/bash', 'PWD': '/home/icad/RYUGU-ROV-CompanionComputer/build/ryugu_control', 'LC_ALL': 'en_US.UTF-8', 'SSH_CONNECTION': '192.168.1.100 60969 192.168.1.10 22', 'PYTHONPATH': '/home/icad/RYUGU-ROV-CompanionComputer/build/ryugu_control/prefix_override:/usr/lib/python3/dist-packages/colcon_core/task/python/colcon_distutils_commands:/home/icad/RYUGU-ROV-CompanionComputer/install/ryugu_control/lib/python3.10/site-packages:/home/icad/RYUGU-ROV-CompanionComputer/build/ryugu_control:/home/icad/RYUGU-ROV-CompanionComputer/install/ryugu_control/lib/python3.10/site-packages:/opt/ros/humble/lib/python3.10/site-packages:/opt/ros/humble/local/lib/python3.10/dist-packages', 'COLCON': '1'}, 'shell': False}
[1.504798] (-) TimerEvent: {}
[1.605166] (-) TimerEvent: {}
[1.705530] (-) TimerEvent: {}
[1.805897] (-) TimerEvent: {}
[1.906269] (-) TimerEvent: {}
[2.006651] (-) TimerEvent: {}
[2.022872] (ryugu_control) StdoutLine: {'line': b'running develop\n'}
[2.106776] (-) TimerEvent: {}
[2.207150] (-) TimerEvent: {}
[2.307513] (-) TimerEvent: {}
[2.407871] (-) TimerEvent: {}
[2.418901] (ryugu_control) StdoutLine: {'line': b'Removing /home/icad/RYUGU-ROV-CompanionComputer/install/ryugu_control/lib/python3.10/site-packages/ryugu-control.egg-link (link to .)\n'}
[2.496526] (ryugu_control) CommandEnded: {'returncode': 0}
[2.499751] (ryugu_control) Command: {'cmd': ['/usr/bin/python3', '-W', 'ignore:setup.py install is deprecated', '-W', 'ignore:easy_install command is deprecated', 'setup.py', 'egg_info', '--egg-base', '../../build/ryugu_control', 'build', '--build-base', '/home/icad/RYUGU-ROV-CompanionComputer/build/ryugu_control/build', 'install', '--record', '/home/icad/RYUGU-ROV-CompanionComputer/build/ryugu_control/install.log', '--install-scripts', '$base/lib/ryugu_control', '--single-version-externally-managed', 'install_data', '--force'], 'cwd': '/home/icad/RYUGU-ROV-CompanionComputer/src/ryugu_control', 'env': {'USER': 'icad', 'SSH_CLIENT': '192.168.1.100 60969 22', 'XDG_SESSION_TYPE': 'tty', 'SHLVL': '0', 'LD_LIBRARY_PATH': '/opt/ros/humble/opt/rviz_ogre_vendor/lib:/opt/ros/humble/lib/aarch64-linux-gnu:/opt/ros/humble/lib', 'MOTD_SHOWN': 'pam', 'HOME': '/home/icad', 'OLDPWD': '/home/icad', 'ROS_PYTHON_VERSION': '3', 'DBUS_SESSION_BUS_ADDRESS': 'unix:path=/run/user/1000/bus', 'COLCON_PREFIX_PATH': '/home/icad/RYUGU-ROV-CompanionComputer/install', 'ROS_DISTRO': 'humble', 'LOGNAME': 'icad', '_': '/usr/bin/colcon', 'ROS_VERSION': '2', 'XDG_SESSION_CLASS': 'user', 'XDG_SESSION_ID': '10', 'ROS_LOCALHOST_ONLY': '0', 'PATH': '/opt/ros/humble/bin:/usr/local/sbin:/usr/local/bin:/usr/sbin:/usr/bin:/sbin:/bin:/usr/games:/usr/local/games:/snap/bin', 'XDG_RUNTIME_DIR': '/run/user/1000', 'LANG': 'en_US.UTF-8', 'AMENT_PREFIX_PATH': '/home/icad/RYUGU-ROV-CompanionComputer/install/ryugu_control:/opt/ros/humble', 'SHELL': '/bin/bash', 'PWD': '/home/icad/RYUGU-ROV-CompanionComputer/build/ryugu_control', 'LC_ALL': 'en_US.UTF-8', 'SSH_CONNECTION': '192.168.1.100 60969 192.168.1.10 22', 'PYTHONPATH': '/home/icad/RYUGU-ROV-CompanionComputer/build/ryugu_control/prefix_override:/usr/lib/python3/dist-packages/colcon_core/task/python/colcon_distutils_commands:/home/icad/RYUGU-ROV-CompanionComputer/install/ryugu_control/lib/python3.10/site-packages:/home/icad/RYUGU-ROV-CompanionComputer/build/ryugu_control:/home/icad/RYUGU-ROV-CompanionComputer/install/ryugu_control/lib/python3.10/site-packages:/opt/ros/humble/lib/python3.10/site-packages:/opt/ros/humble/local/lib/python3.10/dist-packages', 'COLCON': '1'}, 'shell': False}
[2.507999] (-) TimerEvent: {}
[2.608362] (-) TimerEvent: {}
[2.708726] (-) TimerEvent: {}
[2.809091] (-) TimerEvent: {}
[2.909578] (-) TimerEvent: {}
[3.009949] (-) TimerEvent: {}
[3.061494] (ryugu_control) StdoutLine: {'line': b'running egg_info\n'}
[3.062923] (ryugu_control) StdoutLine: {'line': b'writing ../../build/ryugu_control/ryugu_control.egg-info/PKG-INFO\n'}
[3.063565] (ryugu_control) StdoutLine: {'line': b'writing dependency_links to ../../build/ryugu_control/ryugu_control.egg-info/dependency_links.txt\n'}
[3.064038] (ryugu_control) StdoutLine: {'line': b'writing entry points to ../../build/ryugu_control/ryugu_control.egg-info/entry_points.txt\n'}
[3.064482] (ryugu_control) StdoutLine: {'line': b'writing requirements to ../../build/ryugu_control/ryugu_control.egg-info/requires.txt\n'}
[3.064865] (ryugu_control) StdoutLine: {'line': b'writing top-level names to ../../build/ryugu_control/ryugu_control.egg-info/top_level.txt\n'}
[3.069145] (ryugu_control) StdoutLine: {'line': b"reading manifest file '../../build/ryugu_control/ryugu_control.egg-info/SOURCES.txt'\n"}
[3.071214] (ryugu_control) StdoutLine: {'line': b"writing manifest file '../../build/ryugu_control/ryugu_control.egg-info/SOURCES.txt'\n"}
[3.071668] (ryugu_control) StdoutLine: {'line': b'running build\n'}
[3.071858] (ryugu_control) StdoutLine: {'line': b'running build_py\n'}
[3.072230] (ryugu_control) StdoutLine: {'line': b'copying ryugu_control/gcs_bridge_node.py -> /home/icad/RYUGU-ROV-CompanionComputer/build/ryugu_control/build/lib/ryugu_control\n'}
[3.073206] (ryugu_control) StdoutLine: {'line': b'running install\n'}
[3.073943] (ryugu_control) StdoutLine: {'line': b'running install_lib\n'}
[3.078138] (ryugu_control) StdoutLine: {'line': b'creating /home/icad/RYUGU-ROV-CompanionComputer/install/ryugu_control/lib/python3.10/site-packages/ryugu_control\n'}
[3.078548] (ryugu_control) StdoutLine: {'line': b'copying /home/icad/RYUGU-ROV-CompanionComputer/build/ryugu_control/build/lib/ryugu_control/gcs_bridge_node.py -> /home/icad/RYUGU-ROV-CompanionComputer/install/ryugu_control/lib/python3.10/site-packages/ryugu_control\n'}
[3.078945] (ryugu_control) StdoutLine: {'line': b'copying /home/icad/RYUGU-ROV-CompanionComputer/build/ryugu_control/build/lib/ryugu_control/__init__.py -> /home/icad/RYUGU-ROV-CompanionComputer/install/ryugu_control/lib/python3.10/site-packages/ryugu_control\n'}
[3.079547] (ryugu_control) StdoutLine: {'line': b'copying /home/icad/RYUGU-ROV-CompanionComputer/build/ryugu_control/build/lib/ryugu_control/test_thrusters_gripper.py -> /home/icad/RYUGU-ROV-CompanionComputer/install/ryugu_control/lib/python3.10/site-packages/ryugu_control\n'}
[3.080328] (ryugu_control) StdoutLine: {'line': b'copying /home/icad/RYUGU-ROV-CompanionComputer/build/ryugu_control/build/lib/ryugu_control/test_arming_mode.py -> /home/icad/RYUGU-ROV-CompanionComputer/install/ryugu_control/lib/python3.10/site-packages/ryugu_control\n'}
[3.080794] (ryugu_control) StdoutLine: {'line': b'copying /home/icad/RYUGU-ROV-CompanionComputer/build/ryugu_control/build/lib/ryugu_control/test_sensor_reader.py -> /home/icad/RYUGU-ROV-CompanionComputer/install/ryugu_control/lib/python3.10/site-packages/ryugu_control\n'}
[3.081264] (ryugu_control) StdoutLine: {'line': b'copying /home/icad/RYUGU-ROV-CompanionComputer/build/ryugu_control/build/lib/ryugu_control/webcam_streamer.py -> /home/icad/RYUGU-ROV-CompanionComputer/install/ryugu_control/lib/python3.10/site-packages/ryugu_control\n'}
[3.082967] (ryugu_control) StdoutLine: {'line': b'byte-compiling /home/icad/RYUGU-ROV-CompanionComputer/install/ryugu_control/lib/python3.10/site-packages/ryugu_control/gcs_bridge_node.py to gcs_bridge_node.cpython-310.pyc\n'}
[3.094218] (ryugu_control) StdoutLine: {'line': b'byte-compiling /home/icad/RYUGU-ROV-CompanionComputer/install/ryugu_control/lib/python3.10/site-packages/ryugu_control/__init__.py to __init__.cpython-310.pyc\n'}
[3.094752] (ryugu_control) StdoutLine: {'line': b'byte-compiling /home/icad/RYUGU-ROV-CompanionComputer/install/ryugu_control/lib/python3.10/site-packages/ryugu_control/test_thrusters_gripper.py to test_thrusters_gripper.cpython-310.pyc\n'}
[3.100183] (ryugu_control) StdoutLine: {'line': b'byte-compiling /home/icad/RYUGU-ROV-CompanionComputer/install/ryugu_control/lib/python3.10/site-packages/ryugu_control/test_arming_mode.py to test_arming_mode.cpython-310.pyc\n'}
[3.103988] (ryugu_control) StdoutLine: {'line': b'byte-compiling /home/icad/RYUGU-ROV-CompanionComputer/install/ryugu_control/lib/python3.10/site-packages/ryugu_control/test_sensor_reader.py to test_sensor_reader.cpython-310.pyc\n'}
[3.109084] (ryugu_control) StdoutLine: {'line': b'byte-compiling /home/icad/RYUGU-ROV-CompanionComputer/install/ryugu_control/lib/python3.10/site-packages/ryugu_control/webcam_streamer.py to webcam_streamer.cpython-310.pyc\n'}
[3.110005] (-) TimerEvent: {}
[3.114499] (ryugu_control) StdoutLine: {'line': b'running install_data\n'}
[3.114969] (ryugu_control) StdoutLine: {'line': b'copying resource/ryugu_control -> /home/icad/RYUGU-ROV-CompanionComputer/install/ryugu_control/share/ament_index/resource_index/packages\n'}
[3.115532] (ryugu_control) StdoutLine: {'line': b'copying package.xml -> /home/icad/RYUGU-ROV-CompanionComputer/install/ryugu_control/share/ryugu_control\n'}
[3.116194] (ryugu_control) StdoutLine: {'line': b'copying launch/mavros_sub.launch.py -> /home/icad/RYUGU-ROV-CompanionComputer/install/ryugu_control/share/ryugu_control/launch\n'}
[3.116874] (ryugu_control) StdoutLine: {'line': b'copying launch/ryugu_production.launch.py -> /home/icad/RYUGU-ROV-CompanionComputer/install/ryugu_control/share/ryugu_control/launch\n'}
[3.117385] (ryugu_control) StdoutLine: {'line': b'copying launch/ryugu_GoProduction_QGC.launch.py -> /home/icad/RYUGU-ROV-CompanionComputer/install/ryugu_control/share/ryugu_control/launch\n'}
[3.117945] (ryugu_control) StdoutLine: {'line': b'copying config/ardusub_params.yaml -> /home/icad/RYUGU-ROV-CompanionComputer/install/ryugu_control/share/ryugu_control/config\n'}
[3.118402] (ryugu_control) StdoutLine: {'line': b'running install_egg_info\n'}
[3.122997] (ryugu_control) StdoutLine: {'line': b'Copying ../../build/ryugu_control/ryugu_control.egg-info to /home/icad/RYUGU-ROV-CompanionComputer/install/ryugu_control/lib/python3.10/site-packages/ryugu_control-0.1.0-py3.10.egg-info\n'}
[3.125729] (ryugu_control) StdoutLine: {'line': b'running install_scripts\n'}
[3.172749] (ryugu_control) StdoutLine: {'line': b'Installing gcs_bridge_node script to /home/icad/RYUGU-ROV-CompanionComputer/install/ryugu_control/lib/ryugu_control\n'}
[3.173596] (ryugu_control) StdoutLine: {'line': b'Installing test_arming_mode script to /home/icad/RYUGU-ROV-CompanionComputer/install/ryugu_control/lib/ryugu_control\n'}
[3.173843] (ryugu_control) StdoutLine: {'line': b'Installing test_sensor_reader script to /home/icad/RYUGU-ROV-CompanionComputer/install/ryugu_control/lib/ryugu_control\n'}
[3.174468] (ryugu_control) StdoutLine: {'line': b'Installing test_thrusters_gripper script to /home/icad/RYUGU-ROV-CompanionComputer/install/ryugu_control/lib/ryugu_control\n'}
[3.174692] (ryugu_control) StdoutLine: {'line': b'Installing webcam_streamer script to /home/icad/RYUGU-ROV-CompanionComputer/install/ryugu_control/lib/ryugu_control\n'}
[3.175348] (ryugu_control) StdoutLine: {'line': b"writing list of installed files to '/home/icad/RYUGU-ROV-CompanionComputer/build/ryugu_control/install.log'\n"}
[3.210194] (-) TimerEvent: {}
[3.248817] (ryugu_control) CommandEnded: {'returncode': 0}
[3.284186] (ryugu_control) JobEnded: {'identifier': 'ryugu_control', 'rc': 0}
[3.286087] (-) EventReactorShutdown: {}
