[3.103s] Invoking command in '/home/icad/RYUGU-ROV-CompanionComputer/build/ryugu_control': PYTHONPATH=/home/icad/RYUGU-ROV-CompanionComputer/build/ryugu_control/prefix_override:/usr/lib/python3/dist-packages/colcon_core/task/python/colcon_distutils_commands:/home/icad/RYUGU-ROV-CompanionComputer/install/ryugu_control/lib/python3.10/site-packages:${PYTHONPATH} /usr/bin/python3 -W ignore:setup.py install is deprecated -W ignore:easy_install command is deprecated setup.py develop --editable --build-directory /home/icad/RYUGU-ROV-CompanionComputer/build/ryugu_control/build --no-deps symlink_data
[3.976s] running develop
[4.602s] running egg_info
[4.647s] writing ryugu_control.egg-info/PKG-INFO
[4.649s] writing dependency_links to ryugu_control.egg-info/dependency_links.txt
[4.649s] writing entry points to ryugu_control.egg-info/entry_points.txt
[4.650s] writing requirements to ryugu_control.egg-info/requires.txt
[4.650s] writing top-level names to ryugu_control.egg-info/top_level.txt
[4.746s] reading manifest file 'ryugu_control.egg-info/SOURCES.txt'
[4.748s] writing manifest file 'ryugu_control.egg-info/SOURCES.txt'
[4.801s] running build_ext
[4.801s] Creating /home/icad/RYUGU-ROV-CompanionComputer/install/ryugu_control/lib/python3.10/site-packages/ryugu-control.egg-link (link to .)
[4.803s] Installing gcs_bridge_node script to /home/icad/RYUGU-ROV-CompanionComputer/install/ryugu_control/lib/ryugu_control
[4.804s] Installing hook_detection_node script to /home/icad/RYUGU-ROV-CompanionComputer/install/ryugu_control/lib/ryugu_control
[4.804s] Installing qgc_signal_monitor script to /home/icad/RYUGU-ROV-CompanionComputer/install/ryugu_control/lib/ryugu_control
[4.804s] Installing ryugu_autonomy_node script to /home/icad/RYUGU-ROV-CompanionComputer/install/ryugu_control/lib/ryugu_control
[4.805s] Installing test_arming_mode script to /home/icad/RYUGU-ROV-CompanionComputer/install/ryugu_control/lib/ryugu_control
[4.805s] Installing test_sensor_reader script to /home/icad/RYUGU-ROV-CompanionComputer/install/ryugu_control/lib/ryugu_control
[4.806s] Installing test_thrusters_gripper script to /home/icad/RYUGU-ROV-CompanionComputer/install/ryugu_control/lib/ryugu_control
[4.806s] Installing webcam_streamer script to /home/icad/RYUGU-ROV-CompanionComputer/install/ryugu_control/lib/ryugu_control
[4.807s] 
[4.807s] Installed /home/icad/RYUGU-ROV-CompanionComputer/build/ryugu_control
[4.807s] running symlink_data
[4.912s] Invoked command in '/home/icad/RYUGU-ROV-CompanionComputer/build/ryugu_control' returned '0': PYTHONPATH=/home/icad/RYUGU-ROV-CompanionComputer/build/ryugu_control/prefix_override:/usr/lib/python3/dist-packages/colcon_core/task/python/colcon_distutils_commands:/home/icad/RYUGU-ROV-CompanionComputer/install/ryugu_control/lib/python3.10/site-packages:${PYTHONPATH} /usr/bin/python3 -W ignore:setup.py install is deprecated -W ignore:easy_install command is deprecated setup.py develop --editable --build-directory /home/icad/RYUGU-ROV-CompanionComputer/build/ryugu_control/build --no-deps symlink_data
