[1.389s] Invoking command in '/home/icad/RYUGU-ROV-CompanionComputer/src/ryugu_control': PYTHONPATH=/home/icad/RYUGU-ROV-CompanionComputer/build/ryugu_control/prefix_override:/usr/lib/python3/dist-packages/colcon_core/task/python/colcon_distutils_commands:/home/icad/RYUGU-ROV-CompanionComputer/install/ryugu_control/lib/python3.10/site-packages:${PYTHONPATH} /usr/bin/python3 -W ignore:setup.py install is deprecated -W ignore:easy_install command is deprecated setup.py egg_info --egg-base ../../build/ryugu_control build --build-base /home/icad/RYUGU-ROV-CompanionComputer/build/ryugu_control/build install --record /home/icad/RYUGU-ROV-CompanionComputer/build/ryugu_control/install.log --install-scripts $base/lib/ryugu_control --single-version-externally-managed install_data
[1.925s] running egg_info
[1.926s] writing ../../build/ryugu_control/ryugu_control.egg-info/PKG-INFO
[1.927s] writing dependency_links to ../../build/ryugu_control/ryugu_control.egg-info/dependency_links.txt
[1.927s] writing entry points to ../../build/ryugu_control/ryugu_control.egg-info/entry_points.txt
[1.927s] writing requirements to ../../build/ryugu_control/ryugu_control.egg-info/requires.txt
[1.928s] writing top-level names to ../../build/ryugu_control/ryugu_control.egg-info/top_level.txt
[1.931s] reading manifest file '../../build/ryugu_control/ryugu_control.egg-info/SOURCES.txt'
[1.933s] writing manifest file '../../build/ryugu_control/ryugu_control.egg-info/SOURCES.txt'
[1.934s] running build
[1.934s] running build_py
[1.935s] running install
[1.935s] running install_lib
[1.941s] running install_data
[1.941s] running install_egg_info
[1.945s] removing '/home/icad/RYUGU-ROV-CompanionComputer/install/ryugu_control/lib/python3.10/site-packages/ryugu_control-0.1.0-py3.10.egg-info' (and everything under it)
[1.945s] Copying ../../build/ryugu_control/ryugu_control.egg-info to /home/icad/RYUGU-ROV-CompanionComputer/install/ryugu_control/lib/python3.10/site-packages/ryugu_control-0.1.0-py3.10.egg-info
[1.948s] running install_scripts
[1.992s] Installing gcs_bridge_node script to /home/icad/RYUGU-ROV-CompanionComputer/install/ryugu_control/lib/ryugu_control
[1.992s] Installing test_arming_mode script to /home/icad/RYUGU-ROV-CompanionComputer/install/ryugu_control/lib/ryugu_control
[1.993s] Installing test_sensor_reader script to /home/icad/RYUGU-ROV-CompanionComputer/install/ryugu_control/lib/ryugu_control
[1.993s] Installing test_thrusters_gripper script to /home/icad/RYUGU-ROV-CompanionComputer/install/ryugu_control/lib/ryugu_control
[1.993s] Installing webcam_streamer script to /home/icad/RYUGU-ROV-CompanionComputer/install/ryugu_control/lib/ryugu_control
[1.994s] writing list of installed files to '/home/icad/RYUGU-ROV-CompanionComputer/build/ryugu_control/install.log'
[2.063s] Invoked command in '/home/icad/RYUGU-ROV-CompanionComputer/src/ryugu_control' returned '0': PYTHONPATH=/home/icad/RYUGU-ROV-CompanionComputer/build/ryugu_control/prefix_override:/usr/lib/python3/dist-packages/colcon_core/task/python/colcon_distutils_commands:/home/icad/RYUGU-ROV-CompanionComputer/install/ryugu_control/lib/python3.10/site-packages:${PYTHONPATH} /usr/bin/python3 -W ignore:setup.py install is deprecated -W ignore:easy_install command is deprecated setup.py egg_info --egg-base ../../build/ryugu_control build --build-base /home/icad/RYUGU-ROV-CompanionComputer/build/ryugu_control/build install --record /home/icad/RYUGU-ROV-CompanionComputer/build/ryugu_control/install.log --install-scripts $base/lib/ryugu_control --single-version-externally-managed install_data
