[0.317s] colcon DEBUG Command line arguments: ['/usr/bin/colcon', 'build', '--symlink-install', '--packages-select', 'ryugu_control']
[0.317s] colcon DEBUG Parsed command line arguments: Namespace(log_base=None, log_level=None, verb_name='build', build_base='build', install_base='install', merge_install=False, symlink_install=True, test_result_base=None, continue_on_error=False, executor='parallel', parallel_workers=6, event_handlers=None, ignore_user_meta=False, metas=['./colcon.meta'], base_paths=['.'], packages_ignore=None, packages_ignore_regex=None, paths=None, packages_up_to=None, packages_up_to_regex=None, packages_above=None, packages_above_and_dependencies=None, packages_above_depth=None, packages_select_by_dep=None, packages_skip_by_dep=None, packages_skip_up_to=None, packages_select_build_failed=False, packages_skip_build_finished=False, packages_select_test_failures=False, packages_skip_test_passed=False, packages_select=['ryugu_control'], packages_skip=None, packages_select_regex=None, packages_skip_regex=None, packages_start=None, packages_end=None, allow_overriding=[], cmake_args=None, cmake_target=None, cmake_target_skip_unavailable=False, cmake_clean_cache=False, cmake_clean_first=False, cmake_force_configure=False, ament_cmake_args=None, catkin_cmake_args=None, catkin_skip_building_tests=False, mixin_files=None, mixin=None, verb_parser=<colcon_mixin.mixin.mixin_argument.MixinArgumentDecorator object at 0xffff94e06950>, verb_extension=<colcon_core.verb.build.BuildVerb object at 0xffff94e06350>, main=<bound method BuildVerb.main of <colcon_core.verb.build.BuildVerb object at 0xffff94e06350>>, mixin_verb=('build',))
[0.414s] colcon.colcon_core.package_discovery Level 1 discover_packages(colcon_meta) check parameters
[0.415s] colcon.colcon_core.package_discovery Level 1 discover_packages(recursive) check parameters
[0.415s] colcon.colcon_core.package_discovery Level 1 discover_packages(ignore) check parameters
[0.415s] colcon.colcon_core.package_discovery Level 1 discover_packages(path) check parameters
[0.415s] colcon.colcon_core.package_discovery Level 1 discover_packages(colcon_meta) discover
[0.415s] colcon.colcon_core.package_discovery Level 1 discover_packages(recursive) discover
[0.416s] colcon.colcon_core.package_discovery INFO Crawling recursively for packages in '/home/icad/RYUGU-ROV-CompanionComputer'
[0.416s] colcon.colcon_core.package_identification Level 1 _identify(.) by extensions ['ignore', 'ignore_ament_install']
[0.417s] colcon.colcon_core.package_identification Level 1 _identify(.) by extension 'ignore'
[0.417s] colcon.colcon_core.package_identification Level 1 _identify(.) by extension 'ignore_ament_install'
[0.417s] colcon.colcon_core.package_identification Level 1 _identify(.) by extensions ['colcon_pkg']
[0.417s] colcon.colcon_core.package_identification Level 1 _identify(.) by extension 'colcon_pkg'
[0.418s] colcon.colcon_core.package_identification Level 1 _identify(.) by extensions ['colcon_meta']
[0.418s] colcon.colcon_core.package_identification Level 1 _identify(.) by extension 'colcon_meta'
[0.418s] colcon.colcon_core.package_identification Level 1 _identify(.) by extensions ['ros']
[0.418s] colcon.colcon_core.package_identification Level 1 _identify(.) by extension 'ros'
[0.457s] colcon.colcon_core.package_identification Level 1 _identify(.) by extensions ['cmake', 'python']
[0.457s] colcon.colcon_core.package_identification Level 1 _identify(.) by extension 'cmake'
[0.458s] colcon.colcon_core.package_identification Level 1 _identify(.) by extension 'python'
[0.458s] colcon.colcon_core.package_identification Level 1 _identify(.) by extensions ['python_setup_py']
[0.458s] colcon.colcon_core.package_identification Level 1 _identify(.) by extension 'python_setup_py'
[0.459s] colcon.colcon_core.package_identification Level 1 _identify(build) by extensions ['ignore', 'ignore_ament_install']
[0.459s] colcon.colcon_core.package_identification Level 1 _identify(build) by extension 'ignore'
[0.459s] colcon.colcon_core.package_identification Level 1 _identify(build) ignored
[0.460s] colcon.colcon_core.package_identification Level 1 _identify(deploy) by extensions ['ignore', 'ignore_ament_install']
[0.460s] colcon.colcon_core.package_identification Level 1 _identify(deploy) by extension 'ignore'
[0.460s] colcon.colcon_core.package_identification Level 1 _identify(deploy) by extension 'ignore_ament_install'
[0.460s] colcon.colcon_core.package_identification Level 1 _identify(deploy) by extensions ['colcon_pkg']
[0.461s] colcon.colcon_core.package_identification Level 1 _identify(deploy) by extension 'colcon_pkg'
[0.461s] colcon.colcon_core.package_identification Level 1 _identify(deploy) by extensions ['colcon_meta']
[0.461s] colcon.colcon_core.package_identification Level 1 _identify(deploy) by extension 'colcon_meta'
[0.461s] colcon.colcon_core.package_identification Level 1 _identify(deploy) by extensions ['ros']
[0.462s] colcon.colcon_core.package_identification Level 1 _identify(deploy) by extension 'ros'
[0.462s] colcon.colcon_core.package_identification Level 1 _identify(deploy) by extensions ['cmake', 'python']
[0.462s] colcon.colcon_core.package_identification Level 1 _identify(deploy) by extension 'cmake'
[0.462s] colcon.colcon_core.package_identification Level 1 _identify(deploy) by extension 'python'
[0.463s] colcon.colcon_core.package_identification Level 1 _identify(deploy) by extensions ['python_setup_py']
[0.463s] colcon.colcon_core.package_identification Level 1 _identify(deploy) by extension 'python_setup_py'
[0.463s] colcon.colcon_core.package_identification Level 1 _identify(deploy/mavlink-router) by extensions ['ignore', 'ignore_ament_install']
[0.464s] colcon.colcon_core.package_identification Level 1 _identify(deploy/mavlink-router) by extension 'ignore'
[0.464s] colcon.colcon_core.package_identification Level 1 _identify(deploy/mavlink-router) by extension 'ignore_ament_install'
[0.464s] colcon.colcon_core.package_identification Level 1 _identify(deploy/mavlink-router) by extensions ['colcon_pkg']
[0.464s] colcon.colcon_core.package_identification Level 1 _identify(deploy/mavlink-router) by extension 'colcon_pkg'
[0.465s] colcon.colcon_core.package_identification Level 1 _identify(deploy/mavlink-router) by extensions ['colcon_meta']
[0.465s] colcon.colcon_core.package_identification Level 1 _identify(deploy/mavlink-router) by extension 'colcon_meta'
[0.465s] colcon.colcon_core.package_identification Level 1 _identify(deploy/mavlink-router) by extensions ['ros']
[0.465s] colcon.colcon_core.package_identification Level 1 _identify(deploy/mavlink-router) by extension 'ros'
[0.466s] colcon.colcon_core.package_identification Level 1 _identify(deploy/mavlink-router) by extensions ['cmake', 'python']
[0.466s] colcon.colcon_core.package_identification Level 1 _identify(deploy/mavlink-router) by extension 'cmake'
[0.466s] colcon.colcon_core.package_identification Level 1 _identify(deploy/mavlink-router) by extension 'python'
[0.466s] colcon.colcon_core.package_identification Level 1 _identify(deploy/mavlink-router) by extensions ['python_setup_py']
[0.466s] colcon.colcon_core.package_identification Level 1 _identify(deploy/mavlink-router) by extension 'python_setup_py'
[0.467s] colcon.colcon_core.package_identification Level 1 _identify(install) by extensions ['ignore', 'ignore_ament_install']
[0.467s] colcon.colcon_core.package_identification Level 1 _identify(install) by extension 'ignore'
[0.467s] colcon.colcon_core.package_identification Level 1 _identify(install) ignored
[0.468s] colcon.colcon_core.package_identification Level 1 _identify(log) by extensions ['ignore', 'ignore_ament_install']
[0.468s] colcon.colcon_core.package_identification Level 1 _identify(log) by extension 'ignore'
[0.469s] colcon.colcon_core.package_identification Level 1 _identify(log) ignored
[0.469s] colcon.colcon_core.package_identification Level 1 _identify(scripts) by extensions ['ignore', 'ignore_ament_install']
[0.469s] colcon.colcon_core.package_identification Level 1 _identify(scripts) by extension 'ignore'
[0.469s] colcon.colcon_core.package_identification Level 1 _identify(scripts) by extension 'ignore_ament_install'
[0.470s] colcon.colcon_core.package_identification Level 1 _identify(scripts) by extensions ['colcon_pkg']
[0.470s] colcon.colcon_core.package_identification Level 1 _identify(scripts) by extension 'colcon_pkg'
[0.470s] colcon.colcon_core.package_identification Level 1 _identify(scripts) by extensions ['colcon_meta']
[0.470s] colcon.colcon_core.package_identification Level 1 _identify(scripts) by extension 'colcon_meta'
[0.471s] colcon.colcon_core.package_identification Level 1 _identify(scripts) by extensions ['ros']
[0.471s] colcon.colcon_core.package_identification Level 1 _identify(scripts) by extension 'ros'
[0.471s] colcon.colcon_core.package_identification Level 1 _identify(scripts) by extensions ['cmake', 'python']
[0.471s] colcon.colcon_core.package_identification Level 1 _identify(scripts) by extension 'cmake'
[0.472s] colcon.colcon_core.package_identification Level 1 _identify(scripts) by extension 'python'
[0.472s] colcon.colcon_core.package_identification Level 1 _identify(scripts) by extensions ['python_setup_py']
[0.472s] colcon.colcon_core.package_identification Level 1 _identify(scripts) by extension 'python_setup_py'
[0.472s] colcon.colcon_core.package_identification Level 1 _identify(src) by extensions ['ignore', 'ignore_ament_install']
[0.473s] colcon.colcon_core.package_identification Level 1 _identify(src) by extension 'ignore'
[0.473s] colcon.colcon_core.package_identification Level 1 _identify(src) by extension 'ignore_ament_install'
[0.473s] colcon.colcon_core.package_identification Level 1 _identify(src) by extensions ['colcon_pkg']
[0.473s] colcon.colcon_core.package_identification Level 1 _identify(src) by extension 'colcon_pkg'
[0.474s] colcon.colcon_core.package_identification Level 1 _identify(src) by extensions ['colcon_meta']
[0.474s] colcon.colcon_core.package_identification Level 1 _identify(src) by extension 'colcon_meta'
[0.474s] colcon.colcon_core.package_identification Level 1 _identify(src) by extensions ['ros']
[0.474s] colcon.colcon_core.package_identification Level 1 _identify(src) by extension 'ros'
[0.475s] colcon.colcon_core.package_identification Level 1 _identify(src) by extensions ['cmake', 'python']
[0.475s] colcon.colcon_core.package_identification Level 1 _identify(src) by extension 'cmake'
[0.475s] colcon.colcon_core.package_identification Level 1 _identify(src) by extension 'python'
[0.475s] colcon.colcon_core.package_identification Level 1 _identify(src) by extensions ['python_setup_py']
[0.475s] colcon.colcon_core.package_identification Level 1 _identify(src) by extension 'python_setup_py'
[0.476s] colcon.colcon_core.package_identification Level 1 _identify(src/ryugu_control) by extensions ['ignore', 'ignore_ament_install']
[0.476s] colcon.colcon_core.package_identification Level 1 _identify(src/ryugu_control) by extension 'ignore'
[0.476s] colcon.colcon_core.package_identification Level 1 _identify(src/ryugu_control) by extension 'ignore_ament_install'
[0.477s] colcon.colcon_core.package_identification Level 1 _identify(src/ryugu_control) by extensions ['colcon_pkg']
[0.477s] colcon.colcon_core.package_identification Level 1 _identify(src/ryugu_control) by extension 'colcon_pkg'
[0.477s] colcon.colcon_core.package_identification Level 1 _identify(src/ryugu_control) by extensions ['colcon_meta']
[0.477s] colcon.colcon_core.package_identification Level 1 _identify(src/ryugu_control) by extension 'colcon_meta'
[0.478s] colcon.colcon_core.package_identification Level 1 _identify(src/ryugu_control) by extensions ['ros']
[0.478s] colcon.colcon_core.package_identification Level 1 _identify(src/ryugu_control) by extension 'ros'
[0.484s] colcon.colcon_core.package_identification DEBUG Package 'src/ryugu_control' with type 'ros.ament_python' and name 'ryugu_control'
[0.485s] colcon.colcon_core.package_identification Level 1 _identify(tests) by extensions ['ignore', 'ignore_ament_install']
[0.485s] colcon.colcon_core.package_identification Level 1 _identify(tests) by extension 'ignore'
[0.486s] colcon.colcon_core.package_identification Level 1 _identify(tests) by extension 'ignore_ament_install'
[0.486s] colcon.colcon_core.package_identification Level 1 _identify(tests) by extensions ['colcon_pkg']
[0.486s] colcon.colcon_core.package_identification Level 1 _identify(tests) by extension 'colcon_pkg'
[0.486s] colcon.colcon_core.package_identification Level 1 _identify(tests) by extensions ['colcon_meta']
[0.487s] colcon.colcon_core.package_identification Level 1 _identify(tests) by extension 'colcon_meta'
[0.487s] colcon.colcon_core.package_identification Level 1 _identify(tests) by extensions ['ros']
[0.487s] colcon.colcon_core.package_identification Level 1 _identify(tests) by extension 'ros'
[0.487s] colcon.colcon_core.package_identification Level 1 _identify(tests) by extensions ['cmake', 'python']
[0.488s] colcon.colcon_core.package_identification Level 1 _identify(tests) by extension 'cmake'
[0.488s] colcon.colcon_core.package_identification Level 1 _identify(tests) by extension 'python'
[0.488s] colcon.colcon_core.package_identification Level 1 _identify(tests) by extensions ['python_setup_py']
[0.488s] colcon.colcon_core.package_identification Level 1 _identify(tests) by extension 'python_setup_py'
[0.489s] colcon.colcon_core.package_identification Level 1 _identify(tests/comm) by extensions ['ignore', 'ignore_ament_install']
[0.489s] colcon.colcon_core.package_identification Level 1 _identify(tests/comm) by extension 'ignore'
[0.490s] colcon.colcon_core.package_identification Level 1 _identify(tests/comm) by extension 'ignore_ament_install'
[0.490s] colcon.colcon_core.package_identification Level 1 _identify(tests/comm) by extensions ['colcon_pkg']
[0.490s] colcon.colcon_core.package_identification Level 1 _identify(tests/comm) by extension 'colcon_pkg'
[0.490s] colcon.colcon_core.package_identification Level 1 _identify(tests/comm) by extensions ['colcon_meta']
[0.491s] colcon.colcon_core.package_identification Level 1 _identify(tests/comm) by extension 'colcon_meta'
[0.491s] colcon.colcon_core.package_identification Level 1 _identify(tests/comm) by extensions ['ros']
[0.491s] colcon.colcon_core.package_identification Level 1 _identify(tests/comm) by extension 'ros'
[0.491s] colcon.colcon_core.package_identification Level 1 _identify(tests/comm) by extensions ['cmake', 'python']
[0.491s] colcon.colcon_core.package_identification Level 1 _identify(tests/comm) by extension 'cmake'
[0.492s] colcon.colcon_core.package_identification Level 1 _identify(tests/comm) by extension 'python'
[0.492s] colcon.colcon_core.package_identification Level 1 _identify(tests/comm) by extensions ['python_setup_py']
[0.492s] colcon.colcon_core.package_identification Level 1 _identify(tests/comm) by extension 'python_setup_py'
[0.493s] colcon.colcon_core.package_identification Level 1 _identify(tests/control) by extensions ['ignore', 'ignore_ament_install']
[0.493s] colcon.colcon_core.package_identification Level 1 _identify(tests/control) by extension 'ignore'
[0.493s] colcon.colcon_core.package_identification Level 1 _identify(tests/control) by extension 'ignore_ament_install'
[0.493s] colcon.colcon_core.package_identification Level 1 _identify(tests/control) by extensions ['colcon_pkg']
[0.494s] colcon.colcon_core.package_identification Level 1 _identify(tests/control) by extension 'colcon_pkg'
[0.494s] colcon.colcon_core.package_identification Level 1 _identify(tests/control) by extensions ['colcon_meta']
[0.494s] colcon.colcon_core.package_identification Level 1 _identify(tests/control) by extension 'colcon_meta'
[0.494s] colcon.colcon_core.package_identification Level 1 _identify(tests/control) by extensions ['ros']
[0.495s] colcon.colcon_core.package_identification Level 1 _identify(tests/control) by extension 'ros'
[0.495s] colcon.colcon_core.package_identification Level 1 _identify(tests/control) by extensions ['cmake', 'python']
[0.495s] colcon.colcon_core.package_identification Level 1 _identify(tests/control) by extension 'cmake'
[0.495s] colcon.colcon_core.package_identification Level 1 _identify(tests/control) by extension 'python'
[0.495s] colcon.colcon_core.package_identification Level 1 _identify(tests/control) by extensions ['python_setup_py']
[0.496s] colcon.colcon_core.package_identification Level 1 _identify(tests/control) by extension 'python_setup_py'
[0.496s] colcon.colcon_core.package_identification Level 1 _identify(tests/control/__pycache__) by extensions ['ignore', 'ignore_ament_install']
[0.496s] colcon.colcon_core.package_identification Level 1 _identify(tests/control/__pycache__) by extension 'ignore'
[0.497s] colcon.colcon_core.package_identification Level 1 _identify(tests/control/__pycache__) by extension 'ignore_ament_install'
[0.497s] colcon.colcon_core.package_identification Level 1 _identify(tests/control/__pycache__) by extensions ['colcon_pkg']
[0.497s] colcon.colcon_core.package_identification Level 1 _identify(tests/control/__pycache__) by extension 'colcon_pkg'
[0.497s] colcon.colcon_core.package_identification Level 1 _identify(tests/control/__pycache__) by extensions ['colcon_meta']
[0.498s] colcon.colcon_core.package_identification Level 1 _identify(tests/control/__pycache__) by extension 'colcon_meta'
[0.498s] colcon.colcon_core.package_identification Level 1 _identify(tests/control/__pycache__) by extensions ['ros']
[0.498s] colcon.colcon_core.package_identification Level 1 _identify(tests/control/__pycache__) by extension 'ros'
[0.498s] colcon.colcon_core.package_identification Level 1 _identify(tests/control/__pycache__) by extensions ['cmake', 'python']
[0.499s] colcon.colcon_core.package_identification Level 1 _identify(tests/control/__pycache__) by extension 'cmake'
[0.499s] colcon.colcon_core.package_identification Level 1 _identify(tests/control/__pycache__) by extension 'python'
[0.499s] colcon.colcon_core.package_identification Level 1 _identify(tests/control/__pycache__) by extensions ['python_setup_py']
[0.499s] colcon.colcon_core.package_identification Level 1 _identify(tests/control/__pycache__) by extension 'python_setup_py'
[0.500s] colcon.colcon_core.package_identification Level 1 _identify(tests/streaming) by extensions ['ignore', 'ignore_ament_install']
[0.500s] colcon.colcon_core.package_identification Level 1 _identify(tests/streaming) by extension 'ignore'
[0.500s] colcon.colcon_core.package_identification Level 1 _identify(tests/streaming) by extension 'ignore_ament_install'
[0.501s] colcon.colcon_core.package_identification Level 1 _identify(tests/streaming) by extensions ['colcon_pkg']
[0.501s] colcon.colcon_core.package_identification Level 1 _identify(tests/streaming) by extension 'colcon_pkg'
[0.501s] colcon.colcon_core.package_identification Level 1 _identify(tests/streaming) by extensions ['colcon_meta']
[0.501s] colcon.colcon_core.package_identification Level 1 _identify(tests/streaming) by extension 'colcon_meta'
[0.502s] colcon.colcon_core.package_identification Level 1 _identify(tests/streaming) by extensions ['ros']
[0.502s] colcon.colcon_core.package_identification Level 1 _identify(tests/streaming) by extension 'ros'
[0.502s] colcon.colcon_core.package_identification Level 1 _identify(tests/streaming) by extensions ['cmake', 'python']
[0.502s] colcon.colcon_core.package_identification Level 1 _identify(tests/streaming) by extension 'cmake'
[0.503s] colcon.colcon_core.package_identification Level 1 _identify(tests/streaming) by extension 'python'
[0.503s] colcon.colcon_core.package_identification Level 1 _identify(tests/streaming) by extensions ['python_setup_py']
[0.503s] colcon.colcon_core.package_identification Level 1 _identify(tests/streaming) by extension 'python_setup_py'
[0.503s] colcon.colcon_core.package_identification Level 1 _identify(tests/streaming/__pycache__) by extensions ['ignore', 'ignore_ament_install']
[0.504s] colcon.colcon_core.package_identification Level 1 _identify(tests/streaming/__pycache__) by extension 'ignore'
[0.504s] colcon.colcon_core.package_identification Level 1 _identify(tests/streaming/__pycache__) by extension 'ignore_ament_install'
[0.504s] colcon.colcon_core.package_identification Level 1 _identify(tests/streaming/__pycache__) by extensions ['colcon_pkg']
[0.505s] colcon.colcon_core.package_identification Level 1 _identify(tests/streaming/__pycache__) by extension 'colcon_pkg'
[0.505s] colcon.colcon_core.package_identification Level 1 _identify(tests/streaming/__pycache__) by extensions ['colcon_meta']
[0.505s] colcon.colcon_core.package_identification Level 1 _identify(tests/streaming/__pycache__) by extension 'colcon_meta'
[0.505s] colcon.colcon_core.package_identification Level 1 _identify(tests/streaming/__pycache__) by extensions ['ros']
[0.506s] colcon.colcon_core.package_identification Level 1 _identify(tests/streaming/__pycache__) by extension 'ros'
[0.506s] colcon.colcon_core.package_identification Level 1 _identify(tests/streaming/__pycache__) by extensions ['cmake', 'python']
[0.506s] colcon.colcon_core.package_identification Level 1 _identify(tests/streaming/__pycache__) by extension 'cmake'
[0.506s] colcon.colcon_core.package_identification Level 1 _identify(tests/streaming/__pycache__) by extension 'python'
[0.507s] colcon.colcon_core.package_identification Level 1 _identify(tests/streaming/__pycache__) by extensions ['python_setup_py']
[0.507s] colcon.colcon_core.package_identification Level 1 _identify(tests/streaming/__pycache__) by extension 'python_setup_py'
[0.507s] colcon.colcon_core.package_discovery Level 1 discover_packages(recursive) using defaults
[0.507s] colcon.colcon_core.package_discovery Level 1 discover_packages(ignore) discover
[0.508s] colcon.colcon_core.package_discovery Level 1 discover_packages(ignore) using defaults
[0.508s] colcon.colcon_core.package_discovery Level 1 discover_packages(path) discover
[0.508s] colcon.colcon_core.package_discovery Level 1 discover_packages(path) using defaults
[0.549s] colcon.colcon_core.package_discovery Level 1 discover_packages(prefix_path) check parameters
[0.549s] colcon.colcon_core.package_discovery Level 1 discover_packages(prefix_path) discover
[0.555s] colcon.colcon_installed_package_information.package_discovery DEBUG Found 280 installed packages in /opt/ros/humble
[0.558s] colcon.colcon_core.package_discovery Level 1 discover_packages(prefix_path) using defaults
[0.666s] colcon.colcon_core.verb Level 5 set package 'ryugu_control' build argument 'cmake_args' from command line to 'None'
[0.666s] colcon.colcon_core.verb Level 5 set package 'ryugu_control' build argument 'cmake_target' from command line to 'None'
[0.667s] colcon.colcon_core.verb Level 5 set package 'ryugu_control' build argument 'cmake_target_skip_unavailable' from command line to 'False'
[0.667s] colcon.colcon_core.verb Level 5 set package 'ryugu_control' build argument 'cmake_clean_cache' from command line to 'False'
[0.667s] colcon.colcon_core.verb Level 5 set package 'ryugu_control' build argument 'cmake_clean_first' from command line to 'False'
[0.667s] colcon.colcon_core.verb Level 5 set package 'ryugu_control' build argument 'cmake_force_configure' from command line to 'False'
[0.667s] colcon.colcon_core.verb Level 5 set package 'ryugu_control' build argument 'ament_cmake_args' from command line to 'None'
[0.667s] colcon.colcon_core.verb Level 5 set package 'ryugu_control' build argument 'catkin_cmake_args' from command line to 'None'
[0.668s] colcon.colcon_core.verb Level 5 set package 'ryugu_control' build argument 'catkin_skip_building_tests' from command line to 'False'
[0.668s] colcon.colcon_core.verb DEBUG Building package 'ryugu_control' with the following arguments: {'ament_cmake_args': None, 'build_base': '/home/icad/RYUGU-ROV-CompanionComputer/build/ryugu_control', 'catkin_cmake_args': None, 'catkin_skip_building_tests': False, 'cmake_args': None, 'cmake_clean_cache': False, 'cmake_clean_first': False, 'cmake_force_configure': False, 'cmake_target': None, 'cmake_target_skip_unavailable': False, 'install_base': '/home/icad/RYUGU-ROV-CompanionComputer/install/ryugu_control', 'merge_install': False, 'path': '/home/icad/RYUGU-ROV-CompanionComputer/src/ryugu_control', 'symlink_install': True, 'test_result_base': None}
[0.668s] colcon.colcon_core.executor INFO Executing jobs using 'parallel' executor
[0.673s] colcon.colcon_parallel_executor.executor.parallel DEBUG run_until_complete
[0.674s] colcon.colcon_ros.task.ament_python.build INFO Building ROS package in '/home/icad/RYUGU-ROV-CompanionComputer/src/ryugu_control' with build type 'ament_python'
[0.674s] colcon.colcon_core.shell Level 1 create_environment_hook('ryugu_control', 'ament_prefix_path')
[0.681s] colcon.colcon_core.plugin_system INFO Skipping extension 'colcon_core.shell.bat': Not used on non-Windows systems
[0.682s] colcon.colcon_core.shell INFO Creating environment hook '/home/icad/RYUGU-ROV-CompanionComputer/install/ryugu_control/share/ryugu_control/hook/ament_prefix_path.ps1'
[0.685s] colcon.colcon_core.shell INFO Creating environment descriptor '/home/icad/RYUGU-ROV-CompanionComputer/install/ryugu_control/share/ryugu_control/hook/ament_prefix_path.dsv'
[0.686s] colcon.colcon_core.shell INFO Creating environment hook '/home/icad/RYUGU-ROV-CompanionComputer/install/ryugu_control/share/ryugu_control/hook/ament_prefix_path.sh'
[0.689s] colcon.colcon_core.shell INFO Skip shell extension 'powershell' for command environment: Not usable outside of PowerShell
[0.689s] colcon.colcon_core.shell DEBUG Skip shell extension 'dsv' for command environment
[1.462s] colcon.colcon_core.task.python.build INFO Building Python package in '/home/icad/RYUGU-ROV-CompanionComputer/src/ryugu_control'
[1.463s] colcon.colcon_core.shell INFO Skip shell extension 'powershell' for command environment: Not usable outside of PowerShell
[1.463s] colcon.colcon_core.shell DEBUG Skip shell extension 'dsv' for command environment
[3.146s] colcon.colcon_core.task.python.build DEBUG Available setuptools commands: install_lib, symlink_data, install_scripts, saveopts, install_egg_info, develop, upload_docs, alias, editable_wheel, bdist_egg, sdist, bdist_rpm, build, build_ext, rotate, easy_install, bdist, build_scripts, bdist_wheel, build_py, egg_info, setopt, install, build_clib, check, test, clean, dist_info, install_data, register, install_headers, upload, bdist_dumb
[4.316s] colcon.colcon_core.task.python.build DEBUG Available setuptools 'develop' options: --build-directory, --egg-path, --uninstall, --allow-hosts, --record, --local-snapshots-ok, --prefix, --install-dir, --quiet, --always-copy, --dry-run, --editable, --verbose, --no-find-links, --zip-ok, --site-dirs, --version, --help, --upgrade, --script-dir, --exclude-scripts, --index-url, --optimize, --no-user-cfg, --always-unzip, --multi-version, --user, --no-deps, --find-links
[4.320s] colcon.colcon_core.event_handler.log_command DEBUG Invoking command in '/home/icad/RYUGU-ROV-CompanionComputer/build/ryugu_control': PYTHONPATH=/home/icad/RYUGU-ROV-CompanionComputer/build/ryugu_control/prefix_override:/usr/lib/python3/dist-packages/colcon_core/task/python/colcon_distutils_commands:/home/icad/RYUGU-ROV-CompanionComputer/install/ryugu_control/lib/python3.10/site-packages:${PYTHONPATH} /usr/bin/python3 -W ignore:setup.py install is deprecated -W ignore:easy_install command is deprecated setup.py develop --editable --build-directory /home/icad/RYUGU-ROV-CompanionComputer/build/ryugu_control/build --no-deps symlink_data
[6.614s] colcon.colcon_core.shell Level 1 create_environment_hook('ryugu_control', 'pythonpath_develop')
[6.615s] colcon.colcon_core.shell INFO Creating environment hook '/home/icad/RYUGU-ROV-CompanionComputer/build/ryugu_control/share/ryugu_control/hook/pythonpath_develop.ps1'
[6.618s] colcon.colcon_core.event_handler.log_command DEBUG Invoked command in '/home/icad/RYUGU-ROV-CompanionComputer/build/ryugu_control' returned '0': PYTHONPATH=/home/icad/RYUGU-ROV-CompanionComputer/build/ryugu_control/prefix_override:/usr/lib/python3/dist-packages/colcon_core/task/python/colcon_distutils_commands:/home/icad/RYUGU-ROV-CompanionComputer/install/ryugu_control/lib/python3.10/site-packages:${PYTHONPATH} /usr/bin/python3 -W ignore:setup.py install is deprecated -W ignore:easy_install command is deprecated setup.py develop --editable --build-directory /home/icad/RYUGU-ROV-CompanionComputer/build/ryugu_control/build --no-deps symlink_data
[6.619s] colcon.colcon_core.shell INFO Creating environment descriptor '/home/icad/RYUGU-ROV-CompanionComputer/build/ryugu_control/share/ryugu_control/hook/pythonpath_develop.dsv'
[6.621s] colcon.colcon_core.shell INFO Creating environment hook '/home/icad/RYUGU-ROV-CompanionComputer/build/ryugu_control/share/ryugu_control/hook/pythonpath_develop.sh'
[6.630s] colcon.colcon_core.environment Level 1 checking '/home/icad/RYUGU-ROV-CompanionComputer/install/ryugu_control' for CMake module files
[6.633s] colcon.colcon_core.environment Level 1 checking '/home/icad/RYUGU-ROV-CompanionComputer/install/ryugu_control' for CMake config files
[6.641s] colcon.colcon_core.environment Level 1 checking '/home/icad/RYUGU-ROV-CompanionComputer/install/ryugu_control/lib'
[6.642s] colcon.colcon_core.environment Level 1 checking '/home/icad/RYUGU-ROV-CompanionComputer/install/ryugu_control/bin'
[6.643s] colcon.colcon_core.environment Level 1 checking '/home/icad/RYUGU-ROV-CompanionComputer/install/ryugu_control/lib/pkgconfig/ryugu_control.pc'
[6.647s] colcon.colcon_core.environment Level 1 checking '/home/icad/RYUGU-ROV-CompanionComputer/install/ryugu_control/lib/python3.10/site-packages'
[6.648s] colcon.colcon_core.shell Level 1 create_environment_hook('ryugu_control', 'pythonpath')
[6.649s] colcon.colcon_core.shell INFO Creating environment hook '/home/icad/RYUGU-ROV-CompanionComputer/install/ryugu_control/share/ryugu_control/hook/pythonpath.ps1'
[6.652s] colcon.colcon_core.shell INFO Creating environment descriptor '/home/icad/RYUGU-ROV-CompanionComputer/install/ryugu_control/share/ryugu_control/hook/pythonpath.dsv'
[6.653s] colcon.colcon_core.shell INFO Creating environment hook '/home/icad/RYUGU-ROV-CompanionComputer/install/ryugu_control/share/ryugu_control/hook/pythonpath.sh'
[6.656s] colcon.colcon_core.environment Level 1 checking '/home/icad/RYUGU-ROV-CompanionComputer/install/ryugu_control/bin'
[6.658s] colcon.colcon_core.environment Level 1 create_environment_scripts_only(ryugu_control)
[6.659s] colcon.colcon_core.shell INFO Creating package script '/home/icad/RYUGU-ROV-CompanionComputer/install/ryugu_control/share/ryugu_control/package.ps1'
[6.667s] colcon.colcon_core.shell INFO Creating package descriptor '/home/icad/RYUGU-ROV-CompanionComputer/install/ryugu_control/share/ryugu_control/package.dsv'
[6.671s] colcon.colcon_core.shell INFO Creating package script '/home/icad/RYUGU-ROV-CompanionComputer/install/ryugu_control/share/ryugu_control/package.sh'
[6.674s] colcon.colcon_core.shell INFO Creating package script '/home/icad/RYUGU-ROV-CompanionComputer/install/ryugu_control/share/ryugu_control/package.bash'
[6.678s] colcon.colcon_core.shell INFO Creating package script '/home/icad/RYUGU-ROV-CompanionComputer/install/ryugu_control/share/ryugu_control/package.zsh'
[6.681s] colcon.colcon_core.environment Level 1 create_file_with_runtime_dependencies(/home/icad/RYUGU-ROV-CompanionComputer/install/ryugu_control/share/colcon-core/packages/ryugu_control)
[6.683s] colcon.colcon_parallel_executor.executor.parallel DEBUG closing loop
[6.684s] colcon.colcon_parallel_executor.executor.parallel DEBUG loop closed
[6.684s] colcon.colcon_parallel_executor.executor.parallel DEBUG run_until_complete finished with '0'
[6.684s] colcon.colcon_core.event_reactor DEBUG joining thread
[6.685s] colcon.colcon_core.event_reactor DEBUG joined thread
[6.686s] colcon.colcon_core.shell INFO Creating prefix script '/home/icad/RYUGU-ROV-CompanionComputer/install/local_setup.ps1'
[6.689s] colcon.colcon_core.shell INFO Creating prefix util module '/home/icad/RYUGU-ROV-CompanionComputer/install/_local_setup_util_ps1.py'
[6.694s] colcon.colcon_core.shell INFO Creating prefix chain script '/home/icad/RYUGU-ROV-CompanionComputer/install/setup.ps1'
[6.706s] colcon.colcon_core.shell INFO Creating prefix script '/home/icad/RYUGU-ROV-CompanionComputer/install/local_setup.sh'
[6.710s] colcon.colcon_core.shell INFO Creating prefix util module '/home/icad/RYUGU-ROV-CompanionComputer/install/_local_setup_util_sh.py'
[6.712s] colcon.colcon_core.shell INFO Creating prefix chain script '/home/icad/RYUGU-ROV-CompanionComputer/install/setup.sh'
[6.718s] colcon.colcon_core.shell INFO Creating prefix script '/home/icad/RYUGU-ROV-CompanionComputer/install/local_setup.bash'
[6.724s] colcon.colcon_core.shell INFO Creating prefix chain script '/home/icad/RYUGU-ROV-CompanionComputer/install/setup.bash'
[6.728s] colcon.colcon_core.shell INFO Creating prefix script '/home/icad/RYUGU-ROV-CompanionComputer/install/local_setup.zsh'
[6.730s] colcon.colcon_core.shell INFO Creating prefix chain script '/home/icad/RYUGU-ROV-CompanionComputer/install/setup.zsh'
