[0.403s] DEBUG:colcon:Command line arguments: ['/usr/bin/colcon', 'build', '--symlink-install', '--packages-select', 'ryugu_control']
[0.403s] DEBUG:colcon:Parsed command line arguments: Namespace(log_base=None, log_level=None, verb_name='build', build_base='build', install_base='install', merge_install=False, symlink_install=True, test_result_base=None, continue_on_error=False, executor='parallel', parallel_workers=6, event_handlers=None, ignore_user_meta=False, metas=['./colcon.meta'], base_paths=['.'], packages_ignore=None, packages_ignore_regex=None, paths=None, packages_up_to=None, packages_up_to_regex=None, packages_above=None, packages_above_and_dependencies=None, packages_above_depth=None, packages_select_by_dep=None, packages_skip_by_dep=None, packages_skip_up_to=None, packages_select_build_failed=False, packages_skip_build_finished=False, packages_select_test_failures=False, packages_skip_test_passed=False, packages_select=['ryugu_control'], packages_skip=None, packages_select_regex=None, packages_skip_regex=None, packages_start=None, packages_end=None, allow_overriding=[], cmake_args=None, cmake_target=None, cmake_target_skip_unavailable=False, cmake_clean_cache=False, cmake_clean_first=False, cmake_force_configure=False, ament_cmake_args=None, catkin_cmake_args=None, catkin_skip_building_tests=False, mixin_files=None, mixin=None, verb_parser=<colcon_mixin.mixin.mixin_argument.MixinArgumentDecorator object at 0xffffb5de2170>, verb_extension=<colcon_core.verb.build.BuildVerb object at 0xffffb5de1510>, main=<bound method BuildVerb.main of <colcon_core.verb.build.BuildVerb object at 0xffffb5de1510>>, mixin_verb=('build',))
[1.036s] Level 1:colcon.colcon_core.package_discovery:discover_packages(colcon_meta) check parameters
[1.039s] Level 1:colcon.colcon_core.package_discovery:discover_packages(recursive) check parameters
[1.040s] Level 1:colcon.colcon_core.package_discovery:discover_packages(ignore) check parameters
[1.040s] Level 1:colcon.colcon_core.package_discovery:discover_packages(path) check parameters
[1.040s] Level 1:colcon.colcon_core.package_discovery:discover_packages(colcon_meta) discover
[1.041s] Level 1:colcon.colcon_core.package_discovery:discover_packages(recursive) discover
[1.041s] INFO:colcon.colcon_core.package_discovery:Crawling recursively for packages in '/home/icad/RYUGU-ROV-CompanionComputer'
[1.042s] Level 1:colcon.colcon_core.package_identification:_identify(.) by extensions ['ignore', 'ignore_ament_install']
[1.043s] Level 1:colcon.colcon_core.package_identification:_identify(.) by extension 'ignore'
[1.043s] Level 1:colcon.colcon_core.package_identification:_identify(.) by extension 'ignore_ament_install'
[1.043s] Level 1:colcon.colcon_core.package_identification:_identify(.) by extensions ['colcon_pkg']
[1.044s] Level 1:colcon.colcon_core.package_identification:_identify(.) by extension 'colcon_pkg'
[1.044s] Level 1:colcon.colcon_core.package_identification:_identify(.) by extensions ['colcon_meta']
[1.045s] Level 1:colcon.colcon_core.package_identification:_identify(.) by extension 'colcon_meta'
[1.046s] Level 1:colcon.colcon_core.package_identification:_identify(.) by extensions ['ros']
[1.046s] Level 1:colcon.colcon_core.package_identification:_identify(.) by extension 'ros'
[1.093s] Level 1:colcon.colcon_core.package_identification:_identify(.) by extensions ['cmake', 'python']
[1.093s] Level 1:colcon.colcon_core.package_identification:_identify(.) by extension 'cmake'
[1.093s] Level 1:colcon.colcon_core.package_identification:_identify(.) by extension 'python'
[1.094s] Level 1:colcon.colcon_core.package_identification:_identify(.) by extensions ['python_setup_py']
[1.094s] Level 1:colcon.colcon_core.package_identification:_identify(.) by extension 'python_setup_py'
[1.094s] Level 1:colcon.colcon_core.package_identification:_identify(build) by extensions ['ignore', 'ignore_ament_install']
[1.094s] Level 1:colcon.colcon_core.package_identification:_identify(build) by extension 'ignore'
[1.095s] Level 1:colcon.colcon_core.package_identification:_identify(build) ignored
[1.095s] Level 1:colcon.colcon_core.package_identification:_identify(deploy) by extensions ['ignore', 'ignore_ament_install']
[1.096s] Level 1:colcon.colcon_core.package_identification:_identify(deploy) by extension 'ignore'
[1.096s] Level 1:colcon.colcon_core.package_identification:_identify(deploy) by extension 'ignore_ament_install'
[1.096s] Level 1:colcon.colcon_core.package_identification:_identify(deploy) by extensions ['colcon_pkg']
[1.096s] Level 1:colcon.colcon_core.package_identification:_identify(deploy) by extension 'colcon_pkg'
[1.097s] Level 1:colcon.colcon_core.package_identification:_identify(deploy) by extensions ['colcon_meta']
[1.097s] Level 1:colcon.colcon_core.package_identification:_identify(deploy) by extension 'colcon_meta'
[1.097s] Level 1:colcon.colcon_core.package_identification:_identify(deploy) by extensions ['ros']
[1.097s] Level 1:colcon.colcon_core.package_identification:_identify(deploy) by extension 'ros'
[1.098s] Level 1:colcon.colcon_core.package_identification:_identify(deploy) by extensions ['cmake', 'python']
[1.098s] Level 1:colcon.colcon_core.package_identification:_identify(deploy) by extension 'cmake'
[1.098s] Level 1:colcon.colcon_core.package_identification:_identify(deploy) by extension 'python'
[1.098s] Level 1:colcon.colcon_core.package_identification:_identify(deploy) by extensions ['python_setup_py']
[1.099s] Level 1:colcon.colcon_core.package_identification:_identify(deploy) by extension 'python_setup_py'
[1.099s] Level 1:colcon.colcon_core.package_identification:_identify(deploy/mavlink-router) by extensions ['ignore', 'ignore_ament_install']
[1.100s] Level 1:colcon.colcon_core.package_identification:_identify(deploy/mavlink-router) by extension 'ignore'
[1.100s] Level 1:colcon.colcon_core.package_identification:_identify(deploy/mavlink-router) by extension 'ignore_ament_install'
[1.100s] Level 1:colcon.colcon_core.package_identification:_identify(deploy/mavlink-router) by extensions ['colcon_pkg']
[1.100s] Level 1:colcon.colcon_core.package_identification:_identify(deploy/mavlink-router) by extension 'colcon_pkg'
[1.101s] Level 1:colcon.colcon_core.package_identification:_identify(deploy/mavlink-router) by extensions ['colcon_meta']
[1.101s] Level 1:colcon.colcon_core.package_identification:_identify(deploy/mavlink-router) by extension 'colcon_meta'
[1.101s] Level 1:colcon.colcon_core.package_identification:_identify(deploy/mavlink-router) by extensions ['ros']
[1.101s] Level 1:colcon.colcon_core.package_identification:_identify(deploy/mavlink-router) by extension 'ros'
[1.102s] Level 1:colcon.colcon_core.package_identification:_identify(deploy/mavlink-router) by extensions ['cmake', 'python']
[1.102s] Level 1:colcon.colcon_core.package_identification:_identify(deploy/mavlink-router) by extension 'cmake'
[1.102s] Level 1:colcon.colcon_core.package_identification:_identify(deploy/mavlink-router) by extension 'python'
[1.102s] Level 1:colcon.colcon_core.package_identification:_identify(deploy/mavlink-router) by extensions ['python_setup_py']
[1.103s] Level 1:colcon.colcon_core.package_identification:_identify(deploy/mavlink-router) by extension 'python_setup_py'
[1.103s] Level 1:colcon.colcon_core.package_identification:_identify(install) by extensions ['ignore', 'ignore_ament_install']
[1.104s] Level 1:colcon.colcon_core.package_identification:_identify(install) by extension 'ignore'
[1.104s] Level 1:colcon.colcon_core.package_identification:_identify(install) ignored
[1.104s] Level 1:colcon.colcon_core.package_identification:_identify(log) by extensions ['ignore', 'ignore_ament_install']
[1.105s] Level 1:colcon.colcon_core.package_identification:_identify(log) by extension 'ignore'
[1.105s] Level 1:colcon.colcon_core.package_identification:_identify(log) ignored
[1.106s] Level 1:colcon.colcon_core.package_identification:_identify(scripts) by extensions ['ignore', 'ignore_ament_install']
[1.106s] Level 1:colcon.colcon_core.package_identification:_identify(scripts) by extension 'ignore'
[1.107s] Level 1:colcon.colcon_core.package_identification:_identify(scripts) by extension 'ignore_ament_install'
[1.107s] Level 1:colcon.colcon_core.package_identification:_identify(scripts) by extensions ['colcon_pkg']
[1.107s] Level 1:colcon.colcon_core.package_identification:_identify(scripts) by extension 'colcon_pkg'
[1.107s] Level 1:colcon.colcon_core.package_identification:_identify(scripts) by extensions ['colcon_meta']
[1.107s] Level 1:colcon.colcon_core.package_identification:_identify(scripts) by extension 'colcon_meta'
[1.107s] Level 1:colcon.colcon_core.package_identification:_identify(scripts) by extensions ['ros']
[1.107s] Level 1:colcon.colcon_core.package_identification:_identify(scripts) by extension 'ros'
[1.108s] Level 1:colcon.colcon_core.package_identification:_identify(scripts) by extensions ['cmake', 'python']
[1.108s] Level 1:colcon.colcon_core.package_identification:_identify(scripts) by extension 'cmake'
[1.108s] Level 1:colcon.colcon_core.package_identification:_identify(scripts) by extension 'python'
[1.108s] Level 1:colcon.colcon_core.package_identification:_identify(scripts) by extensions ['python_setup_py']
[1.108s] Level 1:colcon.colcon_core.package_identification:_identify(scripts) by extension 'python_setup_py'
[1.108s] Level 1:colcon.colcon_core.package_identification:_identify(src) by extensions ['ignore', 'ignore_ament_install']
[1.109s] Level 1:colcon.colcon_core.package_identification:_identify(src) by extension 'ignore'
[1.109s] Level 1:colcon.colcon_core.package_identification:_identify(src) by extension 'ignore_ament_install'
[1.109s] Level 1:colcon.colcon_core.package_identification:_identify(src) by extensions ['colcon_pkg']
[1.109s] Level 1:colcon.colcon_core.package_identification:_identify(src) by extension 'colcon_pkg'
[1.109s] Level 1:colcon.colcon_core.package_identification:_identify(src) by extensions ['colcon_meta']
[1.109s] Level 1:colcon.colcon_core.package_identification:_identify(src) by extension 'colcon_meta'
[1.109s] Level 1:colcon.colcon_core.package_identification:_identify(src) by extensions ['ros']
[1.109s] Level 1:colcon.colcon_core.package_identification:_identify(src) by extension 'ros'
[1.110s] Level 1:colcon.colcon_core.package_identification:_identify(src) by extensions ['cmake', 'python']
[1.110s] Level 1:colcon.colcon_core.package_identification:_identify(src) by extension 'cmake'
[1.110s] Level 1:colcon.colcon_core.package_identification:_identify(src) by extension 'python'
[1.110s] Level 1:colcon.colcon_core.package_identification:_identify(src) by extensions ['python_setup_py']
[1.110s] Level 1:colcon.colcon_core.package_identification:_identify(src) by extension 'python_setup_py'
[1.110s] Level 1:colcon.colcon_core.package_identification:_identify(src/ryugu_control) by extensions ['ignore', 'ignore_ament_install']
[1.111s] Level 1:colcon.colcon_core.package_identification:_identify(src/ryugu_control) by extension 'ignore'
[1.111s] Level 1:colcon.colcon_core.package_identification:_identify(src/ryugu_control) by extension 'ignore_ament_install'
[1.111s] Level 1:colcon.colcon_core.package_identification:_identify(src/ryugu_control) by extensions ['colcon_pkg']
[1.111s] Level 1:colcon.colcon_core.package_identification:_identify(src/ryugu_control) by extension 'colcon_pkg'
[1.111s] Level 1:colcon.colcon_core.package_identification:_identify(src/ryugu_control) by extensions ['colcon_meta']
[1.111s] Level 1:colcon.colcon_core.package_identification:_identify(src/ryugu_control) by extension 'colcon_meta'
[1.111s] Level 1:colcon.colcon_core.package_identification:_identify(src/ryugu_control) by extensions ['ros']
[1.111s] Level 1:colcon.colcon_core.package_identification:_identify(src/ryugu_control) by extension 'ros'
[1.121s] DEBUG:colcon.colcon_core.package_identification:Package 'src/ryugu_control' with type 'ros.ament_python' and name 'ryugu_control'
[1.122s] Level 1:colcon.colcon_core.package_identification:_identify(tests) by extensions ['ignore', 'ignore_ament_install']
[1.123s] Level 1:colcon.colcon_core.package_identification:_identify(tests) by extension 'ignore'
[1.123s] Level 1:colcon.colcon_core.package_identification:_identify(tests) by extension 'ignore_ament_install'
[1.124s] Level 1:colcon.colcon_core.package_identification:_identify(tests) by extensions ['colcon_pkg']
[1.124s] Level 1:colcon.colcon_core.package_identification:_identify(tests) by extension 'colcon_pkg'
[1.124s] Level 1:colcon.colcon_core.package_identification:_identify(tests) by extensions ['colcon_meta']
[1.124s] Level 1:colcon.colcon_core.package_identification:_identify(tests) by extension 'colcon_meta'
[1.125s] Level 1:colcon.colcon_core.package_identification:_identify(tests) by extensions ['ros']
[1.125s] Level 1:colcon.colcon_core.package_identification:_identify(tests) by extension 'ros'
[1.125s] Level 1:colcon.colcon_core.package_identification:_identify(tests) by extensions ['cmake', 'python']
[1.126s] Level 1:colcon.colcon_core.package_identification:_identify(tests) by extension 'cmake'
[1.126s] Level 1:colcon.colcon_core.package_identification:_identify(tests) by extension 'python'
[1.126s] Level 1:colcon.colcon_core.package_identification:_identify(tests) by extensions ['python_setup_py']
[1.126s] Level 1:colcon.colcon_core.package_identification:_identify(tests) by extension 'python_setup_py'
[1.126s] Level 1:colcon.colcon_core.package_identification:_identify(tests/comm) by extensions ['ignore', 'ignore_ament_install']
[1.127s] Level 1:colcon.colcon_core.package_identification:_identify(tests/comm) by extension 'ignore'
[1.127s] Level 1:colcon.colcon_core.package_identification:_identify(tests/comm) by extension 'ignore_ament_install'
[1.127s] Level 1:colcon.colcon_core.package_identification:_identify(tests/comm) by extensions ['colcon_pkg']
[1.127s] Level 1:colcon.colcon_core.package_identification:_identify(tests/comm) by extension 'colcon_pkg'
[1.127s] Level 1:colcon.colcon_core.package_identification:_identify(tests/comm) by extensions ['colcon_meta']
[1.127s] Level 1:colcon.colcon_core.package_identification:_identify(tests/comm) by extension 'colcon_meta'
[1.127s] Level 1:colcon.colcon_core.package_identification:_identify(tests/comm) by extensions ['ros']
[1.127s] Level 1:colcon.colcon_core.package_identification:_identify(tests/comm) by extension 'ros'
[1.128s] Level 1:colcon.colcon_core.package_identification:_identify(tests/comm) by extensions ['cmake', 'python']
[1.128s] Level 1:colcon.colcon_core.package_identification:_identify(tests/comm) by extension 'cmake'
[1.128s] Level 1:colcon.colcon_core.package_identification:_identify(tests/comm) by extension 'python'
[1.128s] Level 1:colcon.colcon_core.package_identification:_identify(tests/comm) by extensions ['python_setup_py']
[1.128s] Level 1:colcon.colcon_core.package_identification:_identify(tests/comm) by extension 'python_setup_py'
[1.128s] Level 1:colcon.colcon_core.package_identification:_identify(tests/control) by extensions ['ignore', 'ignore_ament_install']
[1.129s] Level 1:colcon.colcon_core.package_identification:_identify(tests/control) by extension 'ignore'
[1.129s] Level 1:colcon.colcon_core.package_identification:_identify(tests/control) by extension 'ignore_ament_install'
[1.129s] Level 1:colcon.colcon_core.package_identification:_identify(tests/control) by extensions ['colcon_pkg']
[1.129s] Level 1:colcon.colcon_core.package_identification:_identify(tests/control) by extension 'colcon_pkg'
[1.129s] Level 1:colcon.colcon_core.package_identification:_identify(tests/control) by extensions ['colcon_meta']
[1.129s] Level 1:colcon.colcon_core.package_identification:_identify(tests/control) by extension 'colcon_meta'
[1.129s] Level 1:colcon.colcon_core.package_identification:_identify(tests/control) by extensions ['ros']
[1.129s] Level 1:colcon.colcon_core.package_identification:_identify(tests/control) by extension 'ros'
[1.130s] Level 1:colcon.colcon_core.package_identification:_identify(tests/control) by extensions ['cmake', 'python']
[1.130s] Level 1:colcon.colcon_core.package_identification:_identify(tests/control) by extension 'cmake'
[1.130s] Level 1:colcon.colcon_core.package_identification:_identify(tests/control) by extension 'python'
[1.130s] Level 1:colcon.colcon_core.package_identification:_identify(tests/control) by extensions ['python_setup_py']
[1.130s] Level 1:colcon.colcon_core.package_identification:_identify(tests/control) by extension 'python_setup_py'
[1.130s] Level 1:colcon.colcon_core.package_identification:_identify(tests/control/__pycache__) by extensions ['ignore', 'ignore_ament_install']
[1.131s] Level 1:colcon.colcon_core.package_identification:_identify(tests/control/__pycache__) by extension 'ignore'
[1.131s] Level 1:colcon.colcon_core.package_identification:_identify(tests/control/__pycache__) by extension 'ignore_ament_install'
[1.131s] Level 1:colcon.colcon_core.package_identification:_identify(tests/control/__pycache__) by extensions ['colcon_pkg']
[1.131s] Level 1:colcon.colcon_core.package_identification:_identify(tests/control/__pycache__) by extension 'colcon_pkg'
[1.131s] Level 1:colcon.colcon_core.package_identification:_identify(tests/control/__pycache__) by extensions ['colcon_meta']
[1.131s] Level 1:colcon.colcon_core.package_identification:_identify(tests/control/__pycache__) by extension 'colcon_meta'
[1.131s] Level 1:colcon.colcon_core.package_identification:_identify(tests/control/__pycache__) by extensions ['ros']
[1.131s] Level 1:colcon.colcon_core.package_identification:_identify(tests/control/__pycache__) by extension 'ros'
[1.132s] Level 1:colcon.colcon_core.package_identification:_identify(tests/control/__pycache__) by extensions ['cmake', 'python']
[1.132s] Level 1:colcon.colcon_core.package_identification:_identify(tests/control/__pycache__) by extension 'cmake'
[1.132s] Level 1:colcon.colcon_core.package_identification:_identify(tests/control/__pycache__) by extension 'python'
[1.132s] Level 1:colcon.colcon_core.package_identification:_identify(tests/control/__pycache__) by extensions ['python_setup_py']
[1.132s] Level 1:colcon.colcon_core.package_identification:_identify(tests/control/__pycache__) by extension 'python_setup_py'
[1.132s] Level 1:colcon.colcon_core.package_identification:_identify(tests/streaming) by extensions ['ignore', 'ignore_ament_install']
[1.132s] Level 1:colcon.colcon_core.package_identification:_identify(tests/streaming) by extension 'ignore'
[1.132s] Level 1:colcon.colcon_core.package_identification:_identify(tests/streaming) by extension 'ignore_ament_install'
[1.133s] Level 1:colcon.colcon_core.package_identification:_identify(tests/streaming) by extensions ['colcon_pkg']
[1.133s] Level 1:colcon.colcon_core.package_identification:_identify(tests/streaming) by extension 'colcon_pkg'
[1.133s] Level 1:colcon.colcon_core.package_identification:_identify(tests/streaming) by extensions ['colcon_meta']
[1.133s] Level 1:colcon.colcon_core.package_identification:_identify(tests/streaming) by extension 'colcon_meta'
[1.133s] Level 1:colcon.colcon_core.package_identification:_identify(tests/streaming) by extensions ['ros']
[1.133s] Level 1:colcon.colcon_core.package_identification:_identify(tests/streaming) by extension 'ros'
[1.133s] Level 1:colcon.colcon_core.package_identification:_identify(tests/streaming) by extensions ['cmake', 'python']
[1.133s] Level 1:colcon.colcon_core.package_identification:_identify(tests/streaming) by extension 'cmake'
[1.134s] Level 1:colcon.colcon_core.package_identification:_identify(tests/streaming) by extension 'python'
[1.134s] Level 1:colcon.colcon_core.package_identification:_identify(tests/streaming) by extensions ['python_setup_py']
[1.134s] Level 1:colcon.colcon_core.package_identification:_identify(tests/streaming) by extension 'python_setup_py'
[1.134s] Level 1:colcon.colcon_core.package_discovery:discover_packages(recursive) using defaults
[1.134s] Level 1:colcon.colcon_core.package_discovery:discover_packages(ignore) discover
[1.134s] Level 1:colcon.colcon_core.package_discovery:discover_packages(ignore) using defaults
[1.134s] Level 1:colcon.colcon_core.package_discovery:discover_packages(path) discover
[1.134s] Level 1:colcon.colcon_core.package_discovery:discover_packages(path) using defaults
[1.258s] Level 1:colcon.colcon_core.package_discovery:discover_packages(prefix_path) check parameters
[1.258s] Level 1:colcon.colcon_core.package_discovery:discover_packages(prefix_path) discover
[1.266s] DEBUG:colcon.colcon_installed_package_information.package_discovery:Found 280 installed packages in /opt/ros/humble
[1.269s] Level 1:colcon.colcon_core.package_discovery:discover_packages(prefix_path) using defaults
[1.426s] Level 5:colcon.colcon_core.verb:set package 'ryugu_control' build argument 'cmake_args' from command line to 'None'
[1.426s] Level 5:colcon.colcon_core.verb:set package 'ryugu_control' build argument 'cmake_target' from command line to 'None'
[1.426s] Level 5:colcon.colcon_core.verb:set package 'ryugu_control' build argument 'cmake_target_skip_unavailable' from command line to 'False'
[1.426s] Level 5:colcon.colcon_core.verb:set package 'ryugu_control' build argument 'cmake_clean_cache' from command line to 'False'
[1.426s] Level 5:colcon.colcon_core.verb:set package 'ryugu_control' build argument 'cmake_clean_first' from command line to 'False'
[1.426s] Level 5:colcon.colcon_core.verb:set package 'ryugu_control' build argument 'cmake_force_configure' from command line to 'False'
[1.426s] Level 5:colcon.colcon_core.verb:set package 'ryugu_control' build argument 'ament_cmake_args' from command line to 'None'
[1.426s] Level 5:colcon.colcon_core.verb:set package 'ryugu_control' build argument 'catkin_cmake_args' from command line to 'None'
[1.426s] Level 5:colcon.colcon_core.verb:set package 'ryugu_control' build argument 'catkin_skip_building_tests' from command line to 'False'
[1.427s] DEBUG:colcon.colcon_core.verb:Building package 'ryugu_control' with the following arguments: {'ament_cmake_args': None, 'build_base': '/home/icad/RYUGU-ROV-CompanionComputer/build/ryugu_control', 'catkin_cmake_args': None, 'catkin_skip_building_tests': False, 'cmake_args': None, 'cmake_clean_cache': False, 'cmake_clean_first': False, 'cmake_force_configure': False, 'cmake_target': None, 'cmake_target_skip_unavailable': False, 'install_base': '/home/icad/RYUGU-ROV-CompanionComputer/install/ryugu_control', 'merge_install': False, 'path': '/home/icad/RYUGU-ROV-CompanionComputer/src/ryugu_control', 'symlink_install': True, 'test_result_base': None}
[1.427s] INFO:colcon.colcon_core.executor:Executing jobs using 'parallel' executor
[1.430s] DEBUG:colcon.colcon_parallel_executor.executor.parallel:run_until_complete
[1.430s] INFO:colcon.colcon_ros.task.ament_python.build:Building ROS package in '/home/icad/RYUGU-ROV-CompanionComputer/src/ryugu_control' with build type 'ament_python'
[1.431s] Level 1:colcon.colcon_core.shell:create_environment_hook('ryugu_control', 'ament_prefix_path')
[1.436s] INFO:colcon.colcon_core.plugin_system:Skipping extension 'colcon_core.shell.bat': Not used on non-Windows systems
[1.437s] INFO:colcon.colcon_core.shell:Creating environment hook '/home/icad/RYUGU-ROV-CompanionComputer/install/ryugu_control/share/ryugu_control/hook/ament_prefix_path.ps1'
[1.439s] INFO:colcon.colcon_core.shell:Creating environment descriptor '/home/icad/RYUGU-ROV-CompanionComputer/install/ryugu_control/share/ryugu_control/hook/ament_prefix_path.dsv'
[1.440s] INFO:colcon.colcon_core.shell:Creating environment hook '/home/icad/RYUGU-ROV-CompanionComputer/install/ryugu_control/share/ryugu_control/hook/ament_prefix_path.sh'
[1.442s] INFO:colcon.colcon_core.shell:Skip shell extension 'powershell' for command environment: Not usable outside of PowerShell
[1.442s] DEBUG:colcon.colcon_core.shell:Skip shell extension 'dsv' for command environment
[2.114s] INFO:colcon.colcon_core.task.python.build:Building Python package in '/home/icad/RYUGU-ROV-CompanionComputer/src/ryugu_control'
[2.115s] INFO:colcon.colcon_core.shell:Skip shell extension 'powershell' for command environment: Not usable outside of PowerShell
[2.116s] DEBUG:colcon.colcon_core.shell:Skip shell extension 'dsv' for command environment
[3.020s] DEBUG:colcon.colcon_core.task.python.build:Available setuptools commands: bdist_dumb, install_egg_info, bdist, develop, build_scripts, sdist, dist_info, build_py, setopt, install_data, install_headers, saveopts, test, check, clean, bdist_wheel, build, install_scripts, alias, install, rotate, upload_docs, install_lib, easy_install, build_ext, bdist_egg, upload, egg_info, build_clib, register, symlink_data, bdist_rpm
[3.743s] DEBUG:colcon.colcon_core.task.python.build:Available setuptools 'develop' options: --install-layout, --local-snapshots-ok, --site-dirs, --egg-path, --always-unzip, --record, --no-user-cfg, --help, --upgrade, --no-deps, --version, --prefix, --install-dir, --multi-version, --always-copy, --quiet, --allow-hosts, --script-dir, --build-directory, --editable, --find-links, --force-installation-into-system-dir, --index-url, --verbose, --dry-run, --no-find-links, --uninstall, --user, --zip-ok, --exclude-scripts, --optimize
[3.754s] DEBUG:colcon.colcon_core.event_handler.log_command:Invoking command in '/home/icad/RYUGU-ROV-CompanionComputer/build/ryugu_control': PYTHONPATH=/home/icad/RYUGU-ROV-CompanionComputer/build/ryugu_control/prefix_override:/usr/lib/python3/dist-packages/colcon_core/task/python/colcon_distutils_commands:/home/icad/RYUGU-ROV-CompanionComputer/install/ryugu_control/lib/python3.10/site-packages:${PYTHONPATH} /usr/bin/python3 -W ignore:setup.py install is deprecated -W ignore:easy_install command is deprecated setup.py develop --editable --build-directory /home/icad/RYUGU-ROV-CompanionComputer/build/ryugu_control/build --no-deps symlink_data
[4.916s] Level 1:colcon.colcon_core.shell:create_environment_hook('ryugu_control', 'pythonpath_develop')
[4.917s] INFO:colcon.colcon_core.shell:Creating environment hook '/home/icad/RYUGU-ROV-CompanionComputer/build/ryugu_control/share/ryugu_control/hook/pythonpath_develop.ps1'
[4.919s] DEBUG:colcon.colcon_core.event_handler.log_command:Invoked command in '/home/icad/RYUGU-ROV-CompanionComputer/build/ryugu_control' returned '0': PYTHONPATH=/home/icad/RYUGU-ROV-CompanionComputer/build/ryugu_control/prefix_override:/usr/lib/python3/dist-packages/colcon_core/task/python/colcon_distutils_commands:/home/icad/RYUGU-ROV-CompanionComputer/install/ryugu_control/lib/python3.10/site-packages:${PYTHONPATH} /usr/bin/python3 -W ignore:setup.py install is deprecated -W ignore:easy_install command is deprecated setup.py develop --editable --build-directory /home/icad/RYUGU-ROV-CompanionComputer/build/ryugu_control/build --no-deps symlink_data
[4.921s] INFO:colcon.colcon_core.shell:Creating environment descriptor '/home/icad/RYUGU-ROV-CompanionComputer/build/ryugu_control/share/ryugu_control/hook/pythonpath_develop.dsv'
[4.922s] INFO:colcon.colcon_core.shell:Creating environment hook '/home/icad/RYUGU-ROV-CompanionComputer/build/ryugu_control/share/ryugu_control/hook/pythonpath_develop.sh'
[4.935s] Level 1:colcon.colcon_core.environment:checking '/home/icad/RYUGU-ROV-CompanionComputer/install/ryugu_control' for CMake module files
[4.937s] Level 1:colcon.colcon_core.environment:checking '/home/icad/RYUGU-ROV-CompanionComputer/install/ryugu_control' for CMake config files
[4.941s] Level 1:colcon.colcon_core.environment:checking '/home/icad/RYUGU-ROV-CompanionComputer/install/ryugu_control/lib'
[4.941s] Level 1:colcon.colcon_core.environment:checking '/home/icad/RYUGU-ROV-CompanionComputer/install/ryugu_control/bin'
[4.942s] Level 1:colcon.colcon_core.environment:checking '/home/icad/RYUGU-ROV-CompanionComputer/install/ryugu_control/lib/pkgconfig/ryugu_control.pc'
[4.943s] Level 1:colcon.colcon_core.environment:checking '/home/icad/RYUGU-ROV-CompanionComputer/install/ryugu_control/lib/python3.10/site-packages'
[4.943s] Level 1:colcon.colcon_core.shell:create_environment_hook('ryugu_control', 'pythonpath')
[4.944s] INFO:colcon.colcon_core.shell:Creating environment hook '/home/icad/RYUGU-ROV-CompanionComputer/install/ryugu_control/share/ryugu_control/hook/pythonpath.ps1'
[4.946s] INFO:colcon.colcon_core.shell:Creating environment descriptor '/home/icad/RYUGU-ROV-CompanionComputer/install/ryugu_control/share/ryugu_control/hook/pythonpath.dsv'
[4.948s] INFO:colcon.colcon_core.shell:Creating environment hook '/home/icad/RYUGU-ROV-CompanionComputer/install/ryugu_control/share/ryugu_control/hook/pythonpath.sh'
[4.952s] Level 1:colcon.colcon_core.environment:checking '/home/icad/RYUGU-ROV-CompanionComputer/install/ryugu_control/bin'
[4.952s] Level 1:colcon.colcon_core.environment:create_environment_scripts_only(ryugu_control)
[4.954s] INFO:colcon.colcon_core.shell:Creating package script '/home/icad/RYUGU-ROV-CompanionComputer/install/ryugu_control/share/ryugu_control/package.ps1'
[4.959s] INFO:colcon.colcon_core.shell:Creating package descriptor '/home/icad/RYUGU-ROV-CompanionComputer/install/ryugu_control/share/ryugu_control/package.dsv'
[4.962s] INFO:colcon.colcon_core.shell:Creating package script '/home/icad/RYUGU-ROV-CompanionComputer/install/ryugu_control/share/ryugu_control/package.sh'
[4.968s] INFO:colcon.colcon_core.shell:Creating package script '/home/icad/RYUGU-ROV-CompanionComputer/install/ryugu_control/share/ryugu_control/package.bash'
[4.971s] INFO:colcon.colcon_core.shell:Creating package script '/home/icad/RYUGU-ROV-CompanionComputer/install/ryugu_control/share/ryugu_control/package.zsh'
[4.973s] Level 1:colcon.colcon_core.environment:create_file_with_runtime_dependencies(/home/icad/RYUGU-ROV-CompanionComputer/install/ryugu_control/share/colcon-core/packages/ryugu_control)
[4.976s] DEBUG:colcon.colcon_parallel_executor.executor.parallel:closing loop
[4.976s] DEBUG:colcon.colcon_parallel_executor.executor.parallel:loop closed
[4.977s] DEBUG:colcon.colcon_parallel_executor.executor.parallel:run_until_complete finished with '0'
[4.977s] DEBUG:colcon.colcon_core.event_reactor:joining thread
[4.982s] DEBUG:colcon.colcon_core.event_reactor:joined thread
[4.983s] INFO:colcon.colcon_core.shell:Creating prefix script '/home/icad/RYUGU-ROV-CompanionComputer/install/local_setup.ps1'
[4.987s] INFO:colcon.colcon_core.shell:Creating prefix util module '/home/icad/RYUGU-ROV-CompanionComputer/install/_local_setup_util_ps1.py'
[4.991s] INFO:colcon.colcon_core.shell:Creating prefix chain script '/home/icad/RYUGU-ROV-CompanionComputer/install/setup.ps1'
[5.000s] INFO:colcon.colcon_core.shell:Creating prefix script '/home/icad/RYUGU-ROV-CompanionComputer/install/local_setup.sh'
[5.002s] INFO:colcon.colcon_core.shell:Creating prefix util module '/home/icad/RYUGU-ROV-CompanionComputer/install/_local_setup_util_sh.py'
[5.003s] INFO:colcon.colcon_core.shell:Creating prefix chain script '/home/icad/RYUGU-ROV-CompanionComputer/install/setup.sh'
[5.006s] INFO:colcon.colcon_core.shell:Creating prefix script '/home/icad/RYUGU-ROV-CompanionComputer/install/local_setup.bash'
[5.007s] INFO:colcon.colcon_core.shell:Creating prefix chain script '/home/icad/RYUGU-ROV-CompanionComputer/install/setup.bash'
[5.010s] INFO:colcon.colcon_core.shell:Creating prefix script '/home/icad/RYUGU-ROV-CompanionComputer/install/local_setup.zsh'
[5.011s] INFO:colcon.colcon_core.shell:Creating prefix chain script '/home/icad/RYUGU-ROV-CompanionComputer/install/setup.zsh'
