[1.422s] Invoking command in '/home/icad/RYUGU-ROV-CompanionComputer/build/ryugu_control': PYTHONPATH=/home/icad/RYUGU-ROV-CompanionComputer/build/ryugu_control/prefix_override:/usr/lib/python3/dist-packages/colcon_core/task/python/colcon_distutils_commands:/home/icad/RYUGU-ROV-CompanionComputer/install/ryugu_control/lib/python3.10/site-packages:${PYTHONPATH} /usr/bin/python3 -W ignore:setup.py install is deprecated -W ignore:easy_install command is deprecated setup.py develop --uninstall --editable --build-directory /home/icad/RYUGU-ROV-CompanionComputer/build/ryugu_control/build
[2.022s] running develop
[2.418s] Removing /home/icad/RYUGU-ROV-CompanionComputer/install/ryugu_control/lib/python3.10/site-packages/ryugu-control.egg-link (link to .)
[2.496s] Invoked command in '/home/icad/RYUGU-ROV-CompanionComputer/build/ryugu_control' returned '0': PYTHONPATH=/home/icad/RYUGU-ROV-CompanionComputer/build/ryugu_control/prefix_override:/usr/lib/python3/dist-packages/colcon_core/task/python/colcon_distutils_commands:/home/icad/RYUGU-ROV-CompanionComputer/install/ryugu_control/lib/python3.10/site-packages:${PYTHONPATH} /usr/bin/python3 -W ignore:setup.py install is deprecated -W ignore:easy_install command is deprecated setup.py develop --uninstall --editable --build-directory /home/icad/RYUGU-ROV-CompanionComputer/build/ryugu_control/build
[2.500s] Invoking command in '/home/icad/RYUGU-ROV-CompanionComputer/src/ryugu_control': PYTHONPATH=/home/icad/RYUGU-ROV-CompanionComputer/build/ryugu_control/prefix_override:/usr/lib/python3/dist-packages/colcon_core/task/python/colcon_distutils_commands:/home/icad/RYUGU-ROV-CompanionComputer/install/ryugu_control/lib/python3.10/site-packages:${PYTHONPATH} /usr/bin/python3 -W ignore:setup.py install is deprecated -W ignore:easy_install command is deprecated setup.py egg_info --egg-base ../../build/ryugu_control build --build-base /home/icad/RYUGU-ROV-CompanionComputer/build/ryugu_control/build install --record /home/icad/RYUGU-ROV-CompanionComputer/build/ryugu_control/install.log --install-scripts $base/lib/ryugu_control --single-version-externally-managed install_data --force
[3.061s] running egg_info
[3.062s] writing ../../build/ryugu_control/ryugu_control.egg-info/PKG-INFO
[3.062s] writing dependency_links to ../../build/ryugu_control/ryugu_control.egg-info/dependency_links.txt
[3.063s] writing entry points to ../../build/ryugu_control/ryugu_control.egg-info/entry_points.txt
[3.063s] writing requirements to ../../build/ryugu_control/ryugu_control.egg-info/requires.txt
[3.064s] writing top-level names to ../../build/ryugu_control/ryugu_control.egg-info/top_level.txt
[3.068s] reading manifest file '../../build/ryugu_control/ryugu_control.egg-info/SOURCES.txt'
[3.070s] writing manifest file '../../build/ryugu_control/ryugu_control.egg-info/SOURCES.txt'
[3.070s] running build
[3.071s] running build_py
[3.071s] copying ryugu_control/gcs_bridge_node.py -> /home/icad/RYUGU-ROV-CompanionComputer/build/ryugu_control/build/lib/ryugu_control
[3.072s] running install
[3.073s] running install_lib
[3.077s] creating /home/icad/RYUGU-ROV-CompanionComputer/install/ryugu_control/lib/python3.10/site-packages/ryugu_control
[3.077s] copying /home/icad/RYUGU-ROV-CompanionComputer/build/ryugu_control/build/lib/ryugu_control/gcs_bridge_node.py -> /home/icad/RYUGU-ROV-CompanionComputer/install/ryugu_control/lib/python3.10/site-packages/ryugu_control
[3.078s] copying /home/icad/RYUGU-ROV-CompanionComputer/build/ryugu_control/build/lib/ryugu_control/__init__.py -> /home/icad/RYUGU-ROV-CompanionComputer/install/ryugu_control/lib/python3.10/site-packages/ryugu_control
[3.078s] copying /home/icad/RYUGU-ROV-CompanionComputer/build/ryugu_control/build/lib/ryugu_control/test_thrusters_gripper.py -> /home/icad/RYUGU-ROV-CompanionComputer/install/ryugu_control/lib/python3.10/site-packages/ryugu_control
[3.079s] copying /home/icad/RYUGU-ROV-CompanionComputer/build/ryugu_control/build/lib/ryugu_control/test_arming_mode.py -> /home/icad/RYUGU-ROV-CompanionComputer/install/ryugu_control/lib/python3.10/site-packages/ryugu_control
[3.080s] copying /home/icad/RYUGU-ROV-CompanionComputer/build/ryugu_control/build/lib/ryugu_control/test_sensor_reader.py -> /home/icad/RYUGU-ROV-CompanionComputer/install/ryugu_control/lib/python3.10/site-packages/ryugu_control
[3.080s] copying /home/icad/RYUGU-ROV-CompanionComputer/build/ryugu_control/build/lib/ryugu_control/webcam_streamer.py -> /home/icad/RYUGU-ROV-CompanionComputer/install/ryugu_control/lib/python3.10/site-packages/ryugu_control
[3.082s] byte-compiling /home/icad/RYUGU-ROV-CompanionComputer/install/ryugu_control/lib/python3.10/site-packages/ryugu_control/gcs_bridge_node.py to gcs_bridge_node.cpython-310.pyc
[3.093s] byte-compiling /home/icad/RYUGU-ROV-CompanionComputer/install/ryugu_control/lib/python3.10/site-packages/ryugu_control/__init__.py to __init__.cpython-310.pyc
[3.094s] byte-compiling /home/icad/RYUGU-ROV-CompanionComputer/install/ryugu_control/lib/python3.10/site-packages/ryugu_control/test_thrusters_gripper.py to test_thrusters_gripper.cpython-310.pyc
[3.099s] byte-compiling /home/icad/RYUGU-ROV-CompanionComputer/install/ryugu_control/lib/python3.10/site-packages/ryugu_control/test_arming_mode.py to test_arming_mode.cpython-310.pyc
[3.103s] byte-compiling /home/icad/RYUGU-ROV-CompanionComputer/install/ryugu_control/lib/python3.10/site-packages/ryugu_control/test_sensor_reader.py to test_sensor_reader.cpython-310.pyc
[3.108s] byte-compiling /home/icad/RYUGU-ROV-CompanionComputer/install/ryugu_control/lib/python3.10/site-packages/ryugu_control/webcam_streamer.py to webcam_streamer.cpython-310.pyc
[3.113s] running install_data
[3.114s] copying resource/ryugu_control -> /home/icad/RYUGU-ROV-CompanionComputer/install/ryugu_control/share/ament_index/resource_index/packages
[3.114s] copying package.xml -> /home/icad/RYUGU-ROV-CompanionComputer/install/ryugu_control/share/ryugu_control
[3.115s] copying launch/mavros_sub.launch.py -> /home/icad/RYUGU-ROV-CompanionComputer/install/ryugu_control/share/ryugu_control/launch
[3.116s] copying launch/ryugu_production.launch.py -> /home/icad/RYUGU-ROV-CompanionComputer/install/ryugu_control/share/ryugu_control/launch
[3.116s] copying launch/ryugu_GoProduction_QGC.launch.py -> /home/icad/RYUGU-ROV-CompanionComputer/install/ryugu_control/share/ryugu_control/launch
[3.117s] copying config/ardusub_params.yaml -> /home/icad/RYUGU-ROV-CompanionComputer/install/ryugu_control/share/ryugu_control/config
[3.117s] running install_egg_info
[3.122s] Copying ../../build/ryugu_control/ryugu_control.egg-info to /home/icad/RYUGU-ROV-CompanionComputer/install/ryugu_control/lib/python3.10/site-packages/ryugu_control-0.1.0-py3.10.egg-info
[3.125s] running install_scripts
[3.172s] Installing gcs_bridge_node script to /home/icad/RYUGU-ROV-CompanionComputer/install/ryugu_control/lib/ryugu_control
[3.172s] Installing test_arming_mode script to /home/icad/RYUGU-ROV-CompanionComputer/install/ryugu_control/lib/ryugu_control
[3.173s] Installing test_sensor_reader script to /home/icad/RYUGU-ROV-CompanionComputer/install/ryugu_control/lib/ryugu_control
[3.173s] Installing test_thrusters_gripper script to /home/icad/RYUGU-ROV-CompanionComputer/install/ryugu_control/lib/ryugu_control
[3.173s] Installing webcam_streamer script to /home/icad/RYUGU-ROV-CompanionComputer/install/ryugu_control/lib/ryugu_control
[3.174s] writing list of installed files to '/home/icad/RYUGU-ROV-CompanionComputer/build/ryugu_control/install.log'
[3.248s] Invoked command in '/home/icad/RYUGU-ROV-CompanionComputer/src/ryugu_control' returned '0': PYTHONPATH=/home/icad/RYUGU-ROV-CompanionComputer/build/ryugu_control/prefix_override:/usr/lib/python3/dist-packages/colcon_core/task/python/colcon_distutils_commands:/home/icad/RYUGU-ROV-CompanionComputer/install/ryugu_control/lib/python3.10/site-packages:${PYTHONPATH} /usr/bin/python3 -W ignore:setup.py install is deprecated -W ignore:easy_install command is deprecated setup.py egg_info --egg-base ../../build/ryugu_control build --build-base /home/icad/RYUGU-ROV-CompanionComputer/build/ryugu_control/build install --record /home/icad/RYUGU-ROV-CompanionComputer/build/ryugu_control/install.log --install-scripts $base/lib/ryugu_control --single-version-externally-managed install_data --force
