[0.485s] colcon DEBUG Command line arguments: ['/usr/bin/colcon', 'build', '--symlink-install', '--packages-select', 'ryugu_control']
[0.485s] colcon DEBUG Parsed command line arguments: Namespace(log_base=None, log_level=None, verb_name='build', build_base='build', install_base='install', merge_install=False, symlink_install=True, test_result_base=None, continue_on_error=False, executor='parallel', parallel_workers=6, event_handlers=None, ignore_user_meta=False, metas=['./colcon.meta'], base_paths=['.'], packages_ignore=None, packages_ignore_regex=None, paths=None, packages_up_to=None, packages_up_to_regex=None, packages_above=None, packages_above_and_dependencies=None, packages_above_depth=None, packages_select_by_dep=None, packages_skip_by_dep=None, packages_skip_up_to=None, packages_select_build_failed=False, packages_skip_build_finished=False, packages_select_test_failures=False, packages_skip_test_passed=False, packages_select=['ryugu_control'], packages_skip=None, packages_select_regex=None, packages_skip_regex=None, packages_start=None, packages_end=None, allow_overriding=[], cmake_args=None, cmake_target=None, cmake_target_skip_unavailable=False, cmake_clean_cache=False, cmake_clean_first=False, cmake_force_configure=False, ament_cmake_args=None, catkin_cmake_args=None, catkin_skip_building_tests=False, mixin_files=None, mixin=None, verb_parser=<colcon_mixin.mixin.mixin_argument.MixinArgumentDecorator object at 0xffff804f2c80>, verb_extension=<colcon_core.verb.build.BuildVerb object at 0xffff804f2680>, main=<bound method BuildVerb.main of <colcon_core.verb.build.BuildVerb object at 0xffff804f2680>>, mixin_verb=('build',))
[0.604s] colcon.colcon_core.package_discovery Level 1 discover_packages(colcon_meta) check parameters
[0.604s] colcon.colcon_core.package_discovery Level 1 discover_packages(recursive) check parameters
[0.604s] colcon.colcon_core.package_discovery Level 1 discover_packages(ignore) check parameters
[0.604s] colcon.colcon_core.package_discovery Level 1 discover_packages(path) check parameters
[0.604s] colcon.colcon_core.package_discovery Level 1 discover_packages(colcon_meta) discover
[0.605s] colcon.colcon_core.package_discovery Level 1 discover_packages(recursive) discover
[0.605s] colcon.colcon_core.package_discovery INFO Crawling recursively for packages in '/home/icad/RYUGU-ROV-CompanionComputer'
[0.605s] colcon.colcon_core.package_identification Level 1 _identify(.) by extensions ['ignore', 'ignore_ament_install']
[0.605s] colcon.colcon_core.package_identification Level 1 _identify(.) by extension 'ignore'
[0.605s] colcon.colcon_core.package_identification Level 1 _identify(.) by extension 'ignore_ament_install'
[0.606s] colcon.colcon_core.package_identification Level 1 _identify(.) by extensions ['colcon_pkg']
[0.606s] colcon.colcon_core.package_identification Level 1 _identify(.) by extension 'colcon_pkg'
[0.606s] colcon.colcon_core.package_identification Level 1 _identify(.) by extensions ['colcon_meta']
[0.606s] colcon.colcon_core.package_identification Level 1 _identify(.) by extension 'colcon_meta'
[0.606s] colcon.colcon_core.package_identification Level 1 _identify(.) by extensions ['ros']
[0.606s] colcon.colcon_core.package_identification Level 1 _identify(.) by extension 'ros'
[0.648s] colcon.colcon_core.package_identification Level 1 _identify(.) by extensions ['cmake', 'python']
[0.648s] colcon.colcon_core.package_identification Level 1 _identify(.) by extension 'cmake'
[0.648s] colcon.colcon_core.package_identification Level 1 _identify(.) by extension 'python'
[0.648s] colcon.colcon_core.package_identification Level 1 _identify(.) by extensions ['python_setup_py']
[0.648s] colcon.colcon_core.package_identification Level 1 _identify(.) by extension 'python_setup_py'
[0.649s] colcon.colcon_core.package_identification Level 1 _identify(build) by extensions ['ignore', 'ignore_ament_install']
[0.649s] colcon.colcon_core.package_identification Level 1 _identify(build) by extension 'ignore'
[0.649s] colcon.colcon_core.package_identification Level 1 _identify(build) ignored
[0.650s] colcon.colcon_core.package_identification Level 1 _identify(deploy) by extensions ['ignore', 'ignore_ament_install']
[0.650s] colcon.colcon_core.package_identification Level 1 _identify(deploy) by extension 'ignore'
[0.650s] colcon.colcon_core.package_identification Level 1 _identify(deploy) by extension 'ignore_ament_install'
[0.650s] colcon.colcon_core.package_identification Level 1 _identify(deploy) by extensions ['colcon_pkg']
[0.650s] colcon.colcon_core.package_identification Level 1 _identify(deploy) by extension 'colcon_pkg'
[0.650s] colcon.colcon_core.package_identification Level 1 _identify(deploy) by extensions ['colcon_meta']
[0.650s] colcon.colcon_core.package_identification Level 1 _identify(deploy) by extension 'colcon_meta'
[0.651s] colcon.colcon_core.package_identification Level 1 _identify(deploy) by extensions ['ros']
[0.651s] colcon.colcon_core.package_identification Level 1 _identify(deploy) by extension 'ros'
[0.651s] colcon.colcon_core.package_identification Level 1 _identify(deploy) by extensions ['cmake', 'python']
[0.651s] colcon.colcon_core.package_identification Level 1 _identify(deploy) by extension 'cmake'
[0.651s] colcon.colcon_core.package_identification Level 1 _identify(deploy) by extension 'python'
[0.651s] colcon.colcon_core.package_identification Level 1 _identify(deploy) by extensions ['python_setup_py']
[0.651s] colcon.colcon_core.package_identification Level 1 _identify(deploy) by extension 'python_setup_py'
[0.652s] colcon.colcon_core.package_identification Level 1 _identify(deploy/mavlink-router) by extensions ['ignore', 'ignore_ament_install']
[0.652s] colcon.colcon_core.package_identification Level 1 _identify(deploy/mavlink-router) by extension 'ignore'
[0.652s] colcon.colcon_core.package_identification Level 1 _identify(deploy/mavlink-router) by extension 'ignore_ament_install'
[0.652s] colcon.colcon_core.package_identification Level 1 _identify(deploy/mavlink-router) by extensions ['colcon_pkg']
[0.652s] colcon.colcon_core.package_identification Level 1 _identify(deploy/mavlink-router) by extension 'colcon_pkg'
[0.652s] colcon.colcon_core.package_identification Level 1 _identify(deploy/mavlink-router) by extensions ['colcon_meta']
[0.652s] colcon.colcon_core.package_identification Level 1 _identify(deploy/mavlink-router) by extension 'colcon_meta'
[0.652s] colcon.colcon_core.package_identification Level 1 _identify(deploy/mavlink-router) by extensions ['ros']
[0.653s] colcon.colcon_core.package_identification Level 1 _identify(deploy/mavlink-router) by extension 'ros'
[0.653s] colcon.colcon_core.package_identification Level 1 _identify(deploy/mavlink-router) by extensions ['cmake', 'python']
[0.653s] colcon.colcon_core.package_identification Level 1 _identify(deploy/mavlink-router) by extension 'cmake'
[0.653s] colcon.colcon_core.package_identification Level 1 _identify(deploy/mavlink-router) by extension 'python'
[0.653s] colcon.colcon_core.package_identification Level 1 _identify(deploy/mavlink-router) by extensions ['python_setup_py']
[0.653s] colcon.colcon_core.package_identification Level 1 _identify(deploy/mavlink-router) by extension 'python_setup_py'
[0.653s] colcon.colcon_core.package_identification Level 1 _identify(install) by extensions ['ignore', 'ignore_ament_install']
[0.654s] colcon.colcon_core.package_identification Level 1 _identify(install) by extension 'ignore'
[0.654s] colcon.colcon_core.package_identification Level 1 _identify(install) ignored
[0.654s] colcon.colcon_core.package_identification Level 1 _identify(log) by extensions ['ignore', 'ignore_ament_install']
[0.654s] colcon.colcon_core.package_identification Level 1 _identify(log) by extension 'ignore'
[0.654s] colcon.colcon_core.package_identification Level 1 _identify(log) ignored
[0.655s] colcon.colcon_core.package_identification Level 1 _identify(scripts) by extensions ['ignore', 'ignore_ament_install']
[0.655s] colcon.colcon_core.package_identification Level 1 _identify(scripts) by extension 'ignore'
[0.655s] colcon.colcon_core.package_identification Level 1 _identify(scripts) by extension 'ignore_ament_install'
[0.655s] colcon.colcon_core.package_identification Level 1 _identify(scripts) by extensions ['colcon_pkg']
[0.655s] colcon.colcon_core.package_identification Level 1 _identify(scripts) by extension 'colcon_pkg'
[0.655s] colcon.colcon_core.package_identification Level 1 _identify(scripts) by extensions ['colcon_meta']
[0.656s] colcon.colcon_core.package_identification Level 1 _identify(scripts) by extension 'colcon_meta'
[0.656s] colcon.colcon_core.package_identification Level 1 _identify(scripts) by extensions ['ros']
[0.656s] colcon.colcon_core.package_identification Level 1 _identify(scripts) by extension 'ros'
[0.656s] colcon.colcon_core.package_identification Level 1 _identify(scripts) by extensions ['cmake', 'python']
[0.656s] colcon.colcon_core.package_identification Level 1 _identify(scripts) by extension 'cmake'
[0.656s] colcon.colcon_core.package_identification Level 1 _identify(scripts) by extension 'python'
[0.656s] colcon.colcon_core.package_identification Level 1 _identify(scripts) by extensions ['python_setup_py']
[0.656s] colcon.colcon_core.package_identification Level 1 _identify(scripts) by extension 'python_setup_py'
[0.657s] colcon.colcon_core.package_identification Level 1 _identify(src) by extensions ['ignore', 'ignore_ament_install']
[0.657s] colcon.colcon_core.package_identification Level 1 _identify(src) by extension 'ignore'
[0.657s] colcon.colcon_core.package_identification Level 1 _identify(src) by extension 'ignore_ament_install'
[0.657s] colcon.colcon_core.package_identification Level 1 _identify(src) by extensions ['colcon_pkg']
[0.657s] colcon.colcon_core.package_identification Level 1 _identify(src) by extension 'colcon_pkg'
[0.657s] colcon.colcon_core.package_identification Level 1 _identify(src) by extensions ['colcon_meta']
[0.657s] colcon.colcon_core.package_identification Level 1 _identify(src) by extension 'colcon_meta'
[0.658s] colcon.colcon_core.package_identification Level 1 _identify(src) by extensions ['ros']
[0.658s] colcon.colcon_core.package_identification Level 1 _identify(src) by extension 'ros'
[0.658s] colcon.colcon_core.package_identification Level 1 _identify(src) by extensions ['cmake', 'python']
[0.658s] colcon.colcon_core.package_identification Level 1 _identify(src) by extension 'cmake'
[0.658s] colcon.colcon_core.package_identification Level 1 _identify(src) by extension 'python'
[0.658s] colcon.colcon_core.package_identification Level 1 _identify(src) by extensions ['python_setup_py']
[0.658s] colcon.colcon_core.package_identification Level 1 _identify(src) by extension 'python_setup_py'
[0.659s] colcon.colcon_core.package_identification Level 1 _identify(src/ryugu_control) by extensions ['ignore', 'ignore_ament_install']
[0.659s] colcon.colcon_core.package_identification Level 1 _identify(src/ryugu_control) by extension 'ignore'
[0.659s] colcon.colcon_core.package_identification Level 1 _identify(src/ryugu_control) by extension 'ignore_ament_install'
[0.659s] colcon.colcon_core.package_identification Level 1 _identify(src/ryugu_control) by extensions ['colcon_pkg']
[0.659s] colcon.colcon_core.package_identification Level 1 _identify(src/ryugu_control) by extension 'colcon_pkg'
[0.659s] colcon.colcon_core.package_identification Level 1 _identify(src/ryugu_control) by extensions ['colcon_meta']
[0.659s] colcon.colcon_core.package_identification Level 1 _identify(src/ryugu_control) by extension 'colcon_meta'
[0.660s] colcon.colcon_core.package_identification Level 1 _identify(src/ryugu_control) by extensions ['ros']
[0.660s] colcon.colcon_core.package_identification Level 1 _identify(src/ryugu_control) by extension 'ros'
[0.668s] colcon.colcon_core.package_identification DEBUG Package 'src/ryugu_control' with type 'ros.ament_python' and name 'ryugu_control'
[0.668s] colcon.colcon_core.package_identification Level 1 _identify(tests) by extensions ['ignore', 'ignore_ament_install']
[0.668s] colcon.colcon_core.package_identification Level 1 _identify(tests) by extension 'ignore'
[0.669s] colcon.colcon_core.package_identification Level 1 _identify(tests) by extension 'ignore_ament_install'
[0.669s] colcon.colcon_core.package_identification Level 1 _identify(tests) by extensions ['colcon_pkg']
[0.669s] colcon.colcon_core.package_identification Level 1 _identify(tests) by extension 'colcon_pkg'
[0.669s] colcon.colcon_core.package_identification Level 1 _identify(tests) by extensions ['colcon_meta']
[0.669s] colcon.colcon_core.package_identification Level 1 _identify(tests) by extension 'colcon_meta'
[0.669s] colcon.colcon_core.package_identification Level 1 _identify(tests) by extensions ['ros']
[0.670s] colcon.colcon_core.package_identification Level 1 _identify(tests) by extension 'ros'
[0.670s] colcon.colcon_core.package_identification Level 1 _identify(tests) by extensions ['cmake', 'python']
[0.670s] colcon.colcon_core.package_identification Level 1 _identify(tests) by extension 'cmake'
[0.670s] colcon.colcon_core.package_identification Level 1 _identify(tests) by extension 'python'
[0.670s] colcon.colcon_core.package_identification Level 1 _identify(tests) by extensions ['python_setup_py']
[0.670s] colcon.colcon_core.package_identification Level 1 _identify(tests) by extension 'python_setup_py'
[0.671s] colcon.colcon_core.package_identification Level 1 _identify(tests/comm) by extensions ['ignore', 'ignore_ament_install']
[0.671s] colcon.colcon_core.package_identification Level 1 _identify(tests/comm) by extension 'ignore'
[0.671s] colcon.colcon_core.package_identification Level 1 _identify(tests/comm) by extension 'ignore_ament_install'
[0.671s] colcon.colcon_core.package_identification Level 1 _identify(tests/comm) by extensions ['colcon_pkg']
[0.671s] colcon.colcon_core.package_identification Level 1 _identify(tests/comm) by extension 'colcon_pkg'
[0.671s] colcon.colcon_core.package_identification Level 1 _identify(tests/comm) by extensions ['colcon_meta']
[0.671s] colcon.colcon_core.package_identification Level 1 _identify(tests/comm) by extension 'colcon_meta'
[0.672s] colcon.colcon_core.package_identification Level 1 _identify(tests/comm) by extensions ['ros']
[0.672s] colcon.colcon_core.package_identification Level 1 _identify(tests/comm) by extension 'ros'
[0.672s] colcon.colcon_core.package_identification Level 1 _identify(tests/comm) by extensions ['cmake', 'python']
[0.672s] colcon.colcon_core.package_identification Level 1 _identify(tests/comm) by extension 'cmake'
[0.672s] colcon.colcon_core.package_identification Level 1 _identify(tests/comm) by extension 'python'
[0.672s] colcon.colcon_core.package_identification Level 1 _identify(tests/comm) by extensions ['python_setup_py']
[0.672s] colcon.colcon_core.package_identification Level 1 _identify(tests/comm) by extension 'python_setup_py'
[0.673s] colcon.colcon_core.package_identification Level 1 _identify(tests/control) by extensions ['ignore', 'ignore_ament_install']
[0.673s] colcon.colcon_core.package_identification Level 1 _identify(tests/control) by extension 'ignore'
[0.673s] colcon.colcon_core.package_identification Level 1 _identify(tests/control) by extension 'ignore_ament_install'
[0.673s] colcon.colcon_core.package_identification Level 1 _identify(tests/control) by extensions ['colcon_pkg']
[0.673s] colcon.colcon_core.package_identification Level 1 _identify(tests/control) by extension 'colcon_pkg'
[0.673s] colcon.colcon_core.package_identification Level 1 _identify(tests/control) by extensions ['colcon_meta']
[0.673s] colcon.colcon_core.package_identification Level 1 _identify(tests/control) by extension 'colcon_meta'
[0.674s] colcon.colcon_core.package_identification Level 1 _identify(tests/control) by extensions ['ros']
[0.674s] colcon.colcon_core.package_identification Level 1 _identify(tests/control) by extension 'ros'
[0.674s] colcon.colcon_core.package_identification Level 1 _identify(tests/control) by extensions ['cmake', 'python']
[0.674s] colcon.colcon_core.package_identification Level 1 _identify(tests/control) by extension 'cmake'
[0.674s] colcon.colcon_core.package_identification Level 1 _identify(tests/control) by extension 'python'
[0.674s] colcon.colcon_core.package_identification Level 1 _identify(tests/control) by extensions ['python_setup_py']
[0.674s] colcon.colcon_core.package_identification Level 1 _identify(tests/control) by extension 'python_setup_py'
[0.675s] colcon.colcon_core.package_identification Level 1 _identify(tests/control/__pycache__) by extensions ['ignore', 'ignore_ament_install']
[0.675s] colcon.colcon_core.package_identification Level 1 _identify(tests/control/__pycache__) by extension 'ignore'
[0.675s] colcon.colcon_core.package_identification Level 1 _identify(tests/control/__pycache__) by extension 'ignore_ament_install'
[0.675s] colcon.colcon_core.package_identification Level 1 _identify(tests/control/__pycache__) by extensions ['colcon_pkg']
[0.675s] colcon.colcon_core.package_identification Level 1 _identify(tests/control/__pycache__) by extension 'colcon_pkg'
[0.675s] colcon.colcon_core.package_identification Level 1 _identify(tests/control/__pycache__) by extensions ['colcon_meta']
[0.675s] colcon.colcon_core.package_identification Level 1 _identify(tests/control/__pycache__) by extension 'colcon_meta'
[0.676s] colcon.colcon_core.package_identification Level 1 _identify(tests/control/__pycache__) by extensions ['ros']
[0.676s] colcon.colcon_core.package_identification Level 1 _identify(tests/control/__pycache__) by extension 'ros'
[0.676s] colcon.colcon_core.package_identification Level 1 _identify(tests/control/__pycache__) by extensions ['cmake', 'python']
[0.676s] colcon.colcon_core.package_identification Level 1 _identify(tests/control/__pycache__) by extension 'cmake'
[0.676s] colcon.colcon_core.package_identification Level 1 _identify(tests/control/__pycache__) by extension 'python'
[0.676s] colcon.colcon_core.package_identification Level 1 _identify(tests/control/__pycache__) by extensions ['python_setup_py']
[0.676s] colcon.colcon_core.package_identification Level 1 _identify(tests/control/__pycache__) by extension 'python_setup_py'
[0.677s] colcon.colcon_core.package_identification Level 1 _identify(tests/streaming) by extensions ['ignore', 'ignore_ament_install']
[0.677s] colcon.colcon_core.package_identification Level 1 _identify(tests/streaming) by extension 'ignore'
[0.677s] colcon.colcon_core.package_identification Level 1 _identify(tests/streaming) by extension 'ignore_ament_install'
[0.677s] colcon.colcon_core.package_identification Level 1 _identify(tests/streaming) by extensions ['colcon_pkg']
[0.677s] colcon.colcon_core.package_identification Level 1 _identify(tests/streaming) by extension 'colcon_pkg'
[0.677s] colcon.colcon_core.package_identification Level 1 _identify(tests/streaming) by extensions ['colcon_meta']
[0.677s] colcon.colcon_core.package_identification Level 1 _identify(tests/streaming) by extension 'colcon_meta'
[0.678s] colcon.colcon_core.package_identification Level 1 _identify(tests/streaming) by extensions ['ros']
[0.678s] colcon.colcon_core.package_identification Level 1 _identify(tests/streaming) by extension 'ros'
[0.678s] colcon.colcon_core.package_identification Level 1 _identify(tests/streaming) by extensions ['cmake', 'python']
[0.678s] colcon.colcon_core.package_identification Level 1 _identify(tests/streaming) by extension 'cmake'
[0.678s] colcon.colcon_core.package_identification Level 1 _identify(tests/streaming) by extension 'python'
[0.678s] colcon.colcon_core.package_identification Level 1 _identify(tests/streaming) by extensions ['python_setup_py']
[0.678s] colcon.colcon_core.package_identification Level 1 _identify(tests/streaming) by extension 'python_setup_py'
[0.679s] colcon.colcon_core.package_identification Level 1 _identify(tests/streaming/__pycache__) by extensions ['ignore', 'ignore_ament_install']
[0.679s] colcon.colcon_core.package_identification Level 1 _identify(tests/streaming/__pycache__) by extension 'ignore'
[0.679s] colcon.colcon_core.package_identification Level 1 _identify(tests/streaming/__pycache__) by extension 'ignore_ament_install'
[0.679s] colcon.colcon_core.package_identification Level 1 _identify(tests/streaming/__pycache__) by extensions ['colcon_pkg']
[0.679s] colcon.colcon_core.package_identification Level 1 _identify(tests/streaming/__pycache__) by extension 'colcon_pkg'
[0.680s] colcon.colcon_core.package_identification Level 1 _identify(tests/streaming/__pycache__) by extensions ['colcon_meta']
[0.680s] colcon.colcon_core.package_identification Level 1 _identify(tests/streaming/__pycache__) by extension 'colcon_meta'
[0.680s] colcon.colcon_core.package_identification Level 1 _identify(tests/streaming/__pycache__) by extensions ['ros']
[0.680s] colcon.colcon_core.package_identification Level 1 _identify(tests/streaming/__pycache__) by extension 'ros'
[0.680s] colcon.colcon_core.package_identification Level 1 _identify(tests/streaming/__pycache__) by extensions ['cmake', 'python']
[0.680s] colcon.colcon_core.package_identification Level 1 _identify(tests/streaming/__pycache__) by extension 'cmake'
[0.680s] colcon.colcon_core.package_identification Level 1 _identify(tests/streaming/__pycache__) by extension 'python'
[0.680s] colcon.colcon_core.package_identification Level 1 _identify(tests/streaming/__pycache__) by extensions ['python_setup_py']
[0.680s] colcon.colcon_core.package_identification Level 1 _identify(tests/streaming/__pycache__) by extension 'python_setup_py'
[0.681s] colcon.colcon_core.package_discovery Level 1 discover_packages(recursive) using defaults
[0.681s] colcon.colcon_core.package_discovery Level 1 discover_packages(ignore) discover
[0.681s] colcon.colcon_core.package_discovery Level 1 discover_packages(ignore) using defaults
[0.681s] colcon.colcon_core.package_discovery Level 1 discover_packages(path) discover
[0.681s] colcon.colcon_core.package_discovery Level 1 discover_packages(path) using defaults
[0.727s] colcon.colcon_core.package_discovery Level 1 discover_packages(prefix_path) check parameters
[0.727s] colcon.colcon_core.package_discovery Level 1 discover_packages(prefix_path) discover
[0.734s] colcon.colcon_installed_package_information.package_discovery DEBUG Found 280 installed packages in /opt/ros/humble
[0.740s] colcon.colcon_core.package_discovery Level 1 discover_packages(prefix_path) using defaults
[0.861s] colcon.colcon_core.verb Level 5 set package 'ryugu_control' build argument 'cmake_args' from command line to 'None'
[0.861s] colcon.colcon_core.verb Level 5 set package 'ryugu_control' build argument 'cmake_target' from command line to 'None'
[0.861s] colcon.colcon_core.verb Level 5 set package 'ryugu_control' build argument 'cmake_target_skip_unavailable' from command line to 'False'
[0.862s] colcon.colcon_core.verb Level 5 set package 'ryugu_control' build argument 'cmake_clean_cache' from command line to 'False'
[0.862s] colcon.colcon_core.verb Level 5 set package 'ryugu_control' build argument 'cmake_clean_first' from command line to 'False'
[0.862s] colcon.colcon_core.verb Level 5 set package 'ryugu_control' build argument 'cmake_force_configure' from command line to 'False'
[0.862s] colcon.colcon_core.verb Level 5 set package 'ryugu_control' build argument 'ament_cmake_args' from command line to 'None'
[0.862s] colcon.colcon_core.verb Level 5 set package 'ryugu_control' build argument 'catkin_cmake_args' from command line to 'None'
[0.862s] colcon.colcon_core.verb Level 5 set package 'ryugu_control' build argument 'catkin_skip_building_tests' from command line to 'False'
[0.862s] colcon.colcon_core.verb DEBUG Building package 'ryugu_control' with the following arguments: {'ament_cmake_args': None, 'build_base': '/home/icad/RYUGU-ROV-CompanionComputer/build/ryugu_control', 'catkin_cmake_args': None, 'catkin_skip_building_tests': False, 'cmake_args': None, 'cmake_clean_cache': False, 'cmake_clean_first': False, 'cmake_force_configure': False, 'cmake_target': None, 'cmake_target_skip_unavailable': False, 'install_base': '/home/icad/RYUGU-ROV-CompanionComputer/install/ryugu_control', 'merge_install': False, 'path': '/home/icad/RYUGU-ROV-CompanionComputer/src/ryugu_control', 'symlink_install': True, 'test_result_base': None}
[0.863s] colcon.colcon_core.executor INFO Executing jobs using 'parallel' executor
[0.865s] colcon.colcon_parallel_executor.executor.parallel DEBUG run_until_complete
[0.866s] colcon.colcon_ros.task.ament_python.build INFO Building ROS package in '/home/icad/RYUGU-ROV-CompanionComputer/src/ryugu_control' with build type 'ament_python'
[0.866s] colcon.colcon_core.shell Level 1 create_environment_hook('ryugu_control', 'ament_prefix_path')
[0.877s] colcon.colcon_core.plugin_system INFO Skipping extension 'colcon_core.shell.bat': Not used on non-Windows systems
[0.877s] colcon.colcon_core.shell INFO Creating environment hook '/home/icad/RYUGU-ROV-CompanionComputer/install/ryugu_control/share/ryugu_control/hook/ament_prefix_path.ps1'
[0.880s] colcon.colcon_core.shell INFO Creating environment descriptor '/home/icad/RYUGU-ROV-CompanionComputer/install/ryugu_control/share/ryugu_control/hook/ament_prefix_path.dsv'
[0.882s] colcon.colcon_core.shell INFO Creating environment hook '/home/icad/RYUGU-ROV-CompanionComputer/install/ryugu_control/share/ryugu_control/hook/ament_prefix_path.sh'
[0.885s] colcon.colcon_core.shell INFO Skip shell extension 'powershell' for command environment: Not usable outside of PowerShell
[0.885s] colcon.colcon_core.shell DEBUG Skip shell extension 'dsv' for command environment
[1.598s] colcon.colcon_core.task.python.build INFO Building Python package in '/home/icad/RYUGU-ROV-CompanionComputer/src/ryugu_control'
[1.600s] colcon.colcon_core.shell INFO Skip shell extension 'powershell' for command environment: Not usable outside of PowerShell
[1.600s] colcon.colcon_core.shell DEBUG Skip shell extension 'dsv' for command environment
[3.524s] colcon.colcon_core.task.python.build DEBUG Available setuptools commands: build_scripts, saveopts, upload, bdist_dumb, register, install, easy_install, symlink_data, build_ext, dist_info, bdist, bdist_egg, rotate, upload_docs, bdist_rpm, develop, install_headers, build_clib, install_egg_info, build_py, install_lib, clean, install_scripts, editable_wheel, setopt, sdist, bdist_wheel, check, egg_info, test, alias, install_data, build
[4.542s] colcon.colcon_core.task.python.build DEBUG Available setuptools 'develop' options: --build-directory, --version, --allow-hosts, --quiet, --record, --no-user-cfg, --script-dir, --local-snapshots-ok, --multi-version, --index-url, --help, --no-find-links, --exclude-scripts, --editable, --optimize, --site-dirs, --always-unzip, --install-dir, --zip-ok, --always-copy, --user, --verbose, --egg-path, --find-links, --no-deps, --dry-run, --prefix, --uninstall, --upgrade
[4.545s] colcon.colcon_core.event_handler.log_command DEBUG Invoking command in '/home/icad/RYUGU-ROV-CompanionComputer/build/ryugu_control': PYTHONPATH=/home/icad/RYUGU-ROV-CompanionComputer/build/ryugu_control/prefix_override:/usr/lib/python3/dist-packages/colcon_core/task/python/colcon_distutils_commands:/home/icad/RYUGU-ROV-CompanionComputer/install/ryugu_control/lib/python3.10/site-packages:${PYTHONPATH} /usr/bin/python3 -W ignore:setup.py install is deprecated -W ignore:easy_install command is deprecated setup.py develop --editable --build-directory /home/icad/RYUGU-ROV-CompanionComputer/build/ryugu_control/build --no-deps symlink_data
[6.960s] colcon.colcon_core.shell Level 1 create_environment_hook('ryugu_control', 'pythonpath_develop')
[6.961s] colcon.colcon_core.shell INFO Creating environment hook '/home/icad/RYUGU-ROV-CompanionComputer/build/ryugu_control/share/ryugu_control/hook/pythonpath_develop.ps1'
[6.964s] colcon.colcon_core.shell INFO Creating environment descriptor '/home/icad/RYUGU-ROV-CompanionComputer/build/ryugu_control/share/ryugu_control/hook/pythonpath_develop.dsv'
[6.967s] colcon.colcon_core.event_handler.log_command DEBUG Invoked command in '/home/icad/RYUGU-ROV-CompanionComputer/build/ryugu_control' returned '0': PYTHONPATH=/home/icad/RYUGU-ROV-CompanionComputer/build/ryugu_control/prefix_override:/usr/lib/python3/dist-packages/colcon_core/task/python/colcon_distutils_commands:/home/icad/RYUGU-ROV-CompanionComputer/install/ryugu_control/lib/python3.10/site-packages:${PYTHONPATH} /usr/bin/python3 -W ignore:setup.py install is deprecated -W ignore:easy_install command is deprecated setup.py develop --editable --build-directory /home/icad/RYUGU-ROV-CompanionComputer/build/ryugu_control/build --no-deps symlink_data
[6.968s] colcon.colcon_core.shell INFO Creating environment hook '/home/icad/RYUGU-ROV-CompanionComputer/build/ryugu_control/share/ryugu_control/hook/pythonpath_develop.sh'
[6.982s] colcon.colcon_core.environment Level 1 checking '/home/icad/RYUGU-ROV-CompanionComputer/install/ryugu_control' for CMake module files
[6.984s] colcon.colcon_core.environment Level 1 checking '/home/icad/RYUGU-ROV-CompanionComputer/install/ryugu_control' for CMake config files
[6.987s] colcon.colcon_core.environment Level 1 checking '/home/icad/RYUGU-ROV-CompanionComputer/install/ryugu_control/lib'
[6.987s] colcon.colcon_core.environment Level 1 checking '/home/icad/RYUGU-ROV-CompanionComputer/install/ryugu_control/bin'
[6.987s] colcon.colcon_core.environment Level 1 checking '/home/icad/RYUGU-ROV-CompanionComputer/install/ryugu_control/lib/pkgconfig/ryugu_control.pc'
[6.988s] colcon.colcon_core.environment Level 1 checking '/home/icad/RYUGU-ROV-CompanionComputer/install/ryugu_control/lib/python3.10/site-packages'
[6.988s] colcon.colcon_core.shell Level 1 create_environment_hook('ryugu_control', 'pythonpath')
[6.989s] colcon.colcon_core.shell INFO Creating environment hook '/home/icad/RYUGU-ROV-CompanionComputer/install/ryugu_control/share/ryugu_control/hook/pythonpath.ps1'
[6.990s] colcon.colcon_core.shell INFO Creating environment descriptor '/home/icad/RYUGU-ROV-CompanionComputer/install/ryugu_control/share/ryugu_control/hook/pythonpath.dsv'
[6.991s] colcon.colcon_core.shell INFO Creating environment hook '/home/icad/RYUGU-ROV-CompanionComputer/install/ryugu_control/share/ryugu_control/hook/pythonpath.sh'
[6.993s] colcon.colcon_core.environment Level 1 checking '/home/icad/RYUGU-ROV-CompanionComputer/install/ryugu_control/bin'
[6.993s] colcon.colcon_core.environment Level 1 create_environment_scripts_only(ryugu_control)
[6.994s] colcon.colcon_core.shell INFO Creating package script '/home/icad/RYUGU-ROV-CompanionComputer/install/ryugu_control/share/ryugu_control/package.ps1'
[6.999s] colcon.colcon_core.shell INFO Creating package descriptor '/home/icad/RYUGU-ROV-CompanionComputer/install/ryugu_control/share/ryugu_control/package.dsv'
[7.001s] colcon.colcon_core.shell INFO Creating package script '/home/icad/RYUGU-ROV-CompanionComputer/install/ryugu_control/share/ryugu_control/package.sh'
[7.003s] colcon.colcon_core.shell INFO Creating package script '/home/icad/RYUGU-ROV-CompanionComputer/install/ryugu_control/share/ryugu_control/package.bash'
[7.005s] colcon.colcon_core.shell INFO Creating package script '/home/icad/RYUGU-ROV-CompanionComputer/install/ryugu_control/share/ryugu_control/package.zsh'
[7.008s] colcon.colcon_core.environment Level 1 create_file_with_runtime_dependencies(/home/icad/RYUGU-ROV-CompanionComputer/install/ryugu_control/share/colcon-core/packages/ryugu_control)
[7.010s] colcon.colcon_parallel_executor.executor.parallel DEBUG closing loop
[7.011s] colcon.colcon_parallel_executor.executor.parallel DEBUG loop closed
[7.011s] colcon.colcon_parallel_executor.executor.parallel DEBUG run_until_complete finished with '0'
[7.011s] colcon.colcon_core.event_reactor DEBUG joining thread
[7.012s] colcon.colcon_core.event_reactor DEBUG joined thread
[7.012s] colcon.colcon_core.shell INFO Creating prefix script '/home/icad/RYUGU-ROV-CompanionComputer/install/local_setup.ps1'
[7.015s] colcon.colcon_core.shell INFO Creating prefix util module '/home/icad/RYUGU-ROV-CompanionComputer/install/_local_setup_util_ps1.py'
[7.018s] colcon.colcon_core.shell INFO Creating prefix chain script '/home/icad/RYUGU-ROV-CompanionComputer/install/setup.ps1'
[7.021s] colcon.colcon_core.shell INFO Creating prefix script '/home/icad/RYUGU-ROV-CompanionComputer/install/local_setup.sh'
[7.023s] colcon.colcon_core.shell INFO Creating prefix util module '/home/icad/RYUGU-ROV-CompanionComputer/install/_local_setup_util_sh.py'
[7.025s] colcon.colcon_core.shell INFO Creating prefix chain script '/home/icad/RYUGU-ROV-CompanionComputer/install/setup.sh'
[7.028s] colcon.colcon_core.shell INFO Creating prefix script '/home/icad/RYUGU-ROV-CompanionComputer/install/local_setup.bash'
[7.030s] colcon.colcon_core.shell INFO Creating prefix chain script '/home/icad/RYUGU-ROV-CompanionComputer/install/setup.bash'
[7.035s] colcon.colcon_core.shell INFO Creating prefix script '/home/icad/RYUGU-ROV-CompanionComputer/install/local_setup.zsh'
[7.037s] colcon.colcon_core.shell INFO Creating prefix chain script '/home/icad/RYUGU-ROV-CompanionComputer/install/setup.zsh'
